Archive member included to satisfy reference by file (symbol)

c:/program files (x86)/atollic/truestudio for stm32 9.1.0/armtools/bin/../lib/gcc/arm-atollic-eabi/6.3.1/../../../../arm-atollic-eabi/lib/armv7e-m/fpu\libc_nano.a(lib_a-atoi.o)
                              Src\web_server.o (atoi)
c:/program files (x86)/atollic/truestudio for stm32 9.1.0/armtools/bin/../lib/gcc/arm-atollic-eabi/6.3.1/../../../../arm-atollic-eabi/lib/armv7e-m/fpu\libc_nano.a(lib_a-init.o)
                              startup\startup_stm32f407xx.o (__libc_init_array)
c:/program files (x86)/atollic/truestudio for stm32 9.1.0/armtools/bin/../lib/gcc/arm-atollic-eabi/6.3.1/../../../../arm-atollic-eabi/lib/armv7e-m/fpu\libc_nano.a(lib_a-itoa.o)
                              Src\log.o (itoa)
c:/program files (x86)/atollic/truestudio for stm32 9.1.0/armtools/bin/../lib/gcc/arm-atollic-eabi/6.3.1/../../../../arm-atollic-eabi/lib/armv7e-m/fpu\libc_nano.a(lib_a-memcmp.o)
                              Middlewares\Third_Party\LwIP\src\netif\ethernet.o (memcmp)
c:/program files (x86)/atollic/truestudio for stm32 9.1.0/armtools/bin/../lib/gcc/arm-atollic-eabi/6.3.1/../../../../arm-atollic-eabi/lib/armv7e-m/fpu\libc_nano.a(lib_a-memcpy-stub.o)
                              Middlewares\Third_Party\FreeRTOS\Source\queue.o (memcpy)
c:/program files (x86)/atollic/truestudio for stm32 9.1.0/armtools/bin/../lib/gcc/arm-atollic-eabi/6.3.1/../../../../arm-atollic-eabi/lib/armv7e-m/fpu\libc_nano.a(lib_a-memset.o)
                              Middlewares\Third_Party\LwIP\src\apps\httpd\httpd.o (memset)
c:/program files (x86)/atollic/truestudio for stm32 9.1.0/armtools/bin/../lib/gcc/arm-atollic-eabi/6.3.1/../../../../arm-atollic-eabi/lib/armv7e-m/fpu\libc_nano.a(lib_a-strchr.o)
                              Middlewares\Third_Party\LwIP\src\apps\httpd\httpd.o (strchr)
c:/program files (x86)/atollic/truestudio for stm32 9.1.0/armtools/bin/../lib/gcc/arm-atollic-eabi/6.3.1/../../../../arm-atollic-eabi/lib/armv7e-m/fpu\libc_nano.a(lib_a-strcmp.o)
                              Middlewares\Third_Party\LwIP\src\apps\httpd\fs.o (strcmp)
c:/program files (x86)/atollic/truestudio for stm32 9.1.0/armtools/bin/../lib/gcc/arm-atollic-eabi/6.3.1/../../../../arm-atollic-eabi/lib/armv7e-m/fpu\libc_nano.a(lib_a-strcpy.o)
                              Src\log.o (strcpy)
c:/program files (x86)/atollic/truestudio for stm32 9.1.0/armtools/bin/../lib/gcc/arm-atollic-eabi/6.3.1/../../../../arm-atollic-eabi/lib/armv7e-m/fpu\libc_nano.a(lib_a-strlen.o)
                              Middlewares\Third_Party\LwIP\src\apps\httpd\httpd.o (strlen)
c:/program files (x86)/atollic/truestudio for stm32 9.1.0/armtools/bin/../lib/gcc/arm-atollic-eabi/6.3.1/../../../../arm-atollic-eabi/lib/armv7e-m/fpu\libc_nano.a(lib_a-strncmp.o)
                              Middlewares\Third_Party\LwIP\src\apps\httpd\httpd.o (strncmp)
c:/program files (x86)/atollic/truestudio for stm32 9.1.0/armtools/bin/../lib/gcc/arm-atollic-eabi/6.3.1/../../../../arm-atollic-eabi/lib/armv7e-m/fpu\libc_nano.a(lib_a-strtol.o)
                              c:/program files (x86)/atollic/truestudio for stm32 9.1.0/armtools/bin/../lib/gcc/arm-atollic-eabi/6.3.1/../../../../arm-atollic-eabi/lib/armv7e-m/fpu\libc_nano.a(lib_a-atoi.o) (_strtol_r)
c:/program files (x86)/atollic/truestudio for stm32 9.1.0/armtools/bin/../lib/gcc/arm-atollic-eabi/6.3.1/../../../../arm-atollic-eabi/lib/armv7e-m/fpu\libc_nano.a(lib_a-utoa.o)
                              c:/program files (x86)/atollic/truestudio for stm32 9.1.0/armtools/bin/../lib/gcc/arm-atollic-eabi/6.3.1/../../../../arm-atollic-eabi/lib/armv7e-m/fpu\libc_nano.a(lib_a-itoa.o) (__utoa)
c:/program files (x86)/atollic/truestudio for stm32 9.1.0/armtools/bin/../lib/gcc/arm-atollic-eabi/6.3.1/../../../../arm-atollic-eabi/lib/armv7e-m/fpu\libc_nano.a(lib_a-impure.o)
                              c:/program files (x86)/atollic/truestudio for stm32 9.1.0/armtools/bin/../lib/gcc/arm-atollic-eabi/6.3.1/../../../../arm-atollic-eabi/lib/armv7e-m/fpu\libc_nano.a(lib_a-strtol.o) (_impure_ptr)
c:/program files (x86)/atollic/truestudio for stm32 9.1.0/armtools/bin/../lib/gcc/arm-atollic-eabi/6.3.1/../../../../arm-atollic-eabi/lib/armv7e-m/fpu\libc_nano.a(lib_a-locale.o)
                              c:/program files (x86)/atollic/truestudio for stm32 9.1.0/armtools/bin/../lib/gcc/arm-atollic-eabi/6.3.1/../../../../arm-atollic-eabi/lib/armv7e-m/fpu\libc_nano.a(lib_a-strtol.o) (__locale_ctype_ptr_l)
c:/program files (x86)/atollic/truestudio for stm32 9.1.0/armtools/bin/../lib/gcc/arm-atollic-eabi/6.3.1/../../../../arm-atollic-eabi/lib/armv7e-m/fpu\libc_nano.a(lib_a-mbtowc_r.o)
                              c:/program files (x86)/atollic/truestudio for stm32 9.1.0/armtools/bin/../lib/gcc/arm-atollic-eabi/6.3.1/../../../../arm-atollic-eabi/lib/armv7e-m/fpu\libc_nano.a(lib_a-locale.o) (__ascii_mbtowc)
[...]
Memory Configuration

Name             Origin             Length             Attributes
RAM              0x20000000         0x00020000         xrw
CCMRAM           0x10000000         0x00010000         rw
FLASH_ISR        0x08000000         0x00008000         xr
FLASH_EEPROM     0x08008000         0x00008000         xrw
FLASH_CODE       0x08010000         0x00070000         xr
*default*        0x00000000         0xffffffff

Linker script and memory map

LOAD c:/program files (x86)/atollic/truestudio for stm32 9.1.0/armtools/bin/../lib/gcc/arm-atollic-eabi/6.3.1/armv7e-m/fpu/crti.o
LOAD c:/program files (x86)/atollic/truestudio for stm32 9.1.0/armtools/bin/../lib/gcc/arm-atollic-eabi/6.3.1/armv7e-m/fpu/crtbegin.o
LOAD Drivers\STM32F4xx_HAL_Driver\Src\stm32f4xx_hal.o
LOAD Drivers\STM32F4xx_HAL_Driver\Src\stm32f4xx_hal_cortex.o
LOAD Drivers\STM32F4xx_HAL_Driver\Src\stm32f4xx_hal_dma.o
LOAD Drivers\STM32F4xx_HAL_Driver\Src\stm32f4xx_hal_dma_ex.o
LOAD Drivers\STM32F4xx_HAL_Driver\Src\stm32f4xx_hal_eth.o
LOAD Drivers\STM32F4xx_HAL_Driver\Src\stm32f4xx_hal_flash.o
LOAD Drivers\STM32F4xx_HAL_Driver\Src\stm32f4xx_hal_flash_ex.o
LOAD Drivers\STM32F4xx_HAL_Driver\Src\stm32f4xx_hal_flash_ramfunc.o
LOAD Drivers\STM32F4xx_HAL_Driver\Src\stm32f4xx_hal_gpio.o
LOAD Drivers\STM32F4xx_HAL_Driver\Src\stm32f4xx_hal_pwr.o
LOAD Drivers\STM32F4xx_HAL_Driver\Src\stm32f4xx_hal_pwr_ex.o
LOAD Drivers\STM32F4xx_HAL_Driver\Src\stm32f4xx_hal_rcc.o
LOAD Drivers\STM32F4xx_HAL_Driver\Src\stm32f4xx_hal_rcc_ex.o
LOAD Drivers\STM32F4xx_HAL_Driver\Src\stm32f4xx_hal_tim.o
LOAD Drivers\STM32F4xx_HAL_Driver\Src\stm32f4xx_hal_tim_ex.o
LOAD Drivers\STM32F4xx_HAL_Driver\Src\stm32f4xx_hal_uart.o
LOAD Middlewares\Third_Party\FreeRTOS\Source\CMSIS_RTOS\cmsis_os.o
LOAD Middlewares\Third_Party\FreeRTOS\Source\croutine.o
LOAD Middlewares\Third_Party\FreeRTOS\Source\event_groups.o
LOAD Middlewares\Third_Party\FreeRTOS\Source\list.o
LOAD Middlewares\Third_Party\FreeRTOS\Source\portable\GCC\ARM_CM4F\port.o
LOAD Middlewares\Third_Party\FreeRTOS\Source\portable\MemMang\heap_4.o
LOAD Middlewares\Third_Party\FreeRTOS\Source\queue.o
LOAD Middlewares\Third_Party\FreeRTOS\Source\tasks.o
LOAD Middlewares\Third_Party\FreeRTOS\Source\timers.o
LOAD Middlewares\Third_Party\LwIP\src\api\api_lib.o
LOAD Middlewares\Third_Party\LwIP\src\api\api_msg.o
LOAD Middlewares\Third_Party\LwIP\src\api\err.o
LOAD Middlewares\Third_Party\LwIP\src\api\netbuf.o
LOAD Middlewares\Third_Party\LwIP\src\api\netdb.o
LOAD Middlewares\Third_Party\LwIP\src\api\netifapi.o
LOAD Middlewares\Third_Party\LwIP\src\api\sockets.o
LOAD Middlewares\Third_Party\LwIP\src\api\tcpip.o
LOAD Middlewares\Third_Party\LwIP\src\apps\httpd\fs.o
LOAD Middlewares\Third_Party\LwIP\src\apps\httpd\httpd.o
LOAD Middlewares\Third_Party\LwIP\src\apps\mqtt\mqtt.o
LOAD Middlewares\Third_Party\LwIP\src\core\def.o
LOAD Middlewares\Third_Party\LwIP\src\core\dns.o
LOAD Middlewares\Third_Party\LwIP\src\core\inet_chksum.o
LOAD Middlewares\Third_Party\LwIP\src\core\init.o
LOAD Middlewares\Third_Party\LwIP\src\core\ip.o
LOAD Middlewares\Third_Party\LwIP\src\core\ipv4\autoip.o
LOAD Middlewares\Third_Party\LwIP\src\core\ipv4\dhcp.o
LOAD Middlewares\Third_Party\LwIP\src\core\ipv4\etharp.o
LOAD Middlewares\Third_Party\LwIP\src\core\ipv4\icmp.o
LOAD Middlewares\Third_Party\LwIP\src\core\ipv4\igmp.o
LOAD Middlewares\Third_Party\LwIP\src\core\ipv4\ip4.o
LOAD Middlewares\Third_Party\LwIP\src\core\ipv4\ip4_addr.o
LOAD Middlewares\Third_Party\LwIP\src\core\ipv4\ip4_frag.o
LOAD Middlewares\Third_Party\LwIP\src\core\ipv6\dhcp6.o
LOAD Middlewares\Third_Party\LwIP\src\core\ipv6\ethip6.o
LOAD Middlewares\Third_Party\LwIP\src\core\ipv6\icmp6.o
LOAD Middlewares\Third_Party\LwIP\src\core\ipv6\inet6.o
LOAD Middlewares\Third_Party\LwIP\src\core\ipv6\ip6.o
LOAD Middlewares\Third_Party\LwIP\src\core\ipv6\ip6_addr.o
LOAD Middlewares\Third_Party\LwIP\src\core\ipv6\ip6_frag.o
LOAD Middlewares\Third_Party\LwIP\src\core\ipv6\mld6.o
LOAD Middlewares\Third_Party\LwIP\src\core\ipv6\nd6.o
LOAD Middlewares\Third_Party\LwIP\src\core\mem.o
LOAD Middlewares\Third_Party\LwIP\src\core\memp.o
LOAD Middlewares\Third_Party\LwIP\src\core\netif.o
LOAD Middlewares\Third_Party\LwIP\src\core\pbuf.o
LOAD Middlewares\Third_Party\LwIP\src\core\raw.o
LOAD Middlewares\Third_Party\LwIP\src\core\stats.o
LOAD Middlewares\Third_Party\LwIP\src\core\sys.o
LOAD Middlewares\Third_Party\LwIP\src\core\tcp.o
LOAD Middlewares\Third_Party\LwIP\src\core\tcp_in.o
LOAD Middlewares\Third_Party\LwIP\src\core\tcp_out.o
LOAD Middlewares\Third_Party\LwIP\src\core\timeouts.o
LOAD Middlewares\Third_Party\LwIP\src\core\udp.o
LOAD Middlewares\Third_Party\LwIP\src\netif\ethernet.o
LOAD Middlewares\Third_Party\LwIP\src\netif\lowpan6.o
LOAD Middlewares\Third_Party\LwIP\src\netif\ppp\auth.o
LOAD Middlewares\Third_Party\LwIP\src\netif\ppp\ccp.o
LOAD Middlewares\Third_Party\LwIP\src\netif\ppp\chap-md5.o
LOAD Middlewares\Third_Party\LwIP\src\netif\ppp\chap-new.o
LOAD Middlewares\Third_Party\LwIP\src\netif\ppp\chap_ms.o
LOAD Middlewares\Third_Party\LwIP\src\netif\ppp\demand.o
LOAD Middlewares\Third_Party\LwIP\src\netif\ppp\eap.o
LOAD Middlewares\Third_Party\LwIP\src\netif\ppp\ecp.o
LOAD Middlewares\Third_Party\LwIP\src\netif\ppp\eui64.o
LOAD Middlewares\Third_Party\LwIP\src\netif\ppp\fsm.o
LOAD Middlewares\Third_Party\LwIP\src\netif\ppp\ipcp.o
LOAD Middlewares\Third_Party\LwIP\src\netif\ppp\ipv6cp.o
LOAD Middlewares\Third_Party\LwIP\src\netif\ppp\lcp.o
LOAD Middlewares\Third_Party\LwIP\src\netif\ppp\magic.o
LOAD Middlewares\Third_Party\LwIP\src\netif\ppp\mppe.o
LOAD Middlewares\Third_Party\LwIP\src\netif\ppp\multilink.o
LOAD Middlewares\Third_Party\LwIP\src\netif\ppp\ppp.o
LOAD Middlewares\Third_Party\LwIP\src\netif\ppp\pppapi.o
LOAD Middlewares\Third_Party\LwIP\src\netif\ppp\pppcrypt.o
LOAD Middlewares\Third_Party\LwIP\src\netif\ppp\pppoe.o
LOAD Middlewares\Third_Party\LwIP\src\netif\ppp\pppol2tp.o
LOAD Middlewares\Third_Party\LwIP\src\netif\ppp\pppos.o
LOAD Middlewares\Third_Party\LwIP\src\netif\ppp\upap.o
LOAD Middlewares\Third_Party\LwIP\src\netif\ppp\utils.o
LOAD Middlewares\Third_Party\LwIP\src\netif\ppp\vj.o
LOAD Middlewares\Third_Party\LwIP\src\netif\slipif.o
LOAD Middlewares\Third_Party\LwIP\system\OS\sys_arch.o
LOAD Src\circbuff.o
LOAD Src\config_AI.o
LOAD Src\dma.o
LOAD Src\eeprom.o
LOAD Src\ethernetif.o
LOAD Src\freertos.o
LOAD Src\gpio.o
LOAD Src\log.o
LOAD Src\lwip.o
LOAD Src\main.o
LOAD Src\processUART.o
LOAD Src\stm32f4xx_hal_msp.o
LOAD Src\stm32f4xx_hal_timebase_tim.o
LOAD Src\stm32f4xx_it.o
LOAD Src\syscalls.o
LOAD Src\system_stm32f4xx.o
LOAD Src\tim.o
LOAD Src\tiny_printf.o
LOAD Src\usart.o
LOAD Src\web_server.o
LOAD startup\startup_stm32f407xx.o
                0x00000080                malloc_getpagesize_P = 0x80
START GROUP
LOAD c:/program files (x86)/atollic/truestudio for stm32 9.1.0/armtools/bin/../lib/gcc/arm-atollic-eabi/6.3.1/../../../../arm-atollic-eabi/lib/armv7e-m/fpu\libc_nano.a
LOAD c:/program files (x86)/atollic/truestudio for stm32 9.1.0/armtools/bin/../lib/gcc/arm-atollic-eabi/6.3.1/../../../../arm-atollic-eabi/lib/armv7e-m/fpu\libm.a
END GROUP
START GROUP
LOAD c:/program files (x86)/atollic/truestudio for stm32 9.1.0/armtools/bin/../lib/gcc/arm-atollic-eabi/6.3.1/armv7e-m/fpu\libgcc.a
LOAD c:/program files (x86)/atollic/truestudio for stm32 9.1.0/armtools/bin/../lib/gcc/arm-atollic-eabi/6.3.1/../../../../arm-atollic-eabi/lib/armv7e-m/fpu\libc_nano.a
END GROUP
START GROUP
LOAD c:/program files (x86)/atollic/truestudio for stm32 9.1.0/armtools/bin/../lib/gcc/arm-atollic-eabi/6.3.1/armv7e-m/fpu\libgcc.a
LOAD c:/program files (x86)/atollic/truestudio for stm32 9.1.0/armtools/bin/../lib/gcc/arm-atollic-eabi/6.3.1/../../../../arm-atollic-eabi/lib/armv7e-m/fpu\libc_nano.a
LOAD c:/program files (x86)/atollic/truestudio for stm32 9.1.0/armtools/bin/../lib/gcc/arm-atollic-eabi/6.3.1/../../../../arm-atollic-eabi/lib/armv7e-m/fpu\libnosys.a
END GROUP
START GROUP
LOAD c:/program files (x86)/atollic/truestudio for stm32 9.1.0/armtools/bin/../lib/gcc/arm-atollic-eabi/6.3.1/armv7e-m/fpu\libgcc.a
LOAD c:/program files (x86)/atollic/truestudio for stm32 9.1.0/armtools/bin/../lib/gcc/arm-atollic-eabi/6.3.1/../../../../arm-atollic-eabi/lib/armv7e-m/fpu\libc_nano.a
LOAD c:/program files (x86)/atollic/truestudio for stm32 9.1.0/armtools/bin/../lib/gcc/arm-atollic-eabi/6.3.1/../../../../arm-atollic-eabi/lib/armv7e-m/fpu\libnosys.a
END GROUP
LOAD c:/program files (x86)/atollic/truestudio for stm32 9.1.0/armtools/bin/../lib/gcc/arm-atollic-eabi/6.3.1/armv7e-m/fpu/crtend.o
LOAD c:/program files (x86)/atollic/truestudio for stm32 9.1.0/armtools/bin/../lib/gcc/arm-atollic-eabi/6.3.1/armv7e-m/fpu/crtn.o
                0x20020000                _estack = 0x20020000
                0x00008000                _Min_Heap_Size = 0x8000
                0x00008000                _Min_Stack_Size = 0x8000

.isr_vector     0x08000000      0x188
                0x08000000                . = ALIGN (0x4)
 *(.isr_vector)
 .isr_vector    0x08000000      0x188 startup\startup_stm32f407xx.o
                0x08000000                g_pfnVectors
                0x08000188                . = ALIGN (0x4)

.eeprom_emul    0x08008000        0x0
                0x08008000                . = ALIGN (0x4)
 *(.EEPROM_Emul*)
                0x08008000                . = ALIGN (0x4)

.text           0x08010000     0xe858
                0x08010000                . = ALIGN (0x4)
 *(.text)
 .text          0x08010000       0x40 c:/program files (x86)/atollic/truestudio for stm32 9.1.0/armtools/bin/../lib/gcc/arm-atollic-eabi/6.3.1/armv7e-m/fpu/crtbegin.o
 .text          0x08010040       0x14 c:/program files (x86)/atollic/truestudio for stm32 9.1.0/armtools/bin/../lib/gcc/arm-atollic-eabi/6.3.1/../../../../arm-atollic-eabi/lib/armv7e-m/fpu\libc_nano.a(lib_a-strcmp.o)
                0x08010040                strcmp
 .text          0x08010054       0x10 c:/program files (x86)/atollic/truestudio for stm32 9.1.0/armtools/bin/../lib/gcc/arm-atollic-eabi/6.3.1/../../../../arm-atollic-eabi/lib/armv7e-m/fpu\libc_nano.a(lib_a-strlen.o)
                0x08010054                strlen
 .text          0x08010064       0x30 c:/program files (x86)/atollic/truestudio for stm32 9.1.0/armtools/bin/../lib/gcc/arm-atollic-eabi/6.3.1/armv7e-m/fpu\libgcc.a(_aeabi_uldivmod.o)
                0x08010064                __aeabi_uldivmod
 .text          0x08010094      0x2dc c:/program files (x86)/atollic/truestudio for stm32 9.1.0/armtools/bin/../lib/gcc/arm-atollic-eabi/6.3.1/armv7e-m/fpu\libgcc.a(_udivmoddi4.o)
                0x08010094                __udivmoddi4
 .text          0x08010370        0x4 c:/program files (x86)/atollic/truestudio for stm32 9.1.0/armtools/bin/../lib/gcc/arm-atollic-eabi/6.3.1/armv7e-m/fpu\libgcc.a(_dvmd_tls.o)
                0x08010370                __aeabi_idiv0
                0x08010370                __aeabi_ldiv0
 *(.text*)
 .text.HAL_Init
                0x08010374       0x34 Drivers\STM32F4xx_HAL_Driver\Src\stm32f4xx_hal.o
                0x08010374                HAL_Init
 .text.HAL_IncTick
                0x080103a8       0x18 Drivers\STM32F4xx_HAL_Driver\Src\stm32f4xx_hal.o
                0x080103a8                HAL_IncTick
 .text.HAL_GetTick
                0x080103c0        0xc Drivers\STM32F4xx_HAL_Driver\Src\stm32f4xx_hal.o
                0x080103c0                HAL_GetTick
 .text.HAL_Delay
                0x080103cc       0x28 Drivers\STM32F4xx_HAL_Driver\Src\stm32f4xx_hal.o
                0x080103cc                HAL_Delay
 .text.HAL_NVIC_SetPriorityGrouping
                0x080103f4       0x24 Drivers\STM32F4xx_HAL_Driver\Src\stm32f4xx_hal_cortex.o
                0x080103f4                HAL_NVIC_SetPriorityGrouping
 .text.HAL_NVIC_SetPriority
                0x08010418       0x64 Drivers\STM32F4xx_HAL_Driver\Src\stm32f4xx_hal_cortex.o
                0x08010418                HAL_NVIC_SetPriority
 .text.HAL_NVIC_EnableIRQ
                0x0801047c       0x18 Drivers\STM32F4xx_HAL_Driver\Src\stm32f4xx_hal_cortex.o
                0x0801047c                HAL_NVIC_EnableIRQ
 .text.HAL_NVIC_DisableIRQ
                0x08010494       0x1c Drivers\STM32F4xx_HAL_Driver\Src\stm32f4xx_hal_cortex.o
                0x08010494                HAL_NVIC_DisableIRQ
 .text.DMA_SetConfig
                0x080104b0       0x2c Drivers\STM32F4xx_HAL_Driver\Src\stm32f4xx_hal_dma.o
 .text.DMA_CalcBaseAndBitshift
                0x080104dc       0x3c Drivers\STM32F4xx_HAL_Driver\Src\stm32f4xx_hal_dma.o
 .text.DMA_CheckFifoParam
                0x08010518       0x8e Drivers\STM32F4xx_HAL_Driver\Src\stm32f4xx_hal_dma.o
 *fill*         0x080105a6        0x2 
 .text.HAL_DMA_Init
                0x080105a8       0xd0 Drivers\STM32F4xx_HAL_Driver\Src\stm32f4xx_hal_dma.o
                0x080105a8                HAL_DMA_Init
 .text.HAL_DMA_DeInit
                0x08010678       0x58 Drivers\STM32F4xx_HAL_Driver\Src\stm32f4xx_hal_dma.o
                0x08010678                HAL_DMA_DeInit
 .text.HAL_DMA_Start_IT
                0x080106d0       0x74 Drivers\STM32F4xx_HAL_Driver\Src\stm32f4xx_hal_dma.o
                0x080106d0                HAL_DMA_Start_IT
 .text.HAL_DMA_Abort_IT
                0x08010744       0x26 Drivers\STM32F4xx_HAL_Driver\Src\stm32f4xx_hal_dma.o
                0x08010744                HAL_DMA_Abort_IT
 *fill*         0x0801076a        0x2 
 .text.HAL_DMA_IRQHandler
                0x0801076c      0x1dc Drivers\STM32F4xx_HAL_Driver\Src\stm32f4xx_hal_dma.o
                0x0801076c                HAL_DMA_IRQHandler
 .text.ETH_MACAddressConfig
                0x08010948       0x30 Drivers\STM32F4xx_HAL_Driver\Src\stm32f4xx_hal_eth.o
 .text.ETH_DMATransmissionEnable
                0x08010978       0x10 Drivers\STM32F4xx_HAL_Driver\Src\stm32f4xx_hal_eth.o
 .text.ETH_DMAReceptionEnable
                0x08010988       0x10 Drivers\STM32F4xx_HAL_Driver\Src\stm32f4xx_hal_eth.o
 .text.ETH_Delay
                0x08010998       0x2c Drivers\STM32F4xx_HAL_Driver\Src\stm32f4xx_hal_eth.o
 .text.ETH_MACTransmissionEnable
                0x080109c4       0x2a Drivers\STM32F4xx_HAL_Driver\Src\stm32f4xx_hal_eth.o
 .text.ETH_MACReceptionEnable
                0x080109ee       0x2a Drivers\STM32F4xx_HAL_Driver\Src\stm32f4xx_hal_eth.o
 .text.ETH_FlushTransmitFIFO
                0x08010a18       0x2e Drivers\STM32F4xx_HAL_Driver\Src\stm32f4xx_hal_eth.o
 *fill*         0x08010a46        0x2 
 .text.ETH_MACDMAConfig
                0x08010a48      0x118 Drivers\STM32F4xx_HAL_Driver\Src\stm32f4xx_hal_eth.o
 .text.HAL_ETH_DMATxDescListInit
                0x08010b60       0x72 Drivers\STM32F4xx_HAL_Driver\Src\stm32f4xx_hal_eth.o
                0x08010b60                HAL_ETH_DMATxDescListInit
 .text.HAL_ETH_DMARxDescListInit
                0x08010bd2       0x6c Drivers\STM32F4xx_HAL_Driver\Src\stm32f4xx_hal_eth.o
                0x08010bd2                HAL_ETH_DMARxDescListInit
 *fill*         0x08010c3e        0x2 
 .text.HAL_ETH_TransmitFrame
                0x08010c40      0x124 Drivers\STM32F4xx_HAL_Driver\Src\stm32f4xx_hal_eth.o
                0x08010c40                HAL_ETH_TransmitFrame
 .text.HAL_ETH_GetReceivedFrame_IT
                0x08010d64       0x98 Drivers\STM32F4xx_HAL_Driver\Src\stm32f4xx_hal_eth.o
                0x08010d64                HAL_ETH_GetReceivedFrame_IT
 .text.HAL_ETH_TxCpltCallback
                0x08010dfc        0x2 Drivers\STM32F4xx_HAL_Driver\Src\stm32f4xx_hal_eth.o
                0x08010dfc                HAL_ETH_TxCpltCallback
 .text.HAL_ETH_ErrorCallback
                0x08010dfe        0x2 Drivers\STM32F4xx_HAL_Driver\Src\stm32f4xx_hal_eth.o
                0x08010dfe                HAL_ETH_ErrorCallback
 .text.HAL_ETH_IRQHandler
                0x08010e00       0x8c Drivers\STM32F4xx_HAL_Driver\Src\stm32f4xx_hal_eth.o
                0x08010e00                HAL_ETH_IRQHandler
 .text.HAL_ETH_ReadPHYRegister
                0x08010e8c       0x78 Drivers\STM32F4xx_HAL_Driver\Src\stm32f4xx_hal_eth.o
                0x08010e8c                HAL_ETH_ReadPHYRegister
 .text.HAL_ETH_WritePHYRegister
                0x08010f04       0x74 Drivers\STM32F4xx_HAL_Driver\Src\stm32f4xx_hal_eth.o
                0x08010f04                HAL_ETH_WritePHYRegister
 .text.HAL_ETH_Init
                0x08010f78      0x258 Drivers\STM32F4xx_HAL_Driver\Src\stm32f4xx_hal_eth.o
                0x08010f78                HAL_ETH_Init
 .text.HAL_ETH_Start
                0x080111d0       0x44 Drivers\STM32F4xx_HAL_Driver\Src\stm32f4xx_hal_eth.o
                0x080111d0                HAL_ETH_Start
 .text.FLASH_Program_DoubleWord
                0x08011214       0x2c Drivers\STM32F4xx_HAL_Driver\Src\stm32f4xx_hal_flash.o
 .text.FLASH_Program_Word
                0x08011240       0x24 Drivers\STM32F4xx_HAL_Driver\Src\stm32f4xx_hal_flash.o
 .text.FLASH_Program_HalfWord
                0x08011264       0x24 Drivers\STM32F4xx_HAL_Driver\Src\stm32f4xx_hal_flash.o
 .text.FLASH_Program_Byte
                0x08011288       0x20 Drivers\STM32F4xx_HAL_Driver\Src\stm32f4xx_hal_flash.o
 .text.FLASH_SetErrorCode
                0x080112a8       0x8c Drivers\STM32F4xx_HAL_Driver\Src\stm32f4xx_hal_flash.o
 .text.HAL_FLASH_Unlock
                0x08011334       0x30 Drivers\STM32F4xx_HAL_Driver\Src\stm32f4xx_hal_flash.o
                0x08011334                HAL_FLASH_Unlock
 .text.FLASH_WaitForLastOperation
                0x08011364       0x64 Drivers\STM32F4xx_HAL_Driver\Src\stm32f4xx_hal_flash.o
                0x08011364                FLASH_WaitForLastOperation
 .text.HAL_FLASH_Program
                0x080113c8       0x84 Drivers\STM32F4xx_HAL_Driver\Src\stm32f4xx_hal_flash.o
                0x080113c8                HAL_FLASH_Program
 .text.FLASH_MassErase
                0x0801144c       0x24 Drivers\STM32F4xx_HAL_Driver\Src\stm32f4xx_hal_flash_ex.o
 .text.FLASH_Erase_Sector
                0x08011470       0x50 Drivers\STM32F4xx_HAL_Driver\Src\stm32f4xx_hal_flash_ex.o
                0x08011470                FLASH_Erase_Sector
 .text.FLASH_FlushCaches
                0x080114c0       0x60 Drivers\STM32F4xx_HAL_Driver\Src\stm32f4xx_hal_flash_ex.o
                0x080114c0                FLASH_FlushCaches
 .text.HAL_FLASHEx_Erase
                0x08011520       0x94 Drivers\STM32F4xx_HAL_Driver\Src\stm32f4xx_hal_flash_ex.o
                0x08011520                HAL_FLASHEx_Erase
 .text.HAL_GPIO_Init
                0x080115b4      0x1cc Drivers\STM32F4xx_HAL_Driver\Src\stm32f4xx_hal_gpio.o
                0x080115b4                HAL_GPIO_Init
 .text.HAL_GPIO_DeInit
                0x08011780      0x120 Drivers\STM32F4xx_HAL_Driver\Src\stm32f4xx_hal_gpio.o
                0x08011780                HAL_GPIO_DeInit
 .text.HAL_GPIO_WritePin
                0x080118a0        0xc Drivers\STM32F4xx_HAL_Driver\Src\stm32f4xx_hal_gpio.o
                0x080118a0                HAL_GPIO_WritePin
 .text.HAL_GPIO_TogglePin
                0x080118ac        0x8 Drivers\STM32F4xx_HAL_Driver\Src\stm32f4xx_hal_gpio.o
                0x080118ac                HAL_GPIO_TogglePin
 .text.HAL_RCC_OscConfig
                0x080118b4      0x398 Drivers\STM32F4xx_HAL_Driver\Src\stm32f4xx_hal_rcc.o
                0x080118b4                HAL_RCC_OscConfig
 .text.HAL_RCC_GetSysClockFreq
                0x08011c4c       0xa4 Drivers\STM32F4xx_HAL_Driver\Src\stm32f4xx_hal_rcc.o
                0x08011c4c                HAL_RCC_GetSysClockFreq
 .text.HAL_RCC_ClockConfig
                0x08011cf0      0x158 Drivers\STM32F4xx_HAL_Driver\Src\stm32f4xx_hal_rcc.o
                0x08011cf0                HAL_RCC_ClockConfig
 .text.HAL_RCC_GetHCLKFreq
                0x08011e48        0xc Drivers\STM32F4xx_HAL_Driver\Src\stm32f4xx_hal_rcc.o
                0x08011e48                HAL_RCC_GetHCLKFreq
 .text.HAL_RCC_GetPCLK1Freq
                0x08011e54       0x20 Drivers\STM32F4xx_HAL_Driver\Src\stm32f4xx_hal_rcc.o
                0x08011e54                HAL_RCC_GetPCLK1Freq
 .text.HAL_RCC_GetPCLK2Freq
                0x08011e74       0x20 Drivers\STM32F4xx_HAL_Driver\Src\stm32f4xx_hal_rcc.o
                0x08011e74                HAL_RCC_GetPCLK2Freq
 .text.HAL_RCC_GetClockConfig
                0x08011e94       0x3c Drivers\STM32F4xx_HAL_Driver\Src\stm32f4xx_hal_rcc.o
                0x08011e94                HAL_RCC_GetClockConfig
 .text.TIM_TI1_ConfigInputStage
                0x08011ed0       0x26 Drivers\STM32F4xx_HAL_Driver\Src\stm32f4xx_hal_tim.o
 .text.TIM_TI2_ConfigInputStage
                0x08011ef6       0x28 Drivers\STM32F4xx_HAL_Driver\Src\stm32f4xx_hal_tim.o
 .text.TIM_ITRx_SetConfig
                0x08011f1e       0x10 Drivers\STM32F4xx_HAL_Driver\Src\stm32f4xx_hal_tim.o
 .text.TIM_ETR_SetConfig
                0x08011f2e       0x18 Drivers\STM32F4xx_HAL_Driver\Src\stm32f4xx_hal_tim.o
 .text.HAL_TIM_Base_Start_IT
                0x08011f46       0x18 Drivers\STM32F4xx_HAL_Driver\Src\stm32f4xx_hal_tim.o
                0x08011f46                HAL_TIM_Base_Start_IT
 .text.HAL_TIM_Base_Stop_IT
                0x08011f5e       0x2c Drivers\STM32F4xx_HAL_Driver\Src\stm32f4xx_hal_tim.o
                0x08011f5e                HAL_TIM_Base_Stop_IT
 .text.HAL_TIM_ConfigClockSource
                0x08011f8a      0x108 Drivers\STM32F4xx_HAL_Driver\Src\stm32f4xx_hal_tim.o
                0x08011f8a                HAL_TIM_ConfigClockSource
 .text.HAL_TIM_OC_DelayElapsedCallback
                0x08012092        0x2 Drivers\STM32F4xx_HAL_Driver\Src\stm32f4xx_hal_tim.o
                0x08012092                HAL_TIM_OC_DelayElapsedCallback
 .text.HAL_TIM_IC_CaptureCallback
                0x08012094        0x2 Drivers\STM32F4xx_HAL_Driver\Src\stm32f4xx_hal_tim.o
                0x08012094                HAL_TIM_IC_CaptureCallback
 .text.HAL_TIM_PWM_PulseFinishedCallback
                0x08012096        0x2 Drivers\STM32F4xx_HAL_Driver\Src\stm32f4xx_hal_tim.o
                0x08012096                HAL_TIM_PWM_PulseFinishedCallback
 .text.HAL_TIM_TriggerCallback
                0x08012098        0x2 Drivers\STM32F4xx_HAL_Driver\Src\stm32f4xx_hal_tim.o
                0x08012098                HAL_TIM_TriggerCallback
 .text.HAL_TIM_IRQHandler
                0x0801209a      0x17a Drivers\STM32F4xx_HAL_Driver\Src\stm32f4xx_hal_tim.o
                0x0801209a                HAL_TIM_IRQHandler
 .text.TIM_Base_SetConfig
                0x08012214      0x11c Drivers\STM32F4xx_HAL_Driver\Src\stm32f4xx_hal_tim.o
                0x08012214                TIM_Base_SetConfig
 .text.HAL_TIM_Base_Init
                0x08012330       0x32 Drivers\STM32F4xx_HAL_Driver\Src\stm32f4xx_hal_tim.o
                0x08012330                HAL_TIM_Base_Init
 .text.HAL_TIMEx_MasterConfigSynchronization
                0x08012362       0x52 Drivers\STM32F4xx_HAL_Driver\Src\stm32f4xx_hal_tim_ex.o
                0x08012362                HAL_TIMEx_MasterConfigSynchronization
 .text.HAL_TIMEx_CommutationCallback
                0x080123b4        0x2 Drivers\STM32F4xx_HAL_Driver\Src\stm32f4xx_hal_tim_ex.o
                0x080123b4                HAL_TIMEx_CommutationCallback
 .text.HAL_TIMEx_BreakCallback
                0x080123b6        0x2 Drivers\STM32F4xx_HAL_Driver\Src\stm32f4xx_hal_tim_ex.o
                0x080123b6                HAL_TIMEx_BreakCallback
 .text.UART_EndTxTransfer
                0x080123b8       0x12 Drivers\STM32F4xx_HAL_Driver\Src\stm32f4xx_hal_uart.o
 .text.UART_EndRxTransfer
                0x080123ca       0x1c Drivers\STM32F4xx_HAL_Driver\Src\stm32f4xx_hal_uart.o
 .text.UART_Transmit_IT
                0x080123e6       0x6a Drivers\STM32F4xx_HAL_Driver\Src\stm32f4xx_hal_uart.o
 .text.UART_SetConfig
                0x08012450      0x344 Drivers\STM32F4xx_HAL_Driver\Src\stm32f4xx_hal_uart.o
 .text.HAL_UART_Init
                0x08012794       0x5e Drivers\STM32F4xx_HAL_Driver\Src\stm32f4xx_hal_uart.o
                0x08012794                HAL_UART_Init
 .text.HAL_UART_DeInit
                0x080127f2       0x26 Drivers\STM32F4xx_HAL_Driver\Src\stm32f4xx_hal_uart.o
                0x080127f2                HAL_UART_DeInit
 .text.HAL_UART_Receive_IT
                0x08012818       0x52 Drivers\STM32F4xx_HAL_Driver\Src\stm32f4xx_hal_uart.o
                0x08012818                HAL_UART_Receive_IT
 *fill*         0x0801286a        0x2 
 .text.HAL_UART_Transmit_DMA
                0x0801286c       0x8c Drivers\STM32F4xx_HAL_Driver\Src\stm32f4xx_hal_uart.o
                0x0801286c                HAL_UART_Transmit_DMA
 .text.HAL_UART_TxCpltCallback
                0x080128f8        0x2 Drivers\STM32F4xx_HAL_Driver\Src\stm32f4xx_hal_uart.o
                0x080128f8                HAL_UART_TxCpltCallback
 .text.UART_DMATransmitCplt
                0x080128fa       0x30 Drivers\STM32F4xx_HAL_Driver\Src\stm32f4xx_hal_uart.o
 .text.UART_EndTransmit_IT
                0x0801292a       0x1a Drivers\STM32F4xx_HAL_Driver\Src\stm32f4xx_hal_uart.o
 .text.HAL_UART_TxHalfCpltCallback
                0x08012944        0x2 Drivers\STM32F4xx_HAL_Driver\Src\stm32f4xx_hal_uart.o
                0x08012944                HAL_UART_TxHalfCpltCallback
 .text.UART_DMATxHalfCplt
                0x08012946        0xa Drivers\STM32F4xx_HAL_Driver\Src\stm32f4xx_hal_uart.o
 .text.UART_Receive_IT
                0x08012950       0x94 Drivers\STM32F4xx_HAL_Driver\Src\stm32f4xx_hal_uart.o
 .text.HAL_UART_ErrorCallback
                0x080129e4        0x2 Drivers\STM32F4xx_HAL_Driver\Src\stm32f4xx_hal_uart.o
                0x080129e4                HAL_UART_ErrorCallback
 .text.UART_DMAError
                0x080129e6       0x58 Drivers\STM32F4xx_HAL_Driver\Src\stm32f4xx_hal_uart.o
 *fill*         0x08012a3e        0x2 
 .text.HAL_UART_IRQHandler
                0x08012a40      0x120 Drivers\STM32F4xx_HAL_Driver\Src\stm32f4xx_hal_uart.o
                0x08012a40                HAL_UART_IRQHandler
 .text.UART_DMAAbortOnError
                0x08012b60       0x10 Drivers\STM32F4xx_HAL_Driver\Src\stm32f4xx_hal_uart.o
 .text.makeFreeRtosPriority
                0x08012b70        0xc Middlewares\Third_Party\FreeRTOS\Source\CMSIS_RTOS\cmsis_os.o
 .text.inHandlerMode
                0x08012b7c        0xc Middlewares\Third_Party\FreeRTOS\Source\CMSIS_RTOS\cmsis_os.o
 .text.osKernelStart
                0x08012b88        0xa Middlewares\Third_Party\FreeRTOS\Source\CMSIS_RTOS\cmsis_os.o
                0x08012b88                osKernelStart
 .text.osKernelSysTick
                0x08012b92       0x14 Middlewares\Third_Party\FreeRTOS\Source\CMSIS_RTOS\cmsis_os.o
                0x08012b92                osKernelSysTick
 .text.osThreadCreate
                0x08012ba6       0x34 Middlewares\Third_Party\FreeRTOS\Source\CMSIS_RTOS\cmsis_os.o
                0x08012ba6                osThreadCreate
 .text.osDelay  0x08012bda       0x12 Middlewares\Third_Party\FreeRTOS\Source\CMSIS_RTOS\cmsis_os.o
                0x08012bda                osDelay
 .text.osMutexCreate
                0x08012bec        0xa Middlewares\Third_Party\FreeRTOS\Source\CMSIS_RTOS\cmsis_os.o
                0x08012bec                osMutexCreate
 *fill*         0x08012bf6        0x2 
 .text.osMutexWait
                0x08012bf8       0x74 Middlewares\Third_Party\FreeRTOS\Source\CMSIS_RTOS\cmsis_os.o
                0x08012bf8                osMutexWait
 .text.osMutexRelease
                0x08012c6c       0x5c Middlewares\Third_Party\FreeRTOS\Source\CMSIS_RTOS\cmsis_os.o
                0x08012c6c                osMutexRelease
 .text.osSemaphoreCreate
                0x08012cc8       0x26 Middlewares\Third_Party\FreeRTOS\Source\CMSIS_RTOS\cmsis_os.o
                0x08012cc8                osSemaphoreCreate
 *fill*         0x08012cee        0x2 
 .text.osSemaphoreWait
                0x08012cf0       0x74 Middlewares\Third_Party\FreeRTOS\Source\CMSIS_RTOS\cmsis_os.o
                0x08012cf0                osSemaphoreWait
 .text.osSemaphoreRelease
                0x08012d64       0x5c Middlewares\Third_Party\FreeRTOS\Source\CMSIS_RTOS\cmsis_os.o
                0x08012d64                osSemaphoreRelease
 .text.osSemaphoreDelete
                0x08012dc0       0x18 Middlewares\Third_Party\FreeRTOS\Source\CMSIS_RTOS\cmsis_os.o
                0x08012dc0                osSemaphoreDelete
 .text.osMessageCreate
                0x08012dd8        0xe Middlewares\Third_Party\FreeRTOS\Source\CMSIS_RTOS\cmsis_os.o
                0x08012dd8                osMessageCreate
 *fill*         0x08012de6        0x2 
 .text.osMessagePut
                0x08012de8       0x68 Middlewares\Third_Party\FreeRTOS\Source\CMSIS_RTOS\cmsis_os.o
                0x08012de8                osMessagePut
 .text.osMessageGet
                0x08012e50       0xa0 Middlewares\Third_Party\FreeRTOS\Source\CMSIS_RTOS\cmsis_os.o
                0x08012e50                osMessageGet
 .text.osMessageWaiting
                0x08012ef0       0x1a Middlewares\Third_Party\FreeRTOS\Source\CMSIS_RTOS\cmsis_os.o
                0x08012ef0                osMessageWaiting
 .text.osMessageDelete
                0x08012f0a       0x18 Middlewares\Third_Party\FreeRTOS\Source\CMSIS_RTOS\cmsis_os.o
                0x08012f0a                osMessageDelete
 .text.vListInitialise
                0x08012f22       0x16 Middlewares\Third_Party\FreeRTOS\Source\list.o
                0x08012f22                vListInitialise
 .text.vListInitialiseItem
                0x08012f38        0x6 Middlewares\Third_Party\FreeRTOS\Source\list.o
                0x08012f38                vListInitialiseItem
 .text.vListInsertEnd
                0x08012f3e       0x18 Middlewares\Third_Party\FreeRTOS\Source\list.o
                0x08012f3e                vListInsertEnd
 .text.vListInsert
                0x08012f56       0x34 Middlewares\Third_Party\FreeRTOS\Source\list.o
                0x08012f56                vListInsert
 .text.uxListRemove
                0x08012f8a       0x26 Middlewares\Third_Party\FreeRTOS\Source\list.o
                0x08012f8a                uxListRemove
 .text.prvTaskExitError
                0x08012fb0       0x34 Middlewares\Third_Party\FreeRTOS\Source\portable\GCC\ARM_CM4F\port.o
 .text.prvPortStartFirstTask
                0x08012fe4       0x20 Middlewares\Third_Party\FreeRTOS\Source\portable\GCC\ARM_CM4F\port.o
 .text.vPortEnableVFP
                0x08013004       0x14 Middlewares\Third_Party\FreeRTOS\Source\portable\GCC\ARM_CM4F\port.o
 .text.pxPortInitialiseStack
                0x08013018       0x2c Middlewares\Third_Party\FreeRTOS\Source\portable\GCC\ARM_CM4F\port.o
                0x08013018                pxPortInitialiseStack
 *fill*         0x08013044        0xc 
 .text.SVC_Handler
                0x08013050       0x24 Middlewares\Third_Party\FreeRTOS\Source\portable\GCC\ARM_CM4F\port.o
                0x08013050                SVC_Handler
 .text.vPortEnterCritical
                0x08013074       0x44 Middlewares\Third_Party\FreeRTOS\Source\portable\GCC\ARM_CM4F\port.o
                0x08013074                vPortEnterCritical
 .text.vPortExitCritical
                0x080130b8       0x2c Middlewares\Third_Party\FreeRTOS\Source\portable\GCC\ARM_CM4F\port.o
                0x080130b8                vPortExitCritical
 *fill*         0x080130e4        0xc 
 .text.PendSV_Handler
                0x080130f0       0x64 Middlewares\Third_Party\FreeRTOS\Source\portable\GCC\ARM_CM4F\port.o
                0x080130f0                PendSV_Handler
 .text.SysTick_Handler
                0x08013154       0x2c Middlewares\Third_Party\FreeRTOS\Source\portable\GCC\ARM_CM4F\port.o
                0x08013154                SysTick_Handler
 .text.vPortSetupTimerInterrupt
                0x08013180       0x2c Middlewares\Third_Party\FreeRTOS\Source\portable\GCC\ARM_CM4F\port.o
                0x08013180                vPortSetupTimerInterrupt
 .text.xPortStartScheduler
                0x080131ac       0xec Middlewares\Third_Party\FreeRTOS\Source\portable\GCC\ARM_CM4F\port.o
                0x080131ac                xPortStartScheduler
 .text.vPortValidateInterruptPriority
                0x08013298       0x5c Middlewares\Third_Party\FreeRTOS\Source\portable\GCC\ARM_CM4F\port.o
                0x08013298                vPortValidateInterruptPriority
 .text.prvHeapInit
                0x080132f4       0x64 Middlewares\Third_Party\FreeRTOS\Source\portable\MemMang\heap_4.o
 .text.prvInsertBlockIntoFreeList
                0x08013358       0x58 Middlewares\Third_Party\FreeRTOS\Source\portable\MemMang\heap_4.o
 .text.pvPortMalloc
                0x080133b0      0x108 Middlewares\Third_Party\FreeRTOS\Source\portable\MemMang\heap_4.o
                0x080133b0                pvPortMalloc
 .text.vPortFree
                0x080134b8       0x70 Middlewares\Third_Party\FreeRTOS\Source\portable\MemMang\heap_4.o
                0x080134b8                vPortFree
 .text.prvIsQueueFull
                0x08013528       0x1e Middlewares\Third_Party\FreeRTOS\Source\queue.o
 .text.prvIsQueueEmpty
                0x08013546       0x1a Middlewares\Third_Party\FreeRTOS\Source\queue.o
 .text.prvCopyDataToQueue
                0x08013560       0x76 Middlewares\Third_Party\FreeRTOS\Source\queue.o
 .text.prvCopyDataFromQueue
                0x080135d6       0x24 Middlewares\Third_Party\FreeRTOS\Source\queue.o
 .text.prvUnlockQueue
                0x080135fa       0x6e Middlewares\Third_Party\FreeRTOS\Source\queue.o
 .text.xQueueGenericReset
                0x08013668       0x80 Middlewares\Third_Party\FreeRTOS\Source\queue.o
                0x08013668                xQueueGenericReset
 .text.prvInitialiseNewQueue
                0x080136e8       0x1c Middlewares\Third_Party\FreeRTOS\Source\queue.o
 .text.xQueueGenericCreate
                0x08013704       0x48 Middlewares\Third_Party\FreeRTOS\Source\queue.o
                0x08013704                xQueueGenericCreate
 .text.xQueueGenericSend
                0x0801374c      0x188 Middlewares\Third_Party\FreeRTOS\Source\queue.o
                0x0801374c                xQueueGenericSend
 .text.prvInitialiseMutex
                0x080138d4       0x18 Middlewares\Third_Party\FreeRTOS\Source\queue.o
 .text.xQueueCreateMutex
                0x080138ec       0x16 Middlewares\Third_Party\FreeRTOS\Source\queue.o
                0x080138ec                xQueueCreateMutex
 .text.xQueueGenericSendFromISR
                0x08013902       0xde Middlewares\Third_Party\FreeRTOS\Source\queue.o
                0x08013902                xQueueGenericSendFromISR
 .text.xQueueGiveFromISR
                0x080139e0       0xbc Middlewares\Third_Party\FreeRTOS\Source\queue.o
                0x080139e0                xQueueGiveFromISR
 .text.xQueueGenericReceive
                0x08013a9c      0x1b0 Middlewares\Third_Party\FreeRTOS\Source\queue.o
                0x08013a9c                xQueueGenericReceive
 .text.xQueueReceiveFromISR
                0x08013c4c       0xb6 Middlewares\Third_Party\FreeRTOS\Source\queue.o
                0x08013c4c                xQueueReceiveFromISR
 .text.uxQueueMessagesWaiting
                0x08013d02       0x26 Middlewares\Third_Party\FreeRTOS\Source\queue.o
                0x08013d02                uxQueueMessagesWaiting
 .text.uxQueueMessagesWaitingFromISR
                0x08013d28       0x18 Middlewares\Third_Party\FreeRTOS\Source\queue.o
                0x08013d28                uxQueueMessagesWaitingFromISR
 .text.vQueueUnregisterQueue
                0x08013d40       0x2c Middlewares\Third_Party\FreeRTOS\Source\queue.o
                0x08013d40                vQueueUnregisterQueue
 .text.vQueueDelete
                0x08013d6c       0x24 Middlewares\Third_Party\FreeRTOS\Source\queue.o
                0x08013d6c                vQueueDelete
 .text.prvResetNextTaskUnblockTime
                0x08013d90       0x34 Middlewares\Third_Party\FreeRTOS\Source\tasks.o
 .text.prvDeleteTCB
                0x08013dc4       0x12 Middlewares\Third_Party\FreeRTOS\Source\tasks.o
 .text.prvInitialiseNewTask
                0x08013dd6       0x80 Middlewares\Third_Party\FreeRTOS\Source\tasks.o
 *fill*         0x08013e56        0x2 
 .text.prvInitialiseTaskLists
                0x08013e58       0x68 Middlewares\Third_Party\FreeRTOS\Source\tasks.o
 .text.prvAddNewTaskToReadyList
                0x08013ec0       0xa8 Middlewares\Third_Party\FreeRTOS\Source\tasks.o
 .text.prvAddCurrentTaskToDelayedList
                0x08013f68       0x98 Middlewares\Third_Party\FreeRTOS\Source\tasks.o
 .text.xTaskCreate
                0x08014000       0x62 Middlewares\Third_Party\FreeRTOS\Source\tasks.o
                0x08014000                xTaskCreate
 *fill*         0x08014062        0x2 
 .text.vTaskStartScheduler
                0x08014064       0x7c Middlewares\Third_Party\FreeRTOS\Source\tasks.o
                0x08014064                vTaskStartScheduler
 .text.vTaskSuspendAll
                0x080140e0       0x10 Middlewares\Third_Party\FreeRTOS\Source\tasks.o
                0x080140e0                vTaskSuspendAll
 .text.xTaskGetTickCount
                0x080140f0        0xc Middlewares\Third_Party\FreeRTOS\Source\tasks.o
                0x080140f0                xTaskGetTickCount
 .text.xTaskGetTickCountFromISR
                0x080140fc       0x10 Middlewares\Third_Party\FreeRTOS\Source\tasks.o
                0x080140fc                xTaskGetTickCountFromISR
 .text.xTaskIncrementTick
                0x0801410c      0x120 Middlewares\Third_Party\FreeRTOS\Source\tasks.o
                0x0801410c                xTaskIncrementTick
 .text.xTaskResumeAll
                0x0801422c       0xfc Middlewares\Third_Party\FreeRTOS\Source\tasks.o
                0x0801422c                xTaskResumeAll
 .text.vTaskDelay
                0x08014328       0x50 Middlewares\Third_Party\FreeRTOS\Source\tasks.o
                0x08014328                vTaskDelay
 .text.prvCheckTasksWaitingTermination
                0x08014378       0x5c Middlewares\Third_Party\FreeRTOS\Source\tasks.o
 .text.prvIdleTask
                0x080143d4       0x28 Middlewares\Third_Party\FreeRTOS\Source\tasks.o
 .text.vTaskSwitchContext
                0x080143fc       0x9c Middlewares\Third_Party\FreeRTOS\Source\tasks.o
                0x080143fc                vTaskSwitchContext
 .text.vTaskPlaceOnEventList
                0x08014498       0x30 Middlewares\Third_Party\FreeRTOS\Source\tasks.o
                0x08014498                vTaskPlaceOnEventList
 .text.xTaskRemoveFromEventList
                0x080144c8       0x8c Middlewares\Third_Party\FreeRTOS\Source\tasks.o
                0x080144c8                xTaskRemoveFromEventList
 .text.vTaskSetTimeOutState
                0x08014554       0x2c Middlewares\Third_Party\FreeRTOS\Source\tasks.o
                0x08014554                vTaskSetTimeOutState
 .text.xTaskCheckForTimeOut
                0x08014580       0x80 Middlewares\Third_Party\FreeRTOS\Source\tasks.o
                0x08014580                xTaskCheckForTimeOut
 .text.vTaskMissedYield
                0x08014600        0xc Middlewares\Third_Party\FreeRTOS\Source\tasks.o
                0x08014600                vTaskMissedYield
 .text.xTaskGetSchedulerState
                0x0801460c       0x20 Middlewares\Third_Party\FreeRTOS\Source\tasks.o
                0x0801460c                xTaskGetSchedulerState
 .text.vTaskPriorityInherit
                0x0801462c       0xa4 Middlewares\Third_Party\FreeRTOS\Source\tasks.o
                0x0801462c                vTaskPriorityInherit
 .text.xTaskPriorityDisinherit
                0x080146d0       0xb4 Middlewares\Third_Party\FreeRTOS\Source\tasks.o
                0x080146d0                xTaskPriorityDisinherit
 .text.pvTaskIncrementMutexHeldCount
                0x08014784       0x1c Middlewares\Third_Party\FreeRTOS\Source\tasks.o
                0x08014784                pvTaskIncrementMutexHeldCount
 .text.netconn_apimsg
                0x080147a0       0x18 Middlewares\Third_Party\LwIP\src\api\api_lib.o
 .text.netconn_close_shutdown
                0x080147b8       0x44 Middlewares\Third_Party\LwIP\src\api\api_lib.o
 .text.netconn_recv_data
                0x080147fc      0x140 Middlewares\Third_Party\LwIP\src\api\api_lib.o
 .text.netconn_new_with_proto_and_callback
                0x0801493c       0xb8 Middlewares\Third_Party\LwIP\src\api\api_lib.o
                0x0801493c                netconn_new_with_proto_and_callback
 .text.netconn_delete
                0x080149f4       0x34 Middlewares\Third_Party\LwIP\src\api\api_lib.o
                0x080149f4                netconn_delete
 .text.netconn_bind
                0x08014a28       0x4c Middlewares\Third_Party\LwIP\src\api\api_lib.o
                0x08014a28                netconn_bind
 .text.netconn_listen_with_backlog
                0x08014a74       0x3c Middlewares\Third_Party\LwIP\src\api\api_lib.o
                0x08014a74                netconn_listen_with_backlog
 .text.netconn_accept
                0x08014ab0       0xb8 Middlewares\Third_Party\LwIP\src\api\api_lib.o
                0x08014ab0                netconn_accept
 .text.netconn_recv
                0x08014b68       0xb4 Middlewares\Third_Party\LwIP\src\api\api_lib.o
                0x08014b68                netconn_recv
 .text.netconn_write_partly
                0x08014c1c       0xa8 Middlewares\Third_Party\LwIP\src\api\api_lib.o
                0x08014c1c                netconn_write_partly
 .text.netconn_close
                0x08014cc4        0xa Middlewares\Third_Party\LwIP\src\api\api_lib.o
                0x08014cc4                netconn_close
 *fill*         0x08014cce        0x2 
 .text.recv_udp
                0x08014cd0       0xd0 Middlewares\Third_Party\LwIP\src\api\api_msg.o
 .text.setup_tcp
                0x08014da0       0x40 Middlewares\Third_Party\LwIP\src\api\api_msg.o
 .text.pcb_new  0x08014de0       0x88 Middlewares\Third_Party\LwIP\src\api\api_msg.o
 .text.err_tcp  0x08014e68      0x140 Middlewares\Third_Party\LwIP\src\api\api_msg.o
 .text.lwip_netconn_do_writemore
                0x08014fa8      0x220 Middlewares\Third_Party\LwIP\src\api\api_msg.o
 .text.lwip_netconn_do_close_internal
                0x080151c8      0x254 Middlewares\Third_Party\LwIP\src\api\api_msg.o
 .text.poll_tcp
                0x0801541c       0x84 Middlewares\Third_Party\LwIP\src\api\api_msg.o
 .text.sent_tcp
                0x080154a0       0x74 Middlewares\Third_Party\LwIP\src\api\api_msg.o
 .text.recv_tcp
                0x08015514       0xd0 Middlewares\Third_Party\LwIP\src\api\api_msg.o
 .text.lwip_netconn_do_newconn
                0x080155e4       0x34 Middlewares\Third_Party\LwIP\src\api\api_msg.o
                0x080155e4                lwip_netconn_do_newconn
 .text.netconn_alloc
                0x08015618       0x8c Middlewares\Third_Party\LwIP\src\api\api_msg.o
                0x08015618                netconn_alloc
 .text.netconn_free
                0x080156a4       0x78 Middlewares\Third_Party\LwIP\src\api\api_msg.o
                0x080156a4                netconn_free
 .text.netconn_drain
                0x0801571c       0xa4 Middlewares\Third_Party\LwIP\src\api\api_msg.o
 .text.accept_function
                0x080157c0      0x100 Middlewares\Third_Party\LwIP\src\api\api_msg.o
 .text.lwip_netconn_do_delconn
                0x080158c0      0x16c Middlewares\Third_Party\LwIP\src\api\api_msg.o
                0x080158c0                lwip_netconn_do_delconn
 .text.lwip_netconn_do_bind
                0x08015a2c       0x62 Middlewares\Third_Party\LwIP\src\api\api_msg.o
                0x08015a2c                lwip_netconn_do_bind
 *fill*         0x08015a8e        0x2 
 .text.lwip_netconn_do_listen
                0x08015a90       0xf0 Middlewares\Third_Party\LwIP\src\api\api_msg.o
                0x08015a90                lwip_netconn_do_listen
 .text.lwip_netconn_do_recv
                0x08015b80       0x58 Middlewares\Third_Party\LwIP\src\api\api_msg.o
                0x08015b80                lwip_netconn_do_recv
 .text.lwip_netconn_do_write
                0x08015bd8      0x100 Middlewares\Third_Party\LwIP\src\api\api_msg.o
                0x08015bd8                lwip_netconn_do_write
 .text.lwip_netconn_do_close
                0x08015cd8       0xf0 Middlewares\Third_Party\LwIP\src\api\api_msg.o
                0x08015cd8                lwip_netconn_do_close
 .text.netbuf_delete
                0x08015dc8       0x20 Middlewares\Third_Party\LwIP\src\api\netbuf.o
                0x08015dc8                netbuf_delete
 .text.netbuf_data
                0x08015de8       0x6c Middlewares\Third_Party\LwIP\src\api\netbuf.o
                0x08015de8                netbuf_data
 .text.tcpip_thread
                0x08015e54       0xa4 Middlewares\Third_Party\LwIP\src\api\tcpip.o
 .text.tcpip_inpkt
                0x08015ef8       0x68 Middlewares\Third_Party\LwIP\src\api\tcpip.o
                0x08015ef8                tcpip_inpkt
 .text.tcpip_input
                0x08015f60       0x24 Middlewares\Third_Party\LwIP\src\api\tcpip.o
                0x08015f60                tcpip_input
 .text.tcpip_callback_with_block
                0x08015f84       0x74 Middlewares\Third_Party\LwIP\src\api\tcpip.o
                0x08015f84                tcpip_callback_with_block
 .text.tcpip_send_msg_wait_sem
                0x08015ff8       0x20 Middlewares\Third_Party\LwIP\src\api\tcpip.o
                0x08015ff8                tcpip_send_msg_wait_sem
 .text.tcpip_init
                0x08016018       0x84 Middlewares\Third_Party\LwIP\src\api\tcpip.o
                0x08016018                tcpip_init
 .text.fs_open  0x0801609c       0x48 Middlewares\Third_Party\LwIP\src\apps\httpd\fs.o
                0x0801609c                fs_open
 .text.fs_close
                0x080160e4        0x2 Middlewares\Third_Party\LwIP\src\apps\httpd\fs.o
                0x080160e4                fs_close
 .text.lwip_htons
                0x080160e6        0x6 Middlewares\Third_Party\LwIP\src\core\def.o
                0x080160e6                lwip_htons
 .text.lwip_htonl
                0x080160ec       0x18 Middlewares\Third_Party\LwIP\src\core\def.o
                0x080160ec                lwip_htonl
 .text.lwip_init
                0x08016104       0x20 Middlewares\Third_Party\LwIP\src\core\init.o
                0x08016104                lwip_init
 .text.etharp_free_entry
                0x08016124       0x34 Middlewares\Third_Party\LwIP\src\core\ipv4\etharp.o
 .text.etharp_find_entry
                0x08016158      0x1ac Middlewares\Third_Party\LwIP\src\core\ipv4\etharp.o
 .text.etharp_update_arp_entry
                0x08016304       0xc8 Middlewares\Third_Party\LwIP\src\core\ipv4\etharp.o
 .text.etharp_raw
                0x080163cc       0xe0 Middlewares\Third_Party\LwIP\src\core\ipv4\etharp.o
 .text.etharp_request_dst
                0x080164ac       0x28 Middlewares\Third_Party\LwIP\src\core\ipv4\etharp.o
 .text.etharp_cleanup_netif
                0x080164d4       0x38 Middlewares\Third_Party\LwIP\src\core\ipv4\etharp.o
                0x080164d4                etharp_cleanup_netif
 .text.etharp_input
                0x0801650c       0xb0 Middlewares\Third_Party\LwIP\src\core\ipv4\etharp.o
                0x0801650c                etharp_input
 .text.etharp_request
                0x080165bc       0x10 Middlewares\Third_Party\LwIP\src\core\ipv4\etharp.o
                0x080165bc                etharp_request
 .text.etharp_tmr
                0x080165cc       0x90 Middlewares\Third_Party\LwIP\src\core\ipv4\etharp.o
                0x080165cc                etharp_tmr
 .text.etharp_output_to_arp_index
                0x0801665c       0xd4 Middlewares\Third_Party\LwIP\src\core\ipv4\etharp.o
 .text.etharp_query
                0x08016730      0x1b0 Middlewares\Third_Party\LwIP\src\core\ipv4\etharp.o
                0x08016730                etharp_query
 .text.etharp_output
                0x080168e0      0x158 Middlewares\Third_Party\LwIP\src\core\ipv4\etharp.o
                0x080168e0                etharp_output
 .text.icmp_send_response
                0x08016a38       0xac Middlewares\Third_Party\LwIP\src\core\ipv4\icmp.o
 .text.icmp_input
                0x08016ae4      0x13c Middlewares\Third_Party\LwIP\src\core\ipv4\icmp.o
                0x08016ae4                icmp_input
 .text.icmp_dest_unreach
                0x08016c20        0xc Middlewares\Third_Party\LwIP\src\core\ipv4\icmp.o
                0x08016c20                icmp_dest_unreach
 .text.icmp_time_exceeded
                0x08016c2c        0xc Middlewares\Third_Party\LwIP\src\core\ipv4\icmp.o
                0x08016c2c                icmp_time_exceeded
 .text.ip4_route
                0x08016c38       0xa0 Middlewares\Third_Party\LwIP\src\core\ipv4\ip4.o
                0x08016c38                ip4_route
 .text.ip4_input
                0x08016cd8      0x1b8 Middlewares\Third_Party\LwIP\src\core\ipv4\ip4.o
                0x08016cd8                ip4_input
 .text.ip4_output_if_src
                0x08016e90       0xf4 Middlewares\Third_Party\LwIP\src\core\ipv4\ip4.o
                0x08016e90                ip4_output_if_src
 .text.ip4_output_if
                0x08016f84       0x2a Middlewares\Third_Party\LwIP\src\core\ipv4\ip4.o
                0x08016f84                ip4_output_if
 .text.ip4_addr_isbroadcast_u32
                0x08016fae       0x40 Middlewares\Third_Party\LwIP\src\core\ipv4\ip4_addr.o
                0x08016fae                ip4_addr_isbroadcast_u32
 *fill*         0x08016fee        0x2 
 .text.ip4addr_aton
                0x08016ff0      0x178 Middlewares\Third_Party\LwIP\src\core\ipv4\ip4_addr.o
                0x08016ff0                ip4addr_aton
 .text.ip4addr_ntoa_r
                0x08017168       0xa8 Middlewares\Third_Party\LwIP\src\core\ipv4\ip4_addr.o
                0x08017168                ip4addr_ntoa_r
 .text.ip4addr_ntoa
                0x08017210       0x10 Middlewares\Third_Party\LwIP\src\core\ipv4\ip4_addr.o
                0x08017210                ip4addr_ntoa
 .text.ip_reass_dequeue_datagram
                0x08017220       0x48 Middlewares\Third_Party\LwIP\src\core\ipv4\ip4_frag.o
 .text.ip_reass_free_complete_datagram
                0x08017268      0x10c Middlewares\Third_Party\LwIP\src\core\ipv4\ip4_frag.o
 .text.ip_reass_remove_oldest_datagram
                0x08017374       0x7c Middlewares\Third_Party\LwIP\src\core\ipv4\ip4_frag.o
 .text.ip_frag_free_pbuf_custom_ref
                0x080173f0       0x2c Middlewares\Third_Party\LwIP\src\core\ipv4\ip4_frag.o
 .text.ipfrag_free_pbuf_custom
                0x0801741c       0x34 Middlewares\Third_Party\LwIP\src\core\ipv4\ip4_frag.o
 .text.ip_reass_chain_frag_into_datagram_and_validate
                0x08017450      0x194 Middlewares\Third_Party\LwIP\src\core\ipv4\ip4_frag.o
 .text.ip_frag_alloc_pbuf_custom_ref
                0x080175e4        0xa Middlewares\Third_Party\LwIP\src\core\ipv4\ip4_frag.o
 *fill*         0x080175ee        0x2 
 .text.ip_reass_enqueue_new_datagram
                0x080175f0       0x60 Middlewares\Third_Party\LwIP\src\core\ipv4\ip4_frag.o
 .text.ip_reass_tmr
                0x08017650       0x2c Middlewares\Third_Party\LwIP\src\core\ipv4\ip4_frag.o
                0x08017650                ip_reass_tmr
 .text.ip4_reass
                0x0801767c      0x1a8 Middlewares\Third_Party\LwIP\src\core\ipv4\ip4_frag.o
                0x0801767c                ip4_reass
 .text.ip4_frag
                0x08017824      0x1ec Middlewares\Third_Party\LwIP\src\core\ipv4\ip4_frag.o
                0x08017824                ip4_frag
 .text.plug_holes
                0x08017a10       0xe0 Middlewares\Third_Party\LwIP\src\core\mem.o
 .text.mem_init
                0x08017af0       0x68 Middlewares\Third_Party\LwIP\src\core\mem.o
                0x08017af0                mem_init
 .text.mem_free
                0x08017b58       0xbc Middlewares\Third_Party\LwIP\src\core\mem.o
                0x08017b58                mem_free
 .text.mem_trim
                0x08017c14      0x138 Middlewares\Third_Party\LwIP\src\core\mem.o
                0x08017c14                mem_trim
 .text.mem_malloc
                0x08017d4c      0x154 Middlewares\Third_Party\LwIP\src\core\mem.o
                0x08017d4c                mem_malloc
 .text.do_memp_malloc_pool
                0x08017ea0       0x48 Middlewares\Third_Party\LwIP\src\core\memp.o
 .text.do_memp_free_pool
                0x08017ee8       0x3c Middlewares\Third_Party\LwIP\src\core\memp.o
 .text.memp_init_pool
                0x08017f24       0x28 Middlewares\Third_Party\LwIP\src\core\memp.o
                0x08017f24                memp_init_pool
 .text.memp_init
                0x08017f4c       0x20 Middlewares\Third_Party\LwIP\src\core\memp.o
                0x08017f4c                memp_init
 .text.memp_malloc
                0x08017f6c       0x34 Middlewares\Third_Party\LwIP\src\core\memp.o
                0x08017f6c                memp_malloc
 .text.memp_free
                0x08017fa0       0x34 Middlewares\Third_Party\LwIP\src\core\memp.o
                0x08017fa0                memp_free
 .text.netif_issue_reports
                0x08017fd4       0x22 Middlewares\Third_Party\LwIP\src\core\netif.o
 .text.netif_init
                0x08017ff6        0x2 Middlewares\Third_Party\LwIP\src\core\netif.o
                0x08017ff6                netif_init
 .text.netif_set_ipaddr
                0x08017ff8       0x4c Middlewares\Third_Party\LwIP\src\core\netif.o
                0x08017ff8                netif_set_ipaddr
 .text.netif_set_gw
                0x08018044        0xc Middlewares\Third_Party\LwIP\src\core\netif.o
                0x08018044                netif_set_gw
 .text.netif_set_netmask
                0x08018050        0xc Middlewares\Third_Party\LwIP\src\core\netif.o
                0x08018050                netif_set_netmask
 .text.netif_set_addr
                0x0801805c       0x42 Middlewares\Third_Party\LwIP\src\core\netif.o
                0x0801805c                netif_set_addr
 *fill*         0x0801809e        0x2 
 .text.netif_add
                0x080180a0       0x80 Middlewares\Third_Party\LwIP\src\core\netif.o
                0x080180a0                netif_add
 .text.netif_set_default
                0x08018120        0xc Middlewares\Third_Party\LwIP\src\core\netif.o
                0x08018120                netif_set_default
 .text.netif_set_up
                0x0801812c       0x24 Middlewares\Third_Party\LwIP\src\core\netif.o
                0x0801812c                netif_set_up
 .text.netif_set_down
                0x08018150       0x22 Middlewares\Third_Party\LwIP\src\core\netif.o
                0x08018150                netif_set_down
 *fill*         0x08018172        0x2 
 .text.pbuf_header_impl
                0x08018174       0xd0 Middlewares\Third_Party\LwIP\src\core\pbuf.o
 .text.pbuf_pool_is_empty
                0x08018244       0x40 Middlewares\Third_Party\LwIP\src\core\pbuf.o
 .text.pbuf_free_ooseq
                0x08018284       0x34 Middlewares\Third_Party\LwIP\src\core\pbuf.o
 .text.pbuf_free_ooseq_callback
                0x080182b8        0x8 Middlewares\Third_Party\LwIP\src\core\pbuf.o
 .text.pbuf_alloced_custom
                0x080182c0       0x78 Middlewares\Third_Party\LwIP\src\core\pbuf.o
                0x080182c0                pbuf_alloced_custom
 .text.pbuf_header
                0x08018338        0xa Middlewares\Third_Party\LwIP\src\core\pbuf.o
                0x08018338                pbuf_header
 .text.pbuf_header_force
                0x08018342        0xa Middlewares\Third_Party\LwIP\src\core\pbuf.o
                0x08018342                pbuf_header_force
 .text.pbuf_free
                0x0801834c       0xd8 Middlewares\Third_Party\LwIP\src\core\pbuf.o
                0x0801834c                pbuf_free
 .text.pbuf_alloc
                0x08018424      0x1d0 Middlewares\Third_Party\LwIP\src\core\pbuf.o
                0x08018424                pbuf_alloc
 .text.pbuf_realloc
                0x080185f4       0xe4 Middlewares\Third_Party\LwIP\src\core\pbuf.o
                0x080185f4                pbuf_realloc
 .text.pbuf_clen
                0x080186d8       0x12 Middlewares\Third_Party\LwIP\src\core\pbuf.o
                0x080186d8                pbuf_clen
 *fill*         0x080186ea        0x2 
 .text.pbuf_ref
                0x080186ec       0x38 Middlewares\Third_Party\LwIP\src\core\pbuf.o
                0x080186ec                pbuf_ref
 .text.pbuf_cat
                0x08018724       0x74 Middlewares\Third_Party\LwIP\src\core\pbuf.o
                0x08018724                pbuf_cat
 .text.pbuf_copy
                0x08018798      0x138 Middlewares\Third_Party\LwIP\src\core\pbuf.o
                0x08018798                pbuf_copy
 .text.pbuf_copy_partial
                0x080188d0       0x8c Middlewares\Third_Party\LwIP\src\core\pbuf.o
                0x080188d0                pbuf_copy_partial
 .text.tcp_remove_listener
                0x0801895c       0x14 Middlewares\Third_Party\LwIP\src\core\tcp.o
 .text.tcp_new_port
                0x08018970       0x64 Middlewares\Third_Party\LwIP\src\core\tcp.o
 .text.tcp_listen_closed
                0x080189d4       0x54 Middlewares\Third_Party\LwIP\src\core\tcp.o
 .text.tcp_close_shutdown_fin
                0x08018a28       0x88 Middlewares\Third_Party\LwIP\src\core\tcp.o
 .text.tcp_init
                0x08018ab0        0x2 Middlewares\Third_Party\LwIP\src\core\tcp.o
                0x08018ab0                tcp_init
 *fill*         0x08018ab2        0x2 
 .text.tcp_bind
                0x08018ab4       0xbc Middlewares\Third_Party\LwIP\src\core\tcp.o
                0x08018ab4                tcp_bind
 .text.tcp_listen_with_backlog_and_err
                0x08018b70       0xc0 Middlewares\Third_Party\LwIP\src\core\tcp.o
                0x08018b70                tcp_listen_with_backlog_and_err
 .text.tcp_update_rcv_ann_wnd
                0x08018c30       0x60 Middlewares\Third_Party\LwIP\src\core\tcp.o
                0x08018c30                tcp_update_rcv_ann_wnd
 .text.tcp_recved
                0x08018c90       0x84 Middlewares\Third_Party\LwIP\src\core\tcp.o
                0x08018c90                tcp_recved
 .text.tcp_seg_free
                0x08018d14       0x1a Middlewares\Third_Party\LwIP\src\core\tcp.o
                0x08018d14                tcp_seg_free
 .text.tcp_segs_free
                0x08018d2e       0x14 Middlewares\Third_Party\LwIP\src\core\tcp.o
                0x08018d2e                tcp_segs_free
 .text.tcp_seg_copy
                0x08018d42       0x28 Middlewares\Third_Party\LwIP\src\core\tcp.o
                0x08018d42                tcp_seg_copy
 .text.tcp_arg  0x08018d6a        0x6 Middlewares\Third_Party\LwIP\src\core\tcp.o
                0x08018d6a                tcp_arg
 .text.tcp_recv
                0x08018d70       0x34 Middlewares\Third_Party\LwIP\src\core\tcp.o
                0x08018d70                tcp_recv
 .text.tcp_sent
                0x08018da4       0x30 Middlewares\Third_Party\LwIP\src\core\tcp.o
                0x08018da4                tcp_sent
 .text.tcp_err  0x08018dd4       0x34 Middlewares\Third_Party\LwIP\src\core\tcp.o
                0x08018dd4                tcp_err
 .text.tcp_accept
                0x08018e08        0xe Middlewares\Third_Party\LwIP\src\core\tcp.o
                0x08018e08                tcp_accept
 *fill*         0x08018e16        0x2 
 .text.tcp_poll
                0x08018e18       0x34 Middlewares\Third_Party\LwIP\src\core\tcp.o
                0x08018e18                tcp_poll
 .text.tcp_pcb_purge
                0x08018e4c       0x42 Middlewares\Third_Party\LwIP\src\core\tcp.o
                0x08018e4c                tcp_pcb_purge
 *fill*         0x08018e8e        0x2 
 .text.tcp_slowtmr
                0x08018e90      0x404 Middlewares\Third_Party\LwIP\src\core\tcp.o
                0x08018e90                tcp_slowtmr
 .text.tcp_pcb_remove
                0x08019294       0xa4 Middlewares\Third_Party\LwIP\src\core\tcp.o
                0x08019294                tcp_pcb_remove
 .text.tcp_close_shutdown
                0x08019338      0x154 Middlewares\Third_Party\LwIP\src\core\tcp.o
 .text.tcp_close
                0x0801948c       0x18 Middlewares\Third_Party\LwIP\src\core\tcp.o
                0x0801948c                tcp_close
 .text.tcp_recv_null
                0x080194a4       0x24 Middlewares\Third_Party\LwIP\src\core\tcp.o
                0x080194a4                tcp_recv_null
 .text.tcp_process_refused_data
                0x080194c8       0x6e Middlewares\Third_Party\LwIP\src\core\tcp.o
                0x080194c8                tcp_process_refused_data
 *fill*         0x08019536        0x2 
 .text.tcp_fasttmr
                0x08019538       0x80 Middlewares\Third_Party\LwIP\src\core\tcp.o
                0x08019538                tcp_fasttmr
 .text.tcp_tmr  0x080195b8       0x24 Middlewares\Third_Party\LwIP\src\core\tcp.o
                0x080195b8                tcp_tmr
 .text.tcp_shutdown
                0x080195dc       0x58 Middlewares\Third_Party\LwIP\src\core\tcp.o
                0x080195dc                tcp_shutdown
 .text.tcp_abandon
                0x08019634       0xf8 Middlewares\Third_Party\LwIP\src\core\tcp.o
                0x08019634                tcp_abandon
 .text.tcp_abort
                0x0801972c        0xa Middlewares\Third_Party\LwIP\src\core\tcp.o
                0x0801972c                tcp_abort
 .text.tcp_accept_null
                0x08019736        0xe Middlewares\Third_Party\LwIP\src\core\tcp.o
 .text.tcp_kill_timewait
                0x08019744       0x34 Middlewares\Third_Party\LwIP\src\core\tcp.o
 .text.tcp_kill_prio
                0x08019778       0x44 Middlewares\Third_Party\LwIP\src\core\tcp.o
 .text.tcp_netif_ip_addr_changed_pcblist
                0x080197bc       0x20 Middlewares\Third_Party\LwIP\src\core\tcp.o
 .text.tcp_kill_state
                0x080197dc       0x60 Middlewares\Third_Party\LwIP\src\core\tcp.o
 .text.tcp_alloc
                0x0801983c       0xc0 Middlewares\Third_Party\LwIP\src\core\tcp.o
                0x0801983c                tcp_alloc
 .text.tcp_new_ip_type
                0x080198fc        0xa Middlewares\Third_Party\LwIP\src\core\tcp.o
                0x080198fc                tcp_new_ip_type
 *fill*         0x08019906        0x2 
 .text.tcp_next_iss
                0x08019908       0x18 Middlewares\Third_Party\LwIP\src\core\tcp.o
                0x08019908                tcp_next_iss
 .text.tcp_eff_send_mss_impl
                0x08019920       0x24 Middlewares\Third_Party\LwIP\src\core\tcp.o
                0x08019920                tcp_eff_send_mss_impl
 .text.tcp_netif_ip_addr_changed
                0x08019944       0x54 Middlewares\Third_Party\LwIP\src\core\tcp.o
                0x08019944                tcp_netif_ip_addr_changed
 .text.tcp_getoptbyte
                0x08019998       0x4c Middlewares\Third_Party\LwIP\src\core\tcp_in.o
 .text.tcp_parseopt
                0x080199e4       0x88 Middlewares\Third_Party\LwIP\src\core\tcp_in.o
 .text.tcp_input_delayed_close
                0x08019a6c       0x44 Middlewares\Third_Party\LwIP\src\core\tcp_in.o
 .text.tcp_timewait_input
                0x08019ab0       0x90 Middlewares\Third_Party\LwIP\src\core\tcp_in.o
 .text.tcp_listen_input
                0x08019b40      0x118 Middlewares\Third_Party\LwIP\src\core\tcp_in.o
 .text.tcp_oos_insert_segment
                0x08019c58       0x84 Middlewares\Third_Party\LwIP\src\core\tcp_in.o
 .text.tcp_receive
                0x08019cdc      0xa48 Middlewares\Third_Party\LwIP\src\core\tcp_in.o
 .text.tcp_process
                0x0801a724      0x538 Middlewares\Third_Party\LwIP\src\core\tcp_in.o
 .text.tcp_input
                0x0801ac5c      0x534 Middlewares\Third_Party\LwIP\src\core\tcp_in.o
                0x0801ac5c                tcp_input
 .text.tcp_trigger_input_pcb_close
                0x0801b190       0x10 Middlewares\Third_Party\LwIP\src\core\tcp_in.o
                0x0801b190                tcp_trigger_input_pcb_close
 .text.tcp_write_checks
                0x0801b1a0       0xa4 Middlewares\Third_Party\LwIP\src\core\tcp_out.o
 .text.tcp_pbuf_prealloc
                0x0801b244       0x80 Middlewares\Third_Party\LwIP\src\core\tcp_out.o
 .text.tcp_create_segment
                0x0801b2c4       0xc0 Middlewares\Third_Party\LwIP\src\core\tcp_out.o
 .text.tcp_output_alloc_header
                0x0801b384       0x94 Middlewares\Third_Party\LwIP\src\core\tcp_out.o
 .text.tcp_output_segment
                0x0801b418       0xbc Middlewares\Third_Party\LwIP\src\core\tcp_out.o
 .text.tcp_write
                0x0801b4d4      0x53c Middlewares\Third_Party\LwIP\src\core\tcp_out.o
                0x0801b4d4                tcp_write
 .text.tcp_enqueue_flags
                0x0801ba10      0x168 Middlewares\Third_Party\LwIP\src\core\tcp_out.o
                0x0801ba10                tcp_enqueue_flags
 .text.tcp_send_fin
                0x0801bb78       0x44 Middlewares\Third_Party\LwIP\src\core\tcp_out.o
                0x0801bb78                tcp_send_fin
 .text.tcp_send_empty_ack
                0x0801bbbc       0x72 Middlewares\Third_Party\LwIP\src\core\tcp_out.o
                0x0801bbbc                tcp_send_empty_ack
 *fill*         0x0801bc2e        0x2 
 .text.tcp_output
                0x0801bc30      0x2b8 Middlewares\Third_Party\LwIP\src\core\tcp_out.o
                0x0801bc30                tcp_output
 .text.tcp_rst  0x0801bee8       0xa8 Middlewares\Third_Party\LwIP\src\core\tcp_out.o
                0x0801bee8                tcp_rst
 .text.tcp_rexmit_rto
                0x0801bf90       0x36 Middlewares\Third_Party\LwIP\src\core\tcp_out.o
                0x0801bf90                tcp_rexmit_rto
 .text.tcp_rexmit
                0x0801bfc6       0x54 Middlewares\Third_Party\LwIP\src\core\tcp_out.o
                0x0801bfc6                tcp_rexmit
 .text.tcp_rexmit_fast
                0x0801c01a       0x58 Middlewares\Third_Party\LwIP\src\core\tcp_out.o
                0x0801c01a                tcp_rexmit_fast
 .text.tcp_keepalive
                0x0801c072       0x58 Middlewares\Third_Party\LwIP\src\core\tcp_out.o
                0x0801c072                tcp_keepalive
 .text.tcp_zero_window_probe
                0x0801c0ca       0xd4 Middlewares\Third_Party\LwIP\src\core\tcp_out.o
                0x0801c0ca                tcp_zero_window_probe
 *fill*         0x0801c19e        0x2 
 .text.sys_timeouts_sleeptime
                0x0801c1a0       0x34 Middlewares\Third_Party\LwIP\src\core\timeouts.o
 .text.sys_check_timeouts
                0x0801c1d4       0x70 Middlewares\Third_Party\LwIP\src\core\timeouts.o
 .text.sys_timeout
                0x0801c244       0xbc Middlewares\Third_Party\LwIP\src\core\timeouts.o
                0x0801c244                sys_timeout
 .text.tcp_timer_needed
                0x0801c300       0x3c Middlewares\Third_Party\LwIP\src\core\timeouts.o
                0x0801c300                tcp_timer_needed
 .text.tcpip_tcp_timer
                0x0801c33c       0x38 Middlewares\Third_Party\LwIP\src\core\timeouts.o
 .text.sys_timeouts_init
                0x0801c374       0x34 Middlewares\Third_Party\LwIP\src\core\timeouts.o
                0x0801c374                sys_timeouts_init
 .text.cyclic_timer
                0x0801c3a8       0x18 Middlewares\Third_Party\LwIP\src\core\timeouts.o
 .text.sys_timeouts_mbox_fetch
                0x0801c3c0       0x40 Middlewares\Third_Party\LwIP\src\core\timeouts.o
                0x0801c3c0                sys_timeouts_mbox_fetch
 .text.udp_new_port
                0x0801c400       0x4c Middlewares\Third_Party\LwIP\src\core\udp.o
 .text.udp_input_local_match
                0x0801c44c       0x50 Middlewares\Third_Party\LwIP\src\core\udp.o
 .text.udp_init
                0x0801c49c        0x2 Middlewares\Third_Party\LwIP\src\core\udp.o
                0x0801c49c                udp_init
 *fill*         0x0801c49e        0x2 
 .text.udp_input
                0x0801c4a0      0x144 Middlewares\Third_Party\LwIP\src\core\udp.o
                0x0801c4a0                udp_input
 .text.udp_bind
                0x0801c5e4       0x84 Middlewares\Third_Party\LwIP\src\core\udp.o
                0x0801c5e4                udp_bind
 .text.udp_recv
                0x0801c668        0x6 Middlewares\Third_Party\LwIP\src\core\udp.o
                0x0801c668                udp_recv
 *fill*         0x0801c66e        0x2 
 .text.udp_remove
                0x0801c670       0x38 Middlewares\Third_Party\LwIP\src\core\udp.o
                0x0801c670                udp_remove
 .text.udp_new  0x0801c6a8       0x1c Middlewares\Third_Party\LwIP\src\core\udp.o
                0x0801c6a8                udp_new
 .text.udp_new_ip_type
                0x0801c6c4        0x8 Middlewares\Third_Party\LwIP\src\core\udp.o
                0x0801c6c4                udp_new_ip_type
 .text.udp_netif_ip_addr_changed
                0x0801c6cc       0x34 Middlewares\Third_Party\LwIP\src\core\udp.o
                0x0801c6cc                udp_netif_ip_addr_changed
 .text.ethernet_input
                0x0801c700       0xa8 Middlewares\Third_Party\LwIP\src\netif\ethernet.o
                0x0801c700                ethernet_input
 .text.ethernet_output
                0x0801c7a8       0x70 Middlewares\Third_Party\LwIP\src\netif\ethernet.o
                0x0801c7a8                ethernet_output
 .text.sys_mbox_new
                0x0801c818       0x24 Middlewares\Third_Party\LwIP\system\OS\sys_arch.o
                0x0801c818                sys_mbox_new
 .text.sys_mbox_free
                0x0801c83c       0x12 Middlewares\Third_Party\LwIP\system\OS\sys_arch.o
                0x0801c83c                sys_mbox_free
 .text.sys_mbox_post
                0x0801c84e       0x18 Middlewares\Third_Party\LwIP\system\OS\sys_arch.o
                0x0801c84e                sys_mbox_post
 .text.sys_mbox_trypost
                0x0801c866       0x14 Middlewares\Third_Party\LwIP\system\OS\sys_arch.o
                0x0801c866                sys_mbox_trypost
 .text.sys_arch_mbox_fetch
                0x0801c87a       0x58 Middlewares\Third_Party\LwIP\system\OS\sys_arch.o
                0x0801c87a                sys_arch_mbox_fetch
 .text.sys_arch_mbox_tryfetch
                0x0801c8d2       0x26 Middlewares\Third_Party\LwIP\system\OS\sys_arch.o
                0x0801c8d2                sys_arch_mbox_tryfetch
 .text.sys_mbox_valid
                0x0801c8f8        0xc Middlewares\Third_Party\LwIP\system\OS\sys_arch.o
                0x0801c8f8                sys_mbox_valid
 .text.sys_mbox_set_invalid
                0x0801c904        0x6 Middlewares\Third_Party\LwIP\system\OS\sys_arch.o
                0x0801c904                sys_mbox_set_invalid
 .text.sys_sem_new
                0x0801c90a       0x32 Middlewares\Third_Party\LwIP\system\OS\sys_arch.o
                0x0801c90a                sys_sem_new
 .text.sys_arch_sem_wait
                0x0801c93c       0x3c Middlewares\Third_Party\LwIP\system\OS\sys_arch.o
                0x0801c93c                sys_arch_sem_wait
 .text.sys_sem_signal
                0x0801c978        0xa Middlewares\Third_Party\LwIP\system\OS\sys_arch.o
                0x0801c978                sys_sem_signal
 .text.sys_sem_free
                0x0801c982        0xa Middlewares\Third_Party\LwIP\system\OS\sys_arch.o
                0x0801c982                sys_sem_free
 .text.sys_sem_valid
                0x0801c98c        0xc Middlewares\Third_Party\LwIP\system\OS\sys_arch.o
                0x0801c98c                sys_sem_valid
 .text.sys_sem_set_invalid
                0x0801c998        0x6 Middlewares\Third_Party\LwIP\system\OS\sys_arch.o
                0x0801c998                sys_sem_set_invalid
 *fill*         0x0801c99e        0x2 
 .text.sys_init
                0x0801c9a0       0x18 Middlewares\Third_Party\LwIP\system\OS\sys_arch.o
                0x0801c9a0                sys_init
 .text.sys_mutex_new
                0x0801c9b8       0x22 Middlewares\Third_Party\LwIP\system\OS\sys_arch.o
                0x0801c9b8                sys_mutex_new
 .text.sys_mutex_lock
                0x0801c9da        0xe Middlewares\Third_Party\LwIP\system\OS\sys_arch.o
                0x0801c9da                sys_mutex_lock
 .text.sys_mutex_unlock
                0x0801c9e8        0xa Middlewares\Third_Party\LwIP\system\OS\sys_arch.o
                0x0801c9e8                sys_mutex_unlock
 .text.sys_thread_new
                0x0801c9f2       0x24 Middlewares\Third_Party\LwIP\system\OS\sys_arch.o
                0x0801c9f2                sys_thread_new
 *fill*         0x0801ca16        0x2 
 .text.sys_arch_protect
                0x0801ca18       0x18 Middlewares\Third_Party\LwIP\system\OS\sys_arch.o
                0x0801ca18                sys_arch_protect
 .text.sys_arch_unprotect
                0x0801ca30       0x10 Middlewares\Third_Party\LwIP\system\OS\sys_arch.o
                0x0801ca30                sys_arch_unprotect
 .text.is_exp_of_2
                0x0801ca40        0xc Src\circbuff.o
 .text.CB_Init  0x0801ca4c       0x2c Src\circbuff.o
                0x0801ca4c                CB_Init
 .text.CB_Data_Length
                0x0801ca78       0x10 Src\circbuff.o
                0x0801ca78                CB_Data_Length
 .text.CB_Write
                0x0801ca88       0x2c Src\circbuff.o
                0x0801ca88                CB_Write
 .text.CB_Read  0x0801cab4       0x28 Src\circbuff.o
                0x0801cab4                CB_Read
 .text.FlashInit
                0x0801cadc       0x88 Src\config_AI.o
                0x0801cadc                FlashInit
 .text.MX_DMA_Init
                0x0801cb64       0x34 Src\dma.o
                0x0801cb64                MX_DMA_Init
 .text.EE_VerifyPageFullyErased
                0x0801cb98       0x24 Src\eeprom.o
 .text.EE_FindValidPage
                0x0801cbbc       0x50 Src\eeprom.o
 .text.EE_VerifyPageFullWriteVariable
                0x0801cc0c       0x5c Src\eeprom.o
 .text.EE_Format
                0x0801cc68       0x60 Src\eeprom.o
 .text.EE_ReadVariable
                0x0801ccc8       0x44 Src\eeprom.o
                0x0801ccc8                EE_ReadVariable
 .text.EE_Init  0x0801cd0c      0x26c Src\eeprom.o
                0x0801cd0c                EE_Init
 .text.EE_PageTransfer
                0x0801cf78       0xc8 Src\eeprom.o
 .text.EE_WriteVariable
                0x0801d040       0x1a Src\eeprom.o
                0x0801d040                EE_WriteVariable
 *fill*         0x0801d05a        0x2 
 .text.low_level_input
                0x0801d05c       0xdc Src\ethernetif.o
 .text.ethernetif_input
                0x0801d138       0x3c Src\ethernetif.o
                0x0801d138                ethernetif_input
 .text.low_level_output
                0x0801d174       0xbc Src\ethernetif.o
 .text.low_level_init
                0x0801d230      0x100 Src\ethernetif.o
 .text.HAL_ETH_MspInit
                0x0801d330       0xb8 Src\ethernetif.o
                0x0801d330                HAL_ETH_MspInit
 .text.HAL_ETH_RxCpltCallback
                0x0801d3e8       0x10 Src\ethernetif.o
                0x0801d3e8                HAL_ETH_RxCpltCallback
 .text.ethernetif_init
                0x0801d3f8       0x48 Src\ethernetif.o
                0x0801d3f8                ethernetif_init
 .text.sys_now  0x0801d440        0x8 Src\ethernetif.o
                0x0801d440                sys_now
 .text.StartDefaultTask
                0x0801d448       0x94 Src\freertos.o
                0x0801d448                StartDefaultTask
 .text.MX_FREERTOS_Init
                0x0801d4dc       0x58 Src\freertos.o
                0x0801d4dc                MX_FREERTOS_Init
 .text.MX_GPIO_Init
                0x0801d534       0xbc Src\gpio.o
                0x0801d534                MX_GPIO_Init
 .text.LogInit  0x0801d5f0       0x1c Src\log.o
                0x0801d5f0                LogInit
 .text.LogTextNum
                0x0801d60c       0xd4 Src\log.o
                0x0801d60c                LogTextNum
 .text.MX_LWIP_Init
                0x0801d6e0      0x118 Src\lwip.o
                0x0801d6e0                MX_LWIP_Init
 .text.SystemClock_Config
                0x0801d7f8       0x98 Src\main.o
                0x0801d7f8                SystemClock_Config
 .text.main     0x0801d890       0x5c Src\main.o
                0x0801d890                main
 .text.HAL_TIM_PeriodElapsedCallback
                0x0801d8ec       0x2c Src\main.o
                0x0801d8ec                HAL_TIM_PeriodElapsedCallback
 .text.Error_Handler
                0x0801d918        0x2 Src\main.o
                0x0801d918                Error_Handler
 *fill*         0x0801d91a        0x2 
 .text.CommandProcess
                0x0801d91c       0x5c Src\processUART.o
                0x0801d91c                CommandProcess
 .text.HAL_UART_RxCpltCallback
                0x0801d978       0x3c Src\processUART.o
                0x0801d978                HAL_UART_RxCpltCallback
 .text.StartProcessTask
                0x0801d9b4       0x6c Src\processUART.o
                0x0801d9b4                StartProcessTask
 .text.HAL_MspInit
                0x0801da20       0x44 Src\stm32f4xx_hal_msp.o
                0x0801da20                HAL_MspInit
 .text.HAL_InitTick
                0x0801da64       0x7c Src\stm32f4xx_hal_timebase_tim.o
                0x0801da64                HAL_InitTick
 .text.NMI_Handler
                0x0801dae0        0x2 Src\stm32f4xx_it.o
                0x0801dae0                NMI_Handler
 .text.HardFault_Handler
                0x0801dae2        0x2 Src\stm32f4xx_it.o
                0x0801dae2                HardFault_Handler
 .text.MemManage_Handler
                0x0801dae4        0x2 Src\stm32f4xx_it.o
                0x0801dae4                MemManage_Handler
 .text.BusFault_Handler
                0x0801dae6        0x2 Src\stm32f4xx_it.o
                0x0801dae6                BusFault_Handler
 .text.UsageFault_Handler
                0x0801dae8        0x2 Src\stm32f4xx_it.o
                0x0801dae8                UsageFault_Handler
 .text.DebugMon_Handler
                0x0801daea        0x2 Src\stm32f4xx_it.o
                0x0801daea                DebugMon_Handler
 .text.TIM1_UP_TIM10_IRQHandler
                0x0801daec       0x10 Src\stm32f4xx_it.o
                0x0801daec                TIM1_UP_TIM10_IRQHandler
 .text.USART1_IRQHandler
                0x0801dafc       0x10 Src\stm32f4xx_it.o
                0x0801dafc                USART1_IRQHandler
 .text.TIM8_UP_TIM13_IRQHandler
                0x0801db0c       0x10 Src\stm32f4xx_it.o
                0x0801db0c                TIM8_UP_TIM13_IRQHandler
 .text.UART5_IRQHandler
                0x0801db1c       0x10 Src\stm32f4xx_it.o
                0x0801db1c                UART5_IRQHandler
 .text.TIM7_IRQHandler
                0x0801db2c       0x10 Src\stm32f4xx_it.o
                0x0801db2c                TIM7_IRQHandler
 .text.ETH_IRQHandler
                0x0801db3c       0x10 Src\stm32f4xx_it.o
                0x0801db3c                ETH_IRQHandler
 .text.DMA2_Stream7_IRQHandler
                0x0801db4c       0x10 Src\stm32f4xx_it.o
                0x0801db4c                DMA2_Stream7_IRQHandler
 .text._write   0x0801db5c       0x48 Src\syscalls.o
                0x0801db5c                _write
 .text.SystemInit
                0x0801dba4       0x4c Src\system_stm32f4xx.o
                0x0801dba4                SystemInit
 .text.MX_TIM7_Init
                0x0801dbf0       0x4c Src\tim.o
                0x0801dbf0                MX_TIM7_Init
 .text.MX_TIM8_Init
                0x0801dc3c       0x70 Src\tim.o
                0x0801dc3c                MX_TIM8_Init
 .text.HAL_TIM_Base_MspInit
                0x0801dcac       0x74 Src\tim.o
                0x0801dcac                HAL_TIM_Base_MspInit
 .text.ts_itoa  0x0801dd20       0x40 Src\tiny_printf.o
                0x0801dd20                ts_itoa
 .text.ts_formatstring
                0x0801dd60       0xdc Src\tiny_printf.o
                0x0801dd60                ts_formatstring
 .text.ts_formatlength
                0x0801de3c       0x8e Src\tiny_printf.o
                0x0801de3c                ts_formatlength
 .text.siprintf
                0x0801deca       0x1c Src\tiny_printf.o
                0x0801deca                siprintf
                0x0801deca                sprintf
 .text.iprintf  0x0801dee6       0x46 Src\tiny_printf.o
                0x0801dee6                iprintf
                0x0801dee6                printf
 .text.puts     0x0801df2c       0x38 Src\tiny_printf.o
                0x0801df2c                puts
 .text.MX_UART5_Init
                0x0801df64       0x40 Src\usart.o
                0x0801df64                MX_UART5_Init
 .text.MX_USART1_UART_Init
                0x0801dfa4       0x34 Src\usart.o
                0x0801dfa4                MX_USART1_UART_Init
 .text.HAL_UART_MspInit
                0x0801dfd8      0x168 Src\usart.o
                0x0801dfd8                HAL_UART_MspInit
 .text.HAL_UART_MspDeInit
                0x0801e140       0x74 Src\usart.o
                0x0801e140                HAL_UART_MspDeInit
 .text.read_param
                0x0801e1b4       0x24 Src\web_server.o
 .text.form_data_parser
                0x0801e1d8       0xc0 Src\web_server.o
 .text.web_server_thread
                0x0801e298      0x268 Src\web_server.o
                0x0801e298                web_server_thread
 .text.Reset_Handler
                0x0801e500       0x50 startup\startup_stm32f407xx.o
                0x0801e500                Reset_Handler
 .text.Default_Handler
                0x0801e550        0x2 startup\startup_stm32f407xx.o
                0x0801e550                RTC_Alarm_IRQHandler
                0x0801e550                HASH_RNG_IRQHandler
                0x0801e550                EXTI2_IRQHandler
                0x0801e550                TIM8_CC_IRQHandler
                0x0801e550                TIM1_CC_IRQHandler
                0x0801e550                DMA2_Stream5_IRQHandler
                0x0801e550                DMA1_Stream5_IRQHandler
                0x0801e550                PVD_IRQHandler
                0x0801e550                SDIO_IRQHandler
                0x0801e550                TAMP_STAMP_IRQHandler
                0x0801e550                CAN2_RX1_IRQHandler
                0x0801e550                EXTI3_IRQHandler
                0x0801e550                TIM8_TRG_COM_TIM14_IRQHandler
                0x0801e550                I2C3_ER_IRQHandler
                0x0801e550                EXTI0_IRQHandler
                0x0801e550                I2C2_EV_IRQHandler
                0x0801e550                DMA1_Stream2_IRQHandler
                0x0801e550                CAN1_RX0_IRQHandler
                0x0801e550                FPU_IRQHandler
                0x0801e550                OTG_HS_WKUP_IRQHandler
                0x0801e550                CAN2_SCE_IRQHandler
                0x0801e550                DMA2_Stream2_IRQHandler
                0x0801e550                SPI1_IRQHandler
                0x0801e550                TIM6_DAC_IRQHandler
                0x0801e550                TIM1_BRK_TIM9_IRQHandler
                0x0801e550                DCMI_IRQHandler
                0x0801e550                CAN2_RX0_IRQHandler
                0x0801e550                DMA2_Stream3_IRQHandler
                0x0801e550                USART6_IRQHandler
                0x0801e550                USART3_IRQHandler
                0x0801e550                CAN1_RX1_IRQHandler
                0x0801e550                DMA2_Stream0_IRQHandler
                0x0801e550                TIM4_IRQHandler
                0x0801e550                I2C1_EV_IRQHandler
                0x0801e550                DMA1_Stream6_IRQHandler
                0x0801e550                DMA1_Stream1_IRQHandler
                0x0801e550                UART4_IRQHandler
                0x0801e550                TIM3_IRQHandler
                0x0801e550                RCC_IRQHandler
                0x0801e550                TIM8_BRK_TIM12_IRQHandler
                0x0801e550                Default_Handler
                0x0801e550                EXTI15_10_IRQHandler
                0x0801e550                ADC_IRQHandler
                0x0801e550                DMA1_Stream7_IRQHandler
                0x0801e550                CAN2_TX_IRQHandler
                0x0801e550                TIM5_IRQHandler
                0x0801e550                I2C3_EV_IRQHandler
                0x0801e550                EXTI9_5_IRQHandler
                0x0801e550                RTC_WKUP_IRQHandler
                0x0801e550                ETH_WKUP_IRQHandler
                0x0801e550                SPI2_IRQHandler
                0x0801e550                OTG_HS_EP1_IN_IRQHandler
                0x0801e550                DMA1_Stream0_IRQHandler
                0x0801e550                CAN1_TX_IRQHandler
                0x0801e550                EXTI4_IRQHandler
                0x0801e550                FSMC_IRQHandler
                0x0801e550                OTG_HS_EP1_OUT_IRQHandler
                0x0801e550                WWDG_IRQHandler
                0x0801e550                TIM2_IRQHandler
                0x0801e550                OTG_FS_WKUP_IRQHandler
                0x0801e550                TIM1_TRG_COM_TIM11_IRQHandler
                0x0801e550                OTG_HS_IRQHandler
                0x0801e550                EXTI1_IRQHandler
                0x0801e550                USART2_IRQHandler
                0x0801e550                I2C2_ER_IRQHandler
                0x0801e550                DMA2_Stream1_IRQHandler
                0x0801e550                CAN1_SCE_IRQHandler
                0x0801e550                FLASH_IRQHandler
                0x0801e550                DMA2_Stream4_IRQHandler
                0x0801e550                OTG_FS_IRQHandler
                0x0801e550                SPI3_IRQHandler
                0x0801e550                DMA1_Stream4_IRQHandler
                0x0801e550                I2C1_ER_IRQHandler
                0x0801e550                DMA2_Stream6_IRQHandler
                0x0801e550                DMA1_Stream3_IRQHandler
 .text.atoi     0x0801e552        0x8 c:/program files (x86)/atollic/truestudio for stm32 9.1.0/armtools/bin/../lib/gcc/arm-atollic-eabi/6.3.1/../../../../arm-atollic-eabi/lib/armv7e-m/fpu\libc_nano.a(lib_a-atoi.o)
                0x0801e552                atoi
 *fill*         0x0801e55a        0x2 
 .text.__libc_init_array
                0x0801e55c       0x48 c:/program files (x86)/atollic/truestudio for stm32 9.1.0/armtools/bin/../lib/gcc/arm-atollic-eabi/6.3.1/../../../../arm-atollic-eabi/lib/armv7e-m/fpu\libc_nano.a(lib_a-init.o)
                0x0801e55c                __libc_init_array
 .text.__itoa   0x0801e5a4       0x30 c:/program files (x86)/atollic/truestudio for stm32 9.1.0/armtools/bin/../lib/gcc/arm-atollic-eabi/6.3.1/../../../../arm-atollic-eabi/lib/armv7e-m/fpu\libc_nano.a(lib_a-itoa.o)
                0x0801e5a4                __itoa
 .text.itoa     0x0801e5d4        0x4 c:/program files (x86)/atollic/truestudio for stm32 9.1.0/armtools/bin/../lib/gcc/arm-atollic-eabi/6.3.1/../../../../arm-atollic-eabi/lib/armv7e-m/fpu\libc_nano.a(lib_a-itoa.o)
                0x0801e5d4                itoa
 .text.memcmp   0x0801e5d8       0x1e c:/program files (x86)/atollic/truestudio for stm32 9.1.0/armtools/bin/../lib/gcc/arm-atollic-eabi/6.3.1/../../../../arm-atollic-eabi/lib/armv7e-m/fpu\libc_nano.a(lib_a-memcmp.o)
                0x0801e5d8                memcmp
 .text.memcpy   0x0801e5f6       0x16 c:/program files (x86)/atollic/truestudio for stm32 9.1.0/armtools/bin/../lib/gcc/arm-atollic-eabi/6.3.1/../../../../arm-atollic-eabi/lib/armv7e-m/fpu\libc_nano.a(lib_a-memcpy-stub.o)
                0x0801e5f6                memcpy
 .text.memset   0x0801e60c       0x10 c:/program files (x86)/atollic/truestudio for stm32 9.1.0/armtools/bin/../lib/gcc/arm-atollic-eabi/6.3.1/../../../../arm-atollic-eabi/lib/armv7e-m/fpu\libc_nano.a(lib_a-memset.o)
                0x0801e60c                memset
 .text.strcpy   0x0801e61c       0x10 c:/program files (x86)/atollic/truestudio for stm32 9.1.0/armtools/bin/../lib/gcc/arm-atollic-eabi/6.3.1/../../../../arm-atollic-eabi/lib/armv7e-m/fpu\libc_nano.a(lib_a-strcpy.o)
                0x0801e61c                strcpy
 .text.strncmp  0x0801e62c       0x24 c:/program files (x86)/atollic/truestudio for stm32 9.1.0/armtools/bin/../lib/gcc/arm-atollic-eabi/6.3.1/../../../../arm-atollic-eabi/lib/armv7e-m/fpu\libc_nano.a(lib_a-strncmp.o)
                0x0801e62c                strncmp
 .text._strtol_l.isra.0
                0x0801e650      0x100 c:/program files (x86)/atollic/truestudio for stm32 9.1.0/armtools/bin/../lib/gcc/arm-atollic-eabi/6.3.1/../../../../arm-atollic-eabi/lib/armv7e-m/fpu\libc_nano.a(lib_a-strtol.o)
 .text.strtol   0x0801e750       0x2c c:/program files (x86)/atollic/truestudio for stm32 9.1.0/armtools/bin/../lib/gcc/arm-atollic-eabi/6.3.1/../../../../arm-atollic-eabi/lib/armv7e-m/fpu\libc_nano.a(lib_a-strtol.o)
                0x0801e750                strtol
 .text.__utoa   0x0801e77c       0x80 c:/program files (x86)/atollic/truestudio for stm32 9.1.0/armtools/bin/../lib/gcc/arm-atollic-eabi/6.3.1/../../../../arm-atollic-eabi/lib/armv7e-m/fpu\libc_nano.a(lib_a-utoa.o)
                0x0801e77c                __utoa
 .text.__locale_ctype_ptr_l
                0x0801e7fc        0x6 c:/program files (x86)/atollic/truestudio for stm32 9.1.0/armtools/bin/../lib/gcc/arm-atollic-eabi/6.3.1/../../../../arm-atollic-eabi/lib/armv7e-m/fpu\libc_nano.a(lib_a-locale.o)
                0x0801e7fc                __locale_ctype_ptr_l
 .text.__ascii_mbtowc
                0x0801e802       0x24 c:/program files (x86)/atollic/truestudio for stm32 9.1.0/armtools/bin/../lib/gcc/arm-atollic-eabi/6.3.1/../../../../arm-atollic-eabi/lib/armv7e-m/fpu\libc_nano.a(lib_a-mbtowc_r.o)
                0x0801e802                __ascii_mbtowc
 .text.__ascii_wctomb
                0x0801e826       0x1a c:/program files (x86)/atollic/truestudio for stm32 9.1.0/armtools/bin/../lib/gcc/arm-atollic-eabi/6.3.1/../../../../arm-atollic-eabi/lib/armv7e-m/fpu\libc_nano.a(lib_a-wctomb_r.o)
                0x0801e826                __ascii_wctomb
 *(.glue_7)
 .glue_7        0x0801e840        0x0 linker stubs
 *(.glue_7t)
 .glue_7t       0x0801e840        0x0 linker stubs
 *(.eh_frame)
 .eh_frame      0x0801e840        0x0 c:/program files (x86)/atollic/truestudio for stm32 9.1.0/armtools/bin/../lib/gcc/arm-atollic-eabi/6.3.1/armv7e-m/fpu/crtbegin.o
 *(.init)
 .init          0x0801e840        0x4 c:/program files (x86)/atollic/truestudio for stm32 9.1.0/armtools/bin/../lib/gcc/arm-atollic-eabi/6.3.1/armv7e-m/fpu/crti.o
                0x0801e840                _init
 .init          0x0801e844        0x8 c:/program files (x86)/atollic/truestudio for stm32 9.1.0/armtools/bin/../lib/gcc/arm-atollic-eabi/6.3.1/armv7e-m/fpu/crtn.o
 *(.fini)
 .fini          0x0801e84c        0x4 c:/program files (x86)/atollic/truestudio for stm32 9.1.0/armtools/bin/../lib/gcc/arm-atollic-eabi/6.3.1/armv7e-m/fpu/crti.o
                0x0801e84c                _fini
 .fini          0x0801e850        0x8 c:/program files (x86)/atollic/truestudio for stm32 9.1.0/armtools/bin/../lib/gcc/arm-atollic-eabi/6.3.1/armv7e-m/fpu/crtn.o
                0x0801e858                . = ALIGN (0x4)
                0x0801e858                _etext = .

.vfp11_veneer   0x0801e858        0x0
 .vfp11_veneer  0x0801e858        0x0 linker stubs

.v4_bx          0x0801e858        0x0
 .v4_bx         0x0801e858        0x0 linker stubs

.iplt           0x0801e858        0x0
 .iplt          0x0801e858        0x0 c:/program files (x86)/atollic/truestudio for stm32 9.1.0/armtools/bin/../lib/gcc/arm-atollic-eabi/6.3.1/armv7e-m/fpu/crtbegin.o

.rodata         0x0801e858     0x4780
                0x0801e858                . = ALIGN (0x4)
 *(.rodata)
 .rodata        0x0801e858       0x14 Src\ethernetif.o
 .rodata        0x0801e86c       0x28 Src\freertos.o
 *(.rodata*)
 .rodata.flagBitshiftOffset.8973
                0x0801e894        0x8 Drivers\STM32F4xx_HAL_Driver\Src\stm32f4xx_hal_dma.o
 .rodata.vTaskStartScheduler.str1.4
                0x0801e89c        0x5 Middlewares\Third_Party\FreeRTOS\Source\tasks.o
 *fill*         0x0801e8a1        0x3 
 .rodata.netconn_accept.str1.4
                0x0801e8a4       0x3d Middlewares\Third_Party\LwIP\src\api\api_lib.o
 *fill*         0x0801e8e1        0x3 
 .rodata.netconn_bind.str1.4