Archive member included to satisfy reference by file (symbol)

c:/program files (x86)/atollic/truestudio for stm32 9.1.0/armtools/bin/../lib/gcc/arm-atollic-eabi/6.3.1/../../../../arm-atollic-eabi/lib/armv7e-m/fpu\libc_nano.a(lib_a-atoi.o)
                              Src\json.o (atoi)
c:/program files (x86)/atollic/truestudio for stm32 9.1.0/armtools/bin/../lib/gcc/arm-atollic-eabi/6.3.1/../../../../arm-atollic-eabi/lib/armv7e-m/fpu\libc_nano.a(lib_a-impure.o)
                              Src\unity.o (_impure_ptr)
c:/program files (x86)/atollic/truestudio for stm32 9.1.0/armtools/bin/../lib/gcc/arm-atollic-eabi/6.3.1/../../../../arm-atollic-eabi/lib/armv7e-m/fpu\libc_nano.a(lib_a-init.o)
                              startup\startup_stm32f407xx.o (__libc_init_array)
c:/program files (x86)/atollic/truestudio for stm32 9.1.0/armtools/bin/../lib/gcc/arm-atollic-eabi/6.3.1/../../../../arm-atollic-eabi/lib/armv7e-m/fpu\libc_nano.a(lib_a-itoa.o)
                              Src\json.o (itoa)
c:/program files (x86)/atollic/truestudio for stm32 9.1.0/armtools/bin/../lib/gcc/arm-atollic-eabi/6.3.1/../../../../arm-atollic-eabi/lib/armv7e-m/fpu\libc_nano.a(lib_a-memcmp.o)
                              Middlewares\Third_Party\LwIP\src\netif\ethernet.o (memcmp)
c:/program files (x86)/atollic/truestudio for stm32 9.1.0/armtools/bin/../lib/gcc/arm-atollic-eabi/6.3.1/../../../../arm-atollic-eabi/lib/armv7e-m/fpu\libc_nano.a(lib_a-memcpy-stub.o)
                              Middlewares\Third_Party\FreeRTOS\Source\queue.o (memcpy)
c:/program files (x86)/atollic/truestudio for stm32 9.1.0/armtools/bin/../lib/gcc/arm-atollic-eabi/6.3.1/../../../../arm-atollic-eabi/lib/armv7e-m/fpu\libc_nano.a(lib_a-memset.o)
                              Middlewares\Third_Party\FreeRTOS\Source\CMSIS_RTOS\cmsis_os.o (memset)
c:/program files (x86)/atollic/truestudio for stm32 9.1.0/armtools/bin/../lib/gcc/arm-atollic-eabi/6.3.1/../../../../arm-atollic-eabi/lib/armv7e-m/fpu\libc_nano.a(lib_a-setjmp.o)
                              Src\unity.o (setjmp)
c:/program files (x86)/atollic/truestudio for stm32 9.1.0/armtools/bin/../lib/gcc/arm-atollic-eabi/6.3.1/../../../../arm-atollic-eabi/lib/armv7e-m/fpu\libc_nano.a(lib_a-strchr.o)
                              Middlewares\Third_Party\LwIP\src\apps\httpd\httpd.o (strchr)
c:/program files (x86)/atollic/truestudio for stm32 9.1.0/armtools/bin/../lib/gcc/arm-atollic-eabi/6.3.1/../../../../arm-atollic-eabi/lib/armv7e-m/fpu\libc_nano.a(lib_a-strcmp.o)
                              Middlewares\Third_Party\LwIP\src\apps\httpd\fs.o (strcmp)
c:/program files (x86)/atollic/truestudio for stm32 9.1.0/armtools/bin/../lib/gcc/arm-atollic-eabi/6.3.1/../../../../arm-atollic-eabi/lib/armv7e-m/fpu\libc_nano.a(lib_a-strcpy.o)
                              Src\json.o (strcpy)
c:/program files (x86)/atollic/truestudio for stm32 9.1.0/armtools/bin/../lib/gcc/arm-atollic-eabi/6.3.1/../../../../arm-atollic-eabi/lib/armv7e-m/fpu\libc_nano.a(lib_a-strlen.o)
                              Middlewares\Third_Party\LwIP\src\apps\httpd\httpd.o (strlen)
c:/program files (x86)/atollic/truestudio for stm32 9.1.0/armtools/bin/../lib/gcc/arm-atollic-eabi/6.3.1/../../../../arm-atollic-eabi/lib/armv7e-m/fpu\libc_nano.a(lib_a-strncmp.o)
                              Middlewares\Third_Party\LwIP\src\apps\httpd\httpd.o (strncmp)
c:/program files (x86)/atollic/truestudio for stm32 9.1.0/armtools/bin/../lib/gcc/arm-atollic-eabi/6.3.1/../../../../arm-atollic-eabi/lib/armv7e-m/fpu\libc_nano.a(lib_a-strtol.o)
                              c:/program files (x86)/atollic/truestudio for stm32 9.1.0/armtools/bin/../lib/gcc/arm-atollic-eabi/6.3.1/../../../../arm-atollic-eabi/lib/armv7e-m/fpu\libc_nano.a(lib_a-atoi.o) (_strtol_r)
c:/program files (x86)/atollic/truestudio for stm32 9.1.0/armtools/bin/../lib/gcc/arm-atollic-eabi/6.3.1/../../../../arm-atollic-eabi/lib/armv7e-m/fpu\libc_nano.a(lib_a-utoa.o)
                              c:/program files (x86)/atollic/truestudio for stm32 9.1.0/armtools/bin/../lib/gcc/arm-atollic-eabi/6.3.1/../../../../arm-atollic-eabi/lib/armv7e-m/fpu\libc_nano.a(lib_a-itoa.o) (__utoa)
c:/program files (x86)/atollic/truestudio for stm32 9.1.0/armtools/bin/../lib/gcc/arm-atollic-eabi/6.3.1/../../../../arm-atollic-eabi/lib/armv7e-m/fpu\libc_nano.a(lib_a-wbuf.o)
                              Src\unity.o (__swbuf_r)
c:/program files (x86)/atollic/truestudio for stm32 9.1.0/armtools/bin/../lib/gcc/arm-atollic-eabi/6.3.1/../../../../arm-atollic-eabi/lib/armv7e-m/fpu\libc_nano.a(lib_a-wsetup.o)
                              c:/program files (x86)/atollic/truestudio for stm32 9.1.0/armtools/bin/../lib/gcc/arm-atollic-eabi/6.3.1/../../../../arm-atollic-eabi/lib/armv7e-m/fpu\libc_nano.a(lib_a-wbuf.o) (__swsetup_r)
c:/program files (x86)/atollic/truestudio for stm32 9.1.0/armtools/bin/../lib/gcc/arm-atollic-eabi/6.3.1/../../../../arm-atollic-eabi/lib/armv7e-m/fpu\libc_nano.a(lib_a-fflush.o)
[...]
Memory Configuration

Name             Origin             Length             Attributes
RAM              0x20000000         0x00020000         xrw
CCMRAM           0x10000000         0x00010000         rw
FLASH_ISR        0x08000000         0x00008000         xr
FLASH_EEPROM     0x08008000         0x00008000         xrw
FLASH_CODE       0x08010000         0x00070000         xr
*default*        0x00000000         0xffffffff

Linker script and memory map

LOAD c:/program files (x86)/atollic/truestudio for stm32 9.1.0/armtools/bin/../lib/gcc/arm-atollic-eabi/6.3.1/armv7e-m/fpu/crti.o
LOAD c:/program files (x86)/atollic/truestudio for stm32 9.1.0/armtools/bin/../lib/gcc/arm-atollic-eabi/6.3.1/armv7e-m/fpu/crtbegin.o
LOAD Drivers\STM32F4xx_HAL_Driver\Src\stm32f4xx_hal.o
LOAD Drivers\STM32F4xx_HAL_Driver\Src\stm32f4xx_hal_cortex.o
LOAD Drivers\STM32F4xx_HAL_Driver\Src\stm32f4xx_hal_dma.o
LOAD Drivers\STM32F4xx_HAL_Driver\Src\stm32f4xx_hal_dma_ex.o
LOAD Drivers\STM32F4xx_HAL_Driver\Src\stm32f4xx_hal_eth.o
LOAD Drivers\STM32F4xx_HAL_Driver\Src\stm32f4xx_hal_flash.o
LOAD Drivers\STM32F4xx_HAL_Driver\Src\stm32f4xx_hal_flash_ex.o
LOAD Drivers\STM32F4xx_HAL_Driver\Src\stm32f4xx_hal_flash_ramfunc.o
LOAD Drivers\STM32F4xx_HAL_Driver\Src\stm32f4xx_hal_gpio.o
LOAD Drivers\STM32F4xx_HAL_Driver\Src\stm32f4xx_hal_iwdg.o
LOAD Drivers\STM32F4xx_HAL_Driver\Src\stm32f4xx_hal_pwr.o
LOAD Drivers\STM32F4xx_HAL_Driver\Src\stm32f4xx_hal_pwr_ex.o
LOAD Drivers\STM32F4xx_HAL_Driver\Src\stm32f4xx_hal_rcc.o
LOAD Drivers\STM32F4xx_HAL_Driver\Src\stm32f4xx_hal_rcc_ex.o
LOAD Drivers\STM32F4xx_HAL_Driver\Src\stm32f4xx_hal_tim.o
LOAD Drivers\STM32F4xx_HAL_Driver\Src\stm32f4xx_hal_tim_ex.o
LOAD Drivers\STM32F4xx_HAL_Driver\Src\stm32f4xx_hal_uart.o
LOAD Middlewares\Third_Party\FreeRTOS\Source\CMSIS_RTOS\cmsis_os.o
LOAD Middlewares\Third_Party\FreeRTOS\Source\croutine.o
LOAD Middlewares\Third_Party\FreeRTOS\Source\event_groups.o
LOAD Middlewares\Third_Party\FreeRTOS\Source\list.o
LOAD Middlewares\Third_Party\FreeRTOS\Source\portable\GCC\ARM_CM4F\port.o
LOAD Middlewares\Third_Party\FreeRTOS\Source\portable\MemMang\heap_4.o
LOAD Middlewares\Third_Party\FreeRTOS\Source\queue.o
LOAD Middlewares\Third_Party\FreeRTOS\Source\tasks.o
LOAD Middlewares\Third_Party\FreeRTOS\Source\timers.o
LOAD Middlewares\Third_Party\LwIP\src\api\api_lib.o
LOAD Middlewares\Third_Party\LwIP\src\api\api_msg.o
LOAD Middlewares\Third_Party\LwIP\src\api\err.o
LOAD Middlewares\Third_Party\LwIP\src\api\netbuf.o
LOAD Middlewares\Third_Party\LwIP\src\api\netdb.o
LOAD Middlewares\Third_Party\LwIP\src\api\netifapi.o
LOAD Middlewares\Third_Party\LwIP\src\api\sockets.o
LOAD Middlewares\Third_Party\LwIP\src\api\tcpip.o
LOAD Middlewares\Third_Party\LwIP\src\apps\httpd\fs.o
LOAD Middlewares\Third_Party\LwIP\src\apps\httpd\httpd.o
LOAD Middlewares\Third_Party\LwIP\src\apps\mqtt\mqtt.o
LOAD Middlewares\Third_Party\LwIP\src\core\def.o
LOAD Middlewares\Third_Party\LwIP\src\core\dns.o
LOAD Middlewares\Third_Party\LwIP\src\core\inet_chksum.o
LOAD Middlewares\Third_Party\LwIP\src\core\init.o
LOAD Middlewares\Third_Party\LwIP\src\core\ip.o
LOAD Middlewares\Third_Party\LwIP\src\core\ipv4\autoip.o
LOAD Middlewares\Third_Party\LwIP\src\core\ipv4\dhcp.o
LOAD Middlewares\Third_Party\LwIP\src\core\ipv4\etharp.o
LOAD Middlewares\Third_Party\LwIP\src\core\ipv4\icmp.o
LOAD Middlewares\Third_Party\LwIP\src\core\ipv4\igmp.o
LOAD Middlewares\Third_Party\LwIP\src\core\ipv4\ip4.o
LOAD Middlewares\Third_Party\LwIP\src\core\ipv4\ip4_addr.o
LOAD Middlewares\Third_Party\LwIP\src\core\ipv4\ip4_frag.o
LOAD Middlewares\Third_Party\LwIP\src\core\ipv6\dhcp6.o
LOAD Middlewares\Third_Party\LwIP\src\core\ipv6\ethip6.o
LOAD Middlewares\Third_Party\LwIP\src\core\ipv6\icmp6.o
LOAD Middlewares\Third_Party\LwIP\src\core\ipv6\inet6.o
LOAD Middlewares\Third_Party\LwIP\src\core\ipv6\ip6.o
LOAD Middlewares\Third_Party\LwIP\src\core\ipv6\ip6_addr.o
LOAD Middlewares\Third_Party\LwIP\src\core\ipv6\ip6_frag.o
LOAD Middlewares\Third_Party\LwIP\src\core\ipv6\mld6.o
LOAD Middlewares\Third_Party\LwIP\src\core\ipv6\nd6.o
LOAD Middlewares\Third_Party\LwIP\src\core\mem.o
LOAD Middlewares\Third_Party\LwIP\src\core\memp.o
LOAD Middlewares\Third_Party\LwIP\src\core\netif.o
LOAD Middlewares\Third_Party\LwIP\src\core\pbuf.o
LOAD Middlewares\Third_Party\LwIP\src\core\raw.o
LOAD Middlewares\Third_Party\LwIP\src\core\stats.o
LOAD Middlewares\Third_Party\LwIP\src\core\sys.o
LOAD Middlewares\Third_Party\LwIP\src\core\tcp.o
LOAD Middlewares\Third_Party\LwIP\src\core\tcp_in.o
LOAD Middlewares\Third_Party\LwIP\src\core\tcp_out.o
LOAD Middlewares\Third_Party\LwIP\src\core\timeouts.o
LOAD Middlewares\Third_Party\LwIP\src\core\udp.o
LOAD Middlewares\Third_Party\LwIP\src\netif\ethernet.o
LOAD Middlewares\Third_Party\LwIP\src\netif\lowpan6.o
LOAD Middlewares\Third_Party\LwIP\src\netif\ppp\auth.o
LOAD Middlewares\Third_Party\LwIP\src\netif\ppp\ccp.o
LOAD Middlewares\Third_Party\LwIP\src\netif\ppp\chap-md5.o
LOAD Middlewares\Third_Party\LwIP\src\netif\ppp\chap-new.o
LOAD Middlewares\Third_Party\LwIP\src\netif\ppp\chap_ms.o
LOAD Middlewares\Third_Party\LwIP\src\netif\ppp\demand.o
LOAD Middlewares\Third_Party\LwIP\src\netif\ppp\eap.o
LOAD Middlewares\Third_Party\LwIP\src\netif\ppp\ecp.o
LOAD Middlewares\Third_Party\LwIP\src\netif\ppp\eui64.o
LOAD Middlewares\Third_Party\LwIP\src\netif\ppp\fsm.o
LOAD Middlewares\Third_Party\LwIP\src\netif\ppp\ipcp.o
LOAD Middlewares\Third_Party\LwIP\src\netif\ppp\ipv6cp.o
LOAD Middlewares\Third_Party\LwIP\src\netif\ppp\lcp.o
LOAD Middlewares\Third_Party\LwIP\src\netif\ppp\magic.o
LOAD Middlewares\Third_Party\LwIP\src\netif\ppp\mppe.o
LOAD Middlewares\Third_Party\LwIP\src\netif\ppp\multilink.o
LOAD Middlewares\Third_Party\LwIP\src\netif\ppp\ppp.o
LOAD Middlewares\Third_Party\LwIP\src\netif\ppp\pppapi.o
LOAD Middlewares\Third_Party\LwIP\src\netif\ppp\pppcrypt.o
LOAD Middlewares\Third_Party\LwIP\src\netif\ppp\pppoe.o
LOAD Middlewares\Third_Party\LwIP\src\netif\ppp\pppol2tp.o
LOAD Middlewares\Third_Party\LwIP\src\netif\ppp\pppos.o
LOAD Middlewares\Third_Party\LwIP\src\netif\ppp\upap.o
LOAD Middlewares\Third_Party\LwIP\src\netif\ppp\utils.o
LOAD Middlewares\Third_Party\LwIP\src\netif\ppp\vj.o
LOAD Middlewares\Third_Party\LwIP\src\netif\slipif.o
LOAD Middlewares\Third_Party\LwIP\system\OS\sys_arch.o
LOAD Src\circbuff.o
LOAD Src\config_AI.o
LOAD Src\dma.o
LOAD Src\eeprom.o
LOAD Src\ethernetif.o
LOAD Src\freertos.o
LOAD Src\gpio.o
LOAD Src\iwdg.o
LOAD Src\jsmn.o
LOAD Src\json.o
LOAD Src\log.o
LOAD Src\lwip.o
LOAD Src\main.o
LOAD Src\processUART.o
LOAD Src\protocol.o
LOAD Src\stm32f4xx_hal_msp.o
LOAD Src\stm32f4xx_hal_timebase_tim.o
LOAD Src\stm32f4xx_it.o
LOAD Src\syscalls.o
LOAD Src\system_stm32f4xx.o
LOAD Src\tcp_client.o
LOAD Src\tim.o
LOAD Src\tiny_printf.o
LOAD Src\unity.o
LOAD Src\usart.o
LOAD Src\web_server.o
LOAD startup\startup_stm32f407xx.o
LOAD test\test_protocol.o
LOAD test\test_runner.o
                0x00000080                malloc_getpagesize_P = 0x80
START GROUP
LOAD c:/program files (x86)/atollic/truestudio for stm32 9.1.0/armtools/bin/../lib/gcc/arm-atollic-eabi/6.3.1/../../../../arm-atollic-eabi/lib/armv7e-m/fpu\libc_nano.a
LOAD c:/program files (x86)/atollic/truestudio for stm32 9.1.0/armtools/bin/../lib/gcc/arm-atollic-eabi/6.3.1/../../../../arm-atollic-eabi/lib/armv7e-m/fpu\libm.a
END GROUP
START GROUP
LOAD c:/program files (x86)/atollic/truestudio for stm32 9.1.0/armtools/bin/../lib/gcc/arm-atollic-eabi/6.3.1/armv7e-m/fpu\libgcc.a
LOAD c:/program files (x86)/atollic/truestudio for stm32 9.1.0/armtools/bin/../lib/gcc/arm-atollic-eabi/6.3.1/../../../../arm-atollic-eabi/lib/armv7e-m/fpu\libc_nano.a
END GROUP
START GROUP
LOAD c:/program files (x86)/atollic/truestudio for stm32 9.1.0/armtools/bin/../lib/gcc/arm-atollic-eabi/6.3.1/armv7e-m/fpu\libgcc.a
LOAD c:/program files (x86)/atollic/truestudio for stm32 9.1.0/armtools/bin/../lib/gcc/arm-atollic-eabi/6.3.1/../../../../arm-atollic-eabi/lib/armv7e-m/fpu\libc_nano.a
LOAD c:/program files (x86)/atollic/truestudio for stm32 9.1.0/armtools/bin/../lib/gcc/arm-atollic-eabi/6.3.1/../../../../arm-atollic-eabi/lib/armv7e-m/fpu\libnosys.a
END GROUP
START GROUP
LOAD c:/program files (x86)/atollic/truestudio for stm32 9.1.0/armtools/bin/../lib/gcc/arm-atollic-eabi/6.3.1/armv7e-m/fpu\libgcc.a
LOAD c:/program files (x86)/atollic/truestudio for stm32 9.1.0/armtools/bin/../lib/gcc/arm-atollic-eabi/6.3.1/../../../../arm-atollic-eabi/lib/armv7e-m/fpu\libc_nano.a
LOAD c:/program files (x86)/atollic/truestudio for stm32 9.1.0/armtools/bin/../lib/gcc/arm-atollic-eabi/6.3.1/../../../../arm-atollic-eabi/lib/armv7e-m/fpu\libnosys.a
END GROUP
LOAD c:/program files (x86)/atollic/truestudio for stm32 9.1.0/armtools/bin/../lib/gcc/arm-atollic-eabi/6.3.1/armv7e-m/fpu/crtend.o
LOAD c:/program files (x86)/atollic/truestudio for stm32 9.1.0/armtools/bin/../lib/gcc/arm-atollic-eabi/6.3.1/armv7e-m/fpu/crtn.o
                0x20020000                _estack = 0x20020000
                0x00002000                _Min_Heap_Size = 0x2000
                0x00004000                _Min_Stack_Size = 0x4000

.isr_vector     0x08000000      0x188
                0x08000000                . = ALIGN (0x4)
 *(.isr_vector)
 .isr_vector    0x08000000      0x188 startup\startup_stm32f407xx.o
                0x08000000                g_pfnVectors
                0x08000188                . = ALIGN (0x4)

.eeprom_emul    0x08008000        0x0
                0x08008000                . = ALIGN (0x4)
 *(.EEPROM_Emul*)
                0x08008000                . = ALIGN (0x4)

.text           0x08010000    0x18ee4
                0x08010000                . = ALIGN (0x4)
 *(.text)
 .text          0x08010000       0x40 c:/program files (x86)/atollic/truestudio for stm32 9.1.0/armtools/bin/../lib/gcc/arm-atollic-eabi/6.3.1/armv7e-m/fpu/crtbegin.o
 .text          0x08010040       0x1c c:/program files (x86)/atollic/truestudio for stm32 9.1.0/armtools/bin/../lib/gcc/arm-atollic-eabi/6.3.1/../../../../arm-atollic-eabi/lib/armv7e-m/fpu\libc_nano.a(lib_a-setjmp.o)
                0x08010040                setjmp
                0x0801004c                longjmp
 .text          0x0801005c       0x14 c:/program files (x86)/atollic/truestudio for stm32 9.1.0/armtools/bin/../lib/gcc/arm-atollic-eabi/6.3.1/../../../../arm-atollic-eabi/lib/armv7e-m/fpu\libc_nano.a(lib_a-strcmp.o)
                0x0801005c                strcmp
 .text          0x08010070       0x10 c:/program files (x86)/atollic/truestudio for stm32 9.1.0/armtools/bin/../lib/gcc/arm-atollic-eabi/6.3.1/../../../../arm-atollic-eabi/lib/armv7e-m/fpu\libc_nano.a(lib_a-strlen.o)
                0x08010070                strlen
 .text          0x08010080       0x30 c:/program files (x86)/atollic/truestudio for stm32 9.1.0/armtools/bin/../lib/gcc/arm-atollic-eabi/6.3.1/armv7e-m/fpu\libgcc.a(_aeabi_uldivmod.o)
                0x08010080                __aeabi_uldivmod
 .text          0x080100b0      0x2dc c:/program files (x86)/atollic/truestudio for stm32 9.1.0/armtools/bin/../lib/gcc/arm-atollic-eabi/6.3.1/armv7e-m/fpu\libgcc.a(_udivmoddi4.o)
                0x080100b0                __udivmoddi4
 .text          0x0801038c        0x4 c:/program files (x86)/atollic/truestudio for stm32 9.1.0/armtools/bin/../lib/gcc/arm-atollic-eabi/6.3.1/armv7e-m/fpu\libgcc.a(_dvmd_tls.o)
                0x0801038c                __aeabi_idiv0
                0x0801038c                __aeabi_ldiv0
 *(.text*)
 .text.HAL_Init
                0x08010390       0x44 Drivers\STM32F4xx_HAL_Driver\Src\stm32f4xx_hal.o
                0x08010390                HAL_Init
 .text.HAL_IncTick
                0x080103d4       0x28 Drivers\STM32F4xx_HAL_Driver\Src\stm32f4xx_hal.o
                0x080103d4                HAL_IncTick
 .text.HAL_GetTick
                0x080103fc       0x18 Drivers\STM32F4xx_HAL_Driver\Src\stm32f4xx_hal.o
                0x080103fc                HAL_GetTick
 .text.HAL_Delay
                0x08010414       0x44 Drivers\STM32F4xx_HAL_Driver\Src\stm32f4xx_hal.o
                0x08010414                HAL_Delay
 .text.NVIC_SetPriorityGrouping
                0x08010458       0x48 Drivers\STM32F4xx_HAL_Driver\Src\stm32f4xx_hal_cortex.o
 .text.NVIC_GetPriorityGrouping
                0x080104a0       0x1c Drivers\STM32F4xx_HAL_Driver\Src\stm32f4xx_hal_cortex.o
 .text.NVIC_EnableIRQ
                0x080104bc       0x34 Drivers\STM32F4xx_HAL_Driver\Src\stm32f4xx_hal_cortex.o
 .text.NVIC_SetPriority
                0x080104f0       0x54 Drivers\STM32F4xx_HAL_Driver\Src\stm32f4xx_hal_cortex.o
 .text.NVIC_EncodePriority
                0x08010544       0x62 Drivers\STM32F4xx_HAL_Driver\Src\stm32f4xx_hal_cortex.o
 .text.HAL_NVIC_SetPriorityGrouping
                0x080105a6       0x16 Drivers\STM32F4xx_HAL_Driver\Src\stm32f4xx_hal_cortex.o
                0x080105a6                HAL_NVIC_SetPriorityGrouping
 .text.HAL_NVIC_SetPriority
                0x080105bc       0x38 Drivers\STM32F4xx_HAL_Driver\Src\stm32f4xx_hal_cortex.o
                0x080105bc                HAL_NVIC_SetPriority
 .text.HAL_NVIC_EnableIRQ
                0x080105f4       0x1c Drivers\STM32F4xx_HAL_Driver\Src\stm32f4xx_hal_cortex.o
                0x080105f4                HAL_NVIC_EnableIRQ
 .text.HAL_DMA_Init
                0x08010610      0x15c Drivers\STM32F4xx_HAL_Driver\Src\stm32f4xx_hal_dma.o
                0x08010610                HAL_DMA_Init
 .text.HAL_DMA_Start_IT
                0x0801076c       0xc0 Drivers\STM32F4xx_HAL_Driver\Src\stm32f4xx_hal_dma.o
                0x0801076c                HAL_DMA_Start_IT
 .text.HAL_DMA_Abort_IT
                0x0801082c       0x44 Drivers\STM32F4xx_HAL_Driver\Src\stm32f4xx_hal_dma.o
                0x0801082c                HAL_DMA_Abort_IT
 .text.HAL_DMA_IRQHandler
                0x08010870      0x314 Drivers\STM32F4xx_HAL_Driver\Src\stm32f4xx_hal_dma.o
                0x08010870                HAL_DMA_IRQHandler
 .text.DMA_SetConfig
                0x08010b84       0x5c Drivers\STM32F4xx_HAL_Driver\Src\stm32f4xx_hal_dma.o
 .text.DMA_CalcBaseAndBitshift
                0x08010be0       0x6c Drivers\STM32F4xx_HAL_Driver\Src\stm32f4xx_hal_dma.o
 .text.DMA_CheckFifoParam
                0x08010c4c       0xf4 Drivers\STM32F4xx_HAL_Driver\Src\stm32f4xx_hal_dma.o
 .text.HAL_ETH_Init
                0x08010d40      0x33c Drivers\STM32F4xx_HAL_Driver\Src\stm32f4xx_hal_eth.o
                0x08010d40                HAL_ETH_Init
 .text.HAL_ETH_DMATxDescListInit
                0x0801107c       0xd2 Drivers\STM32F4xx_HAL_Driver\Src\stm32f4xx_hal_eth.o
                0x0801107c                HAL_ETH_DMATxDescListInit
 .text.HAL_ETH_DMARxDescListInit
                0x0801114e       0xda Drivers\STM32F4xx_HAL_Driver\Src\stm32f4xx_hal_eth.o
                0x0801114e                HAL_ETH_DMARxDescListInit
 .text.HAL_ETH_TransmitFrame
                0x08011228      0x1d4 Drivers\STM32F4xx_HAL_Driver\Src\stm32f4xx_hal_eth.o
                0x08011228                HAL_ETH_TransmitFrame
 .text.HAL_ETH_GetReceivedFrame_IT
                0x080113fc      0x110 Drivers\STM32F4xx_HAL_Driver\Src\stm32f4xx_hal_eth.o
                0x080113fc                HAL_ETH_GetReceivedFrame_IT
 .text.HAL_ETH_IRQHandler
                0x0801150c       0xce Drivers\STM32F4xx_HAL_Driver\Src\stm32f4xx_hal_eth.o
                0x0801150c                HAL_ETH_IRQHandler
 .text.HAL_ETH_TxCpltCallback
                0x080115da       0x14 Drivers\STM32F4xx_HAL_Driver\Src\stm32f4xx_hal_eth.o
                0x080115da                HAL_ETH_TxCpltCallback
 .text.HAL_ETH_ErrorCallback
                0x080115ee       0x14 Drivers\STM32F4xx_HAL_Driver\Src\stm32f4xx_hal_eth.o
                0x080115ee                HAL_ETH_ErrorCallback
 .text.HAL_ETH_ReadPHYRegister
                0x08011602       0xd0 Drivers\STM32F4xx_HAL_Driver\Src\stm32f4xx_hal_eth.o
                0x08011602                HAL_ETH_ReadPHYRegister
 .text.HAL_ETH_WritePHYRegister
                0x080116d2       0xcc Drivers\STM32F4xx_HAL_Driver\Src\stm32f4xx_hal_eth.o
                0x080116d2                HAL_ETH_WritePHYRegister
 .text.HAL_ETH_Start
                0x0801179e       0x5e Drivers\STM32F4xx_HAL_Driver\Src\stm32f4xx_hal_eth.o
                0x0801179e                HAL_ETH_Start
 .text.ETH_MACDMAConfig
                0x080117fc      0x390 Drivers\STM32F4xx_HAL_Driver\Src\stm32f4xx_hal_eth.o
 .text.ETH_MACAddressConfig
                0x08011b8c       0x70 Drivers\STM32F4xx_HAL_Driver\Src\stm32f4xx_hal_eth.o
 .text.ETH_MACTransmissionEnable
                0x08011bfc       0x3a Drivers\STM32F4xx_HAL_Driver\Src\stm32f4xx_hal_eth.o
 .text.ETH_MACReceptionEnable
                0x08011c36       0x3a Drivers\STM32F4xx_HAL_Driver\Src\stm32f4xx_hal_eth.o
 .text.ETH_DMATransmissionEnable
                0x08011c70       0x30 Drivers\STM32F4xx_HAL_Driver\Src\stm32f4xx_hal_eth.o
 .text.ETH_DMAReceptionEnable
                0x08011ca0       0x30 Drivers\STM32F4xx_HAL_Driver\Src\stm32f4xx_hal_eth.o
 .text.ETH_FlushTransmitFIFO
                0x08011cd0       0x52 Drivers\STM32F4xx_HAL_Driver\Src\stm32f4xx_hal_eth.o
 *fill*         0x08011d22        0x2 
 .text.ETH_Delay
                0x08011d24       0x3c Drivers\STM32F4xx_HAL_Driver\Src\stm32f4xx_hal_eth.o
 .text.HAL_FLASH_Program
                0x08011d60       0xa8 Drivers\STM32F4xx_HAL_Driver\Src\stm32f4xx_hal_flash.o
                0x08011d60                HAL_FLASH_Program
 .text.HAL_FLASH_Unlock
                0x08011e08       0x44 Drivers\STM32F4xx_HAL_Driver\Src\stm32f4xx_hal_flash.o
                0x08011e08                HAL_FLASH_Unlock
 .text.FLASH_WaitForLastOperation
                0x08011e4c       0x80 Drivers\STM32F4xx_HAL_Driver\Src\stm32f4xx_hal_flash.o
                0x08011e4c                FLASH_WaitForLastOperation
 .text.FLASH_Program_DoubleWord
                0x08011ecc       0x58 Drivers\STM32F4xx_HAL_Driver\Src\stm32f4xx_hal_flash.o
 .text.FLASH_Program_Word
                0x08011f24       0x44 Drivers\STM32F4xx_HAL_Driver\Src\stm32f4xx_hal_flash.o
 .text.FLASH_Program_HalfWord
                0x08011f68       0x48 Drivers\STM32F4xx_HAL_Driver\Src\stm32f4xx_hal_flash.o
 .text.FLASH_Program_Byte
                0x08011fb0       0x44 Drivers\STM32F4xx_HAL_Driver\Src\stm32f4xx_hal_flash.o
 .text.FLASH_SetErrorCode
                0x08011ff4       0xac Drivers\STM32F4xx_HAL_Driver\Src\stm32f4xx_hal_flash.o
 .text.HAL_FLASHEx_Erase
                0x080120a0       0xe0 Drivers\STM32F4xx_HAL_Driver\Src\stm32f4xx_hal_flash_ex.o
                0x080120a0                HAL_FLASHEx_Erase
 .text.FLASH_MassErase
                0x08012180       0x48 Drivers\STM32F4xx_HAL_Driver\Src\stm32f4xx_hal_flash_ex.o
 .text.FLASH_Erase_Sector
                0x080121c8       0x90 Drivers\STM32F4xx_HAL_Driver\Src\stm32f4xx_hal_flash_ex.o
                0x080121c8                FLASH_Erase_Sector
 .text.FLASH_FlushCaches
                0x08012258       0x8c Drivers\STM32F4xx_HAL_Driver\Src\stm32f4xx_hal_flash_ex.o
                0x08012258                FLASH_FlushCaches
 .text.HAL_GPIO_Init
                0x080122e4      0x334 Drivers\STM32F4xx_HAL_Driver\Src\stm32f4xx_hal_gpio.o
                0x080122e4                HAL_GPIO_Init
 .text.HAL_GPIO_WritePin
                0x08012618       0x32 Drivers\STM32F4xx_HAL_Driver\Src\stm32f4xx_hal_gpio.o
                0x08012618                HAL_GPIO_WritePin
 .text.HAL_GPIO_TogglePin
                0x0801264a       0x24 Drivers\STM32F4xx_HAL_Driver\Src\stm32f4xx_hal_gpio.o
                0x0801264a                HAL_GPIO_TogglePin
 .text.HAL_IWDG_Refresh
                0x0801266e       0x20 Drivers\STM32F4xx_HAL_Driver\Src\stm32f4xx_hal_iwdg.o
                0x0801266e                HAL_IWDG_Refresh
 *fill*         0x0801268e        0x2 
 .text.HAL_RCC_OscConfig
                0x08012690      0x484 Drivers\STM32F4xx_HAL_Driver\Src\stm32f4xx_hal_rcc.o
                0x08012690                HAL_RCC_OscConfig
 .text.HAL_RCC_ClockConfig
                0x08012b14      0x1c4 Drivers\STM32F4xx_HAL_Driver\Src\stm32f4xx_hal_rcc.o
                0x08012b14                HAL_RCC_ClockConfig
 .text.HAL_RCC_GetSysClockFreq
                0x08012cd8      0x16c Drivers\STM32F4xx_HAL_Driver\Src\stm32f4xx_hal_rcc.o
                0x08012cd8                HAL_RCC_GetSysClockFreq
 .text.HAL_RCC_GetHCLKFreq
                0x08012e44       0x18 Drivers\STM32F4xx_HAL_Driver\Src\stm32f4xx_hal_rcc.o
                0x08012e44                HAL_RCC_GetHCLKFreq
 .text.HAL_RCC_GetPCLK1Freq
                0x08012e5c       0x28 Drivers\STM32F4xx_HAL_Driver\Src\stm32f4xx_hal_rcc.o
                0x08012e5c                HAL_RCC_GetPCLK1Freq
 .text.HAL_RCC_GetPCLK2Freq
                0x08012e84       0x28 Drivers\STM32F4xx_HAL_Driver\Src\stm32f4xx_hal_rcc.o
                0x08012e84                HAL_RCC_GetPCLK2Freq
 .text.HAL_RCC_GetClockConfig
                0x08012eac       0x64 Drivers\STM32F4xx_HAL_Driver\Src\stm32f4xx_hal_rcc.o
                0x08012eac                HAL_RCC_GetClockConfig
 .text.HAL_TIM_Base_Init
                0x08012f10       0x56 Drivers\STM32F4xx_HAL_Driver\Src\stm32f4xx_hal_tim.o
                0x08012f10                HAL_TIM_Base_Init
 .text.HAL_TIM_Base_Start_IT
                0x08012f66       0x36 Drivers\STM32F4xx_HAL_Driver\Src\stm32f4xx_hal_tim.o
                0x08012f66                HAL_TIM_Base_Start_IT
 .text.HAL_TIM_Base_Stop_IT
                0x08012f9c       0x56 Drivers\STM32F4xx_HAL_Driver\Src\stm32f4xx_hal_tim.o
                0x08012f9c                HAL_TIM_Base_Stop_IT
 .text.HAL_TIM_IRQHandler
                0x08012ff2      0x210 Drivers\STM32F4xx_HAL_Driver\Src\stm32f4xx_hal_tim.o
                0x08012ff2                HAL_TIM_IRQHandler
 .text.HAL_TIM_ConfigClockSource
                0x08013202      0x1b6 Drivers\STM32F4xx_HAL_Driver\Src\stm32f4xx_hal_tim.o
                0x08013202                HAL_TIM_ConfigClockSource
 .text.HAL_TIM_OC_DelayElapsedCallback
                0x080133b8       0x14 Drivers\STM32F4xx_HAL_Driver\Src\stm32f4xx_hal_tim.o
                0x080133b8                HAL_TIM_OC_DelayElapsedCallback
 .text.HAL_TIM_IC_CaptureCallback
                0x080133cc       0x14 Drivers\STM32F4xx_HAL_Driver\Src\stm32f4xx_hal_tim.o
                0x080133cc                HAL_TIM_IC_CaptureCallback
 .text.HAL_TIM_PWM_PulseFinishedCallback
                0x080133e0       0x14 Drivers\STM32F4xx_HAL_Driver\Src\stm32f4xx_hal_tim.o
                0x080133e0                HAL_TIM_PWM_PulseFinishedCallback
 .text.HAL_TIM_TriggerCallback
                0x080133f4       0x14 Drivers\STM32F4xx_HAL_Driver\Src\stm32f4xx_hal_tim.o
                0x080133f4                HAL_TIM_TriggerCallback
 .text.TIM_Base_SetConfig
                0x08013408      0x154 Drivers\STM32F4xx_HAL_Driver\Src\stm32f4xx_hal_tim.o
                0x08013408                TIM_Base_SetConfig
 .text.TIM_TI1_ConfigInputStage
                0x0801355c       0x66 Drivers\STM32F4xx_HAL_Driver\Src\stm32f4xx_hal_tim.o
 .text.TIM_TI2_ConfigInputStage
                0x080135c2       0x68 Drivers\STM32F4xx_HAL_Driver\Src\stm32f4xx_hal_tim.o
 .text.TIM_ITRx_SetConfig
                0x0801362a       0x40 Drivers\STM32F4xx_HAL_Driver\Src\stm32f4xx_hal_tim.o
 .text.TIM_ETR_SetConfig
                0x0801366a       0x44 Drivers\STM32F4xx_HAL_Driver\Src\stm32f4xx_hal_tim.o
 .text.HAL_TIMEx_MasterConfigSynchronization
                0x080136ae       0x8a Drivers\STM32F4xx_HAL_Driver\Src\stm32f4xx_hal_tim_ex.o
                0x080136ae                HAL_TIMEx_MasterConfigSynchronization
 .text.HAL_TIMEx_CommutationCallback
                0x08013738       0x14 Drivers\STM32F4xx_HAL_Driver\Src\stm32f4xx_hal_tim_ex.o
                0x08013738                HAL_TIMEx_CommutationCallback
 .text.HAL_TIMEx_BreakCallback
                0x0801374c       0x14 Drivers\STM32F4xx_HAL_Driver\Src\stm32f4xx_hal_tim_ex.o
                0x0801374c                HAL_TIMEx_BreakCallback
 .text.HAL_UART_Init
                0x08013760       0x9a Drivers\STM32F4xx_HAL_Driver\Src\stm32f4xx_hal_uart.o
                0x08013760                HAL_UART_Init
 .text.HAL_UART_Receive_IT
                0x080137fa       0x9a Drivers\STM32F4xx_HAL_Driver\Src\stm32f4xx_hal_uart.o
                0x080137fa                HAL_UART_Receive_IT
 .text.HAL_UART_Transmit_DMA
                0x08013894       0xd8 Drivers\STM32F4xx_HAL_Driver\Src\stm32f4xx_hal_uart.o
                0x08013894                HAL_UART_Transmit_DMA
 .text.HAL_UART_IRQHandler
                0x0801396c      0x1f8 Drivers\STM32F4xx_HAL_Driver\Src\stm32f4xx_hal_uart.o
                0x0801396c                HAL_UART_IRQHandler
 .text.HAL_UART_TxHalfCpltCallback
                0x08013b64       0x14 Drivers\STM32F4xx_HAL_Driver\Src\stm32f4xx_hal_uart.o
                0x08013b64                HAL_UART_TxHalfCpltCallback
 .text.HAL_UART_ErrorCallback
                0x08013b78       0x14 Drivers\STM32F4xx_HAL_Driver\Src\stm32f4xx_hal_uart.o
                0x08013b78                HAL_UART_ErrorCallback
 .text.UART_DMATransmitCplt
                0x08013b8c       0x52 Drivers\STM32F4xx_HAL_Driver\Src\stm32f4xx_hal_uart.o
 .text.UART_DMATxHalfCplt
                0x08013bde       0x1c Drivers\STM32F4xx_HAL_Driver\Src\stm32f4xx_hal_uart.o
 .text.UART_DMAError
                0x08013bfa       0x94 Drivers\STM32F4xx_HAL_Driver\Src\stm32f4xx_hal_uart.o
 .text.UART_EndTxTransfer
                0x08013c8e       0x2c Drivers\STM32F4xx_HAL_Driver\Src\stm32f4xx_hal_uart.o
 .text.UART_EndRxTransfer
                0x08013cba       0x3c Drivers\STM32F4xx_HAL_Driver\Src\stm32f4xx_hal_uart.o
 .text.UART_DMAAbortOnError
                0x08013cf6       0x28 Drivers\STM32F4xx_HAL_Driver\Src\stm32f4xx_hal_uart.o
 .text.UART_Transmit_IT
                0x08013d1e       0xaa Drivers\STM32F4xx_HAL_Driver\Src\stm32f4xx_hal_uart.o
 .text.UART_EndTransmit_IT
                0x08013dc8       0x30 Drivers\STM32F4xx_HAL_Driver\Src\stm32f4xx_hal_uart.o
 .text.UART_Receive_IT
                0x08013df8       0xf2 Drivers\STM32F4xx_HAL_Driver\Src\stm32f4xx_hal_uart.o
 *fill*         0x08013eea        0x2 
 .text.UART_SetConfig
                0x08013eec      0x438 Drivers\STM32F4xx_HAL_Driver\Src\stm32f4xx_hal_uart.o
 .text.makeFreeRtosPriority
                0x08014324       0x30 Middlewares\Third_Party\FreeRTOS\Source\CMSIS_RTOS\cmsis_os.o
 .text.inHandlerMode
                0x08014354       0x24 Middlewares\Third_Party\FreeRTOS\Source\CMSIS_RTOS\cmsis_os.o
 .text.osKernelStart
                0x08014378        0xe Middlewares\Third_Party\FreeRTOS\Source\CMSIS_RTOS\cmsis_os.o
                0x08014378                osKernelStart
 .text.osKernelSysTick
                0x08014386       0x20 Middlewares\Third_Party\FreeRTOS\Source\CMSIS_RTOS\cmsis_os.o
                0x08014386                osKernelSysTick
 .text.osThreadCreate
                0x080143a6       0x98 Middlewares\Third_Party\FreeRTOS\Source\CMSIS_RTOS\cmsis_os.o
                0x080143a6                osThreadCreate
 .text.osDelay  0x0801443e       0x28 Middlewares\Third_Party\FreeRTOS\Source\CMSIS_RTOS\cmsis_os.o
                0x0801443e                osDelay
 .text.osMutexCreate
                0x08014466       0x30 Middlewares\Third_Party\FreeRTOS\Source\CMSIS_RTOS\cmsis_os.o
                0x08014466                osMutexCreate
 *fill*         0x08014496        0x2 
 .text.osMutexWait
                0x08014498       0xa0 Middlewares\Third_Party\FreeRTOS\Source\CMSIS_RTOS\cmsis_os.o
                0x08014498                osMutexWait
 .text.osMutexRelease
                0x08014538       0x6c Middlewares\Third_Party\FreeRTOS\Source\CMSIS_RTOS\cmsis_os.o
                0x08014538                osMutexRelease
 .text.osSemaphoreCreate
                0x080145a4       0x66 Middlewares\Third_Party\FreeRTOS\Source\CMSIS_RTOS\cmsis_os.o
                0x080145a4                osSemaphoreCreate
 *fill*         0x0801460a        0x2 
 .text.osSemaphoreWait
                0x0801460c       0xa0 Middlewares\Third_Party\FreeRTOS\Source\CMSIS_RTOS\cmsis_os.o
                0x0801460c                osSemaphoreWait
 .text.osSemaphoreRelease
                0x080146ac       0x6c Middlewares\Third_Party\FreeRTOS\Source\CMSIS_RTOS\cmsis_os.o
                0x080146ac                osSemaphoreRelease
 .text.osSemaphoreDelete
                0x08014718       0x26 Middlewares\Third_Party\FreeRTOS\Source\CMSIS_RTOS\cmsis_os.o
                0x08014718                osSemaphoreDelete
 .text.osMessageCreate
                0x0801473e       0x52 Middlewares\Third_Party\FreeRTOS\Source\CMSIS_RTOS\cmsis_os.o
                0x0801473e                osMessageCreate
 .text.osMessagePut
                0x08014790       0x80 Middlewares\Third_Party\FreeRTOS\Source\CMSIS_RTOS\cmsis_os.o
                0x08014790                osMessagePut
 .text.osMessageGet
                0x08014810       0xe8 Middlewares\Third_Party\FreeRTOS\Source\CMSIS_RTOS\cmsis_os.o
                0x08014810                osMessageGet
 .text.osMessageWaiting
                0x080148f8       0x2c Middlewares\Third_Party\FreeRTOS\Source\CMSIS_RTOS\cmsis_os.o
                0x080148f8                osMessageWaiting
 .text.osMessageDelete
                0x08014924       0x26 Middlewares\Third_Party\FreeRTOS\Source\CMSIS_RTOS\cmsis_os.o
                0x08014924                osMessageDelete
 .text.vListInitialise
                0x0801494a       0x40 Middlewares\Third_Party\FreeRTOS\Source\list.o
                0x0801494a                vListInitialise
 .text.vListInitialiseItem
                0x0801498a       0x1a Middlewares\Third_Party\FreeRTOS\Source\list.o
                0x0801498a                vListInitialiseItem
 .text.vListInsertEnd
                0x080149a4       0x48 Middlewares\Third_Party\FreeRTOS\Source\list.o
                0x080149a4                vListInsertEnd
 .text.vListInsert
                0x080149ec       0x72 Middlewares\Third_Party\FreeRTOS\Source\list.o
                0x080149ec                vListInsert
 .text.uxListRemove
                0x08014a5e       0x54 Middlewares\Third_Party\FreeRTOS\Source\list.o
                0x08014a5e                uxListRemove
 *fill*         0x08014ab2        0x2 
 .text.pxPortInitialiseStack
                0x08014ab4       0x68 Middlewares\Third_Party\FreeRTOS\Source\portable\GCC\ARM_CM4F\port.o
                0x08014ab4                pxPortInitialiseStack
 .text.prvTaskExitError
                0x08014b1c       0x3c Middlewares\Third_Party\FreeRTOS\Source\portable\GCC\ARM_CM4F\port.o
 *fill*         0x08014b58        0x8 
 .text.SVC_Handler
                0x08014b60       0x28 Middlewares\Third_Party\FreeRTOS\Source\portable\GCC\ARM_CM4F\port.o
                0x08014b60                SVC_Handler
 .text.prvPortStartFirstTask
                0x08014b88       0x20 Middlewares\Third_Party\FreeRTOS\Source\portable\GCC\ARM_CM4F\port.o
 .text.xPortStartScheduler
                0x08014ba8      0x118 Middlewares\Third_Party\FreeRTOS\Source\portable\GCC\ARM_CM4F\port.o
                0x08014ba8                xPortStartScheduler
 .text.vPortEnterCritical
                0x08014cc0       0x5c Middlewares\Third_Party\FreeRTOS\Source\portable\GCC\ARM_CM4F\port.o
                0x08014cc0                vPortEnterCritical
 .text.vPortExitCritical
                0x08014d1c       0x50 Middlewares\Third_Party\FreeRTOS\Source\portable\GCC\ARM_CM4F\port.o
                0x08014d1c                vPortExitCritical
 *fill*         0x08014d6c        0x4 
 .text.PendSV_Handler
                0x08014d70       0x68 Middlewares\Third_Party\FreeRTOS\Source\portable\GCC\ARM_CM4F\port.o
                0x08014d70                PendSV_Handler
 .text.SysTick_Handler
                0x08014dd8       0x40 Middlewares\Third_Party\FreeRTOS\Source\portable\GCC\ARM_CM4F\port.o
                0x08014dd8                SysTick_Handler
 .text.vPortSetupTimerInterrupt
                0x08014e18       0x38 Middlewares\Third_Party\FreeRTOS\Source\portable\GCC\ARM_CM4F\port.o
                0x08014e18                vPortSetupTimerInterrupt
 .text.vPortEnableVFP
                0x08014e50       0x14 Middlewares\Third_Party\FreeRTOS\Source\portable\GCC\ARM_CM4F\port.o
 .text.vPortValidateInterruptPriority
                0x08014e64       0x7c Middlewares\Third_Party\FreeRTOS\Source\portable\GCC\ARM_CM4F\port.o
                0x08014e64                vPortValidateInterruptPriority
 .text.pvPortMalloc
                0x08014ee0      0x184 Middlewares\Third_Party\FreeRTOS\Source\portable\MemMang\heap_4.o
                0x08014ee0                pvPortMalloc
 .text.vPortFree
                0x08015064       0xb0 Middlewares\Third_Party\FreeRTOS\Source\portable\MemMang\heap_4.o
                0x08015064                vPortFree
 .text.xPortGetMinimumEverFreeHeapSize
                0x08015114       0x18 Middlewares\Third_Party\FreeRTOS\Source\portable\MemMang\heap_4.o
                0x08015114                xPortGetMinimumEverFreeHeapSize
 .text.prvHeapInit
                0x0801512c       0xc4 Middlewares\Third_Party\FreeRTOS\Source\portable\MemMang\heap_4.o
 .text.prvInsertBlockIntoFreeList
                0x080151f0       0xb4 Middlewares\Third_Party\FreeRTOS\Source\portable\MemMang\heap_4.o
 .text.xQueueGenericReset
                0x080152a4       0xd0 Middlewares\Third_Party\FreeRTOS\Source\queue.o
                0x080152a4                xQueueGenericReset
 .text.xQueueGenericCreateStatic
                0x08015374       0xe4 Middlewares\Third_Party\FreeRTOS\Source\queue.o
                0x08015374                xQueueGenericCreateStatic
 .text.xQueueGenericCreate
                0x08015458       0x7a Middlewares\Third_Party\FreeRTOS\Source\queue.o
                0x08015458                xQueueGenericCreate
 .text.prvInitialiseNewQueue
                0x080154d2       0x46 Middlewares\Third_Party\FreeRTOS\Source\queue.o
 .text.prvInitialiseMutex
                0x08015518       0x34 Middlewares\Third_Party\FreeRTOS\Source\queue.o
 .text.xQueueCreateMutex
                0x0801554c       0x30 Middlewares\Third_Party\FreeRTOS\Source\queue.o
                0x0801554c                xQueueCreateMutex
 .text.xQueueCreateMutexStatic
                0x0801557c       0x36 Middlewares\Third_Party\FreeRTOS\Source\queue.o
                0x0801557c                xQueueCreateMutexStatic
 *fill*         0x080155b2        0x2 
 .text.xQueueGenericSend
                0x080155b4      0x1f4 Middlewares\Third_Party\FreeRTOS\Source\queue.o
                0x080155b4                xQueueGenericSend
 .text.xQueueGenericSendFromISR
                0x080157a8      0x128 Middlewares\Third_Party\FreeRTOS\Source\queue.o
                0x080157a8                xQueueGenericSendFromISR
 .text.xQueueGiveFromISR
                0x080158d0      0x112 Middlewares\Third_Party\FreeRTOS\Source\queue.o
                0x080158d0                xQueueGiveFromISR
 *fill*         0x080159e2        0x2 
 .text.xQueueGenericReceive
                0x080159e4      0x224 Middlewares\Third_Party\FreeRTOS\Source\queue.o
                0x080159e4                xQueueGenericReceive
 .text.xQueueReceiveFromISR
                0x08015c08       0xfa Middlewares\Third_Party\FreeRTOS\Source\queue.o
                0x08015c08                xQueueReceiveFromISR
 .text.uxQueueMessagesWaiting
                0x08015d02       0x3a Middlewares\Third_Party\FreeRTOS\Source\queue.o
                0x08015d02                uxQueueMessagesWaiting
 .text.uxQueueMessagesWaitingFromISR
                0x08015d3c       0x36 Middlewares\Third_Party\FreeRTOS\Source\queue.o
                0x08015d3c                uxQueueMessagesWaitingFromISR
 .text.vQueueDelete
                0x08015d72       0x44 Middlewares\Third_Party\FreeRTOS\Source\queue.o
                0x08015d72                vQueueDelete
 .text.prvCopyDataToQueue
                0x08015db6       0xd4 Middlewares\Third_Party\FreeRTOS\Source\queue.o
 .text.prvCopyDataFromQueue
                0x08015e8a       0x4c Middlewares\Third_Party\FreeRTOS\Source\queue.o
 .text.prvUnlockQueue
                0x08015ed6       0xa4 Middlewares\Third_Party\FreeRTOS\Source\queue.o
 .text.prvIsQueueEmpty
                0x08015f7a       0x2c Middlewares\Third_Party\FreeRTOS\Source\queue.o
 .text.prvIsQueueFull
                0x08015fa6       0x30 Middlewares\Third_Party\FreeRTOS\Source\queue.o
 *fill*         0x08015fd6        0x2 
 .text.vQueueAddToRegistry
                0x08015fd8       0x50 Middlewares\Third_Party\FreeRTOS\Source\queue.o
                0x08015fd8                vQueueAddToRegistry
 .text.vQueueUnregisterQueue
                0x08016028       0x54 Middlewares\Third_Party\FreeRTOS\Source\queue.o
                0x08016028                vQueueUnregisterQueue
 .text.xTaskCreateStatic
                0x0801607c       0x94 Middlewares\Third_Party\FreeRTOS\Source\tasks.o
                0x0801607c                xTaskCreateStatic
 .text.xTaskCreate
                0x08016110       0x8a Middlewares\Third_Party\FreeRTOS\Source\tasks.o
                0x08016110                xTaskCreate
 .text.prvInitialiseNewTask
                0x0801619a      0x112 Middlewares\Third_Party\FreeRTOS\Source\tasks.o
 .text.prvAddNewTaskToReadyList
                0x080162ac       0xdc Middlewares\Third_Party\FreeRTOS\Source\tasks.o
 .text.vTaskDelay
                0x08016388       0x68 Middlewares\Third_Party\FreeRTOS\Source\tasks.o
                0x08016388                vTaskDelay
 .text.vTaskStartScheduler
                0x080163f0       0xc0 Middlewares\Third_Party\FreeRTOS\Source\tasks.o
                0x080163f0                vTaskStartScheduler
 .text.vTaskSuspendAll
                0x080164b0       0x1c Middlewares\Third_Party\FreeRTOS\Source\tasks.o
                0x080164b0                vTaskSuspendAll
 .text.xTaskResumeAll
                0x080164cc      0x138 Middlewares\Third_Party\FreeRTOS\Source\tasks.o
                0x080164cc                xTaskResumeAll
 .text.xTaskGetTickCount
                0x08016604       0x20 Middlewares\Third_Party\FreeRTOS\Source\tasks.o
                0x08016604                xTaskGetTickCount
 .text.xTaskGetTickCountFromISR
                0x08016624       0x24 Middlewares\Third_Party\FreeRTOS\Source\tasks.o
                0x08016624                xTaskGetTickCountFromISR
 .text.xTaskIncrementTick
                0x08016648      0x178 Middlewares\Third_Party\FreeRTOS\Source\tasks.o
                0x08016648                xTaskIncrementTick
 .text.vTaskSwitchContext
                0x080167c0       0xec Middlewares\Third_Party\FreeRTOS\Source\tasks.o
                0x080167c0                vTaskSwitchContext
 .text.vTaskPlaceOnEventList
                0x080168ac       0x48 Middlewares\Third_Party\FreeRTOS\Source\tasks.o
                0x080168ac                vTaskPlaceOnEventList
 .text.xTaskRemoveFromEventList
                0x080168f4       0xc4 Middlewares\Third_Party\FreeRTOS\Source\tasks.o
                0x080168f4                xTaskRemoveFromEventList
 .text.vTaskSetTimeOutState
                0x080169b8       0x48 Middlewares\Third_Party\FreeRTOS\Source\tasks.o
                0x080169b8                vTaskSetTimeOutState
 .text.xTaskCheckForTimeOut
                0x08016a00       0xbc Middlewares\Third_Party\FreeRTOS\Source\tasks.o
                0x08016a00                xTaskCheckForTimeOut
 .text.vTaskMissedYield
                0x08016abc       0x18 Middlewares\Third_Party\FreeRTOS\Source\tasks.o
                0x08016abc                vTaskMissedYield
 .text.prvIdleTask
                0x08016ad4       0x30 Middlewares\Third_Party\FreeRTOS\Source\tasks.o
 .text.prvInitialiseTaskLists
                0x08016b04       0x80 Middlewares\Third_Party\FreeRTOS\Source\tasks.o
 .text.prvCheckTasksWaitingTermination
                0x08016b84       0x78 Middlewares\Third_Party\FreeRTOS\Source\tasks.o
 .text.prvDeleteTCB
                0x08016bfc       0x5c Middlewares\Third_Party\FreeRTOS\Source\tasks.o
 .text.prvResetNextTaskUnblockTime
                0x08016c58       0x4c Middlewares\Third_Party\FreeRTOS\Source\tasks.o
 .text.xTaskGetSchedulerState
                0x08016ca4       0x3c Middlewares\Third_Party\FreeRTOS\Source\tasks.o
                0x08016ca4                xTaskGetSchedulerState
 .text.vTaskPriorityInherit
                0x08016ce0       0xec Middlewares\Third_Party\FreeRTOS\Source\tasks.o
                0x08016ce0                vTaskPriorityInherit
 .text.xTaskPriorityDisinherit
                0x08016dcc      0x108 Middlewares\Third_Party\FreeRTOS\Source\tasks.o
                0x08016dcc                xTaskPriorityDisinherit
 .text.pvTaskIncrementMutexHeldCount
                0x08016ed4       0x28 Middlewares\Third_Party\FreeRTOS\Source\tasks.o
                0x08016ed4                pvTaskIncrementMutexHeldCount
 .text.prvAddCurrentTaskToDelayedList
                0x08016efc       0xcc Middlewares\Third_Party\FreeRTOS\Source\tasks.o
 .text.netconn_apimsg
                0x08016fc8       0x3a Middlewares\Third_Party\LwIP\src\api\api_lib.o
 *fill*         0x08017002        0x2 
 .text.netconn_new_with_proto_and_callback
                0x08017004       0xf4 Middlewares\Third_Party\LwIP\src\api\api_lib.o
                0x08017004                netconn_new_with_proto_and_callback
 .text.netconn_delete
                0x080170f8       0x4c Middlewares\Third_Party\LwIP\src\api\api_lib.o
                0x080170f8                netconn_delete
 .text.netconn_bind
                0x08017144       0x70 Middlewares\Third_Party\LwIP\src\api\api_lib.o
                0x08017144                netconn_bind
 .text.netconn_listen_with_backlog
                0x080171b4       0x58 Middlewares\Third_Party\LwIP\src\api\api_lib.o
                0x080171b4                netconn_listen_with_backlog
 .text.netconn_accept
                0x0801720c       0xf8 Middlewares\Third_Party\LwIP\src\api\api_lib.o
                0x0801720c                netconn_accept
 .text.netconn_recv_data
                0x08017304      0x168 Middlewares\Third_Party\LwIP\src\api\api_lib.o
 .text.netconn_recv
                0x0801746c       0xd8 Middlewares\Third_Party\LwIP\src\api\api_lib.o
                0x0801746c                netconn_recv
 .text.netconn_write_partly
                0x08017544       0xf0 Middlewares\Third_Party\LwIP\src\api\api_lib.o
                0x08017544                netconn_write_partly
 .text.netconn_close_shutdown
                0x08017634       0x60 Middlewares\Third_Party\LwIP\src\api\api_lib.o
 .text.netconn_close
                0x08017694       0x1a Middlewares\Third_Party\LwIP\src\api\api_lib.o
                0x08017694                netconn_close
 *fill*         0x080176ae        0x2 
 .text.recv_tcp
                0x080176b0      0x110 Middlewares\Third_Party\LwIP\src\api\api_msg.o
 .text.poll_tcp
                0x080177c0       0xcc Middlewares\Third_Party\LwIP\src\api\api_msg.o
 .text.sent_tcp
                0x0801788c       0xac Middlewares\Third_Party\LwIP\src\api\api_msg.o
 .text.err_tcp  0x08017938      0x1e0 Middlewares\Third_Party\LwIP\src\api\api_msg.o
 .text.setup_tcp
                0x08017b18       0x50 Middlewares\Third_Party\LwIP\src\api\api_msg.o
 .text.accept_function
                0x08017b68      0x148 Middlewares\Third_Party\LwIP\src\api\api_msg.o
 .text.pcb_new  0x08017cb0       0x84 Middlewares\Third_Party\LwIP\src\api\api_msg.o
 .text.lwip_netconn_do_newconn
                0x08017d34       0x58 Middlewares\Third_Party\LwIP\src\api\api_msg.o
                0x08017d34                lwip_netconn_do_newconn
 .text.netconn_alloc
                0x08017d8c       0xd4 Middlewares\Third_Party\LwIP\src\api\api_msg.o
                0x08017d8c                netconn_alloc
 .text.netconn_free
                0x08017e60       0x94 Middlewares\Third_Party\LwIP\src\api\api_msg.o
                0x08017e60                netconn_free
 .text.netconn_drain
                0x08017ef4      0x100 Middlewares\Third_Party\LwIP\src\api\api_msg.o
 .text.lwip_netconn_do_close_internal
                0x08017ff4      0x2f0 Middlewares\Third_Party\LwIP\src\api\api_msg.o
 .text.lwip_netconn_do_delconn
                0x080182e4      0x1ec Middlewares\Third_Party\LwIP\src\api\api_msg.o
                0x080182e4                lwip_netconn_do_delconn
 .text.lwip_netconn_do_bind
                0x080184d0       0x9c Middlewares\Third_Party\LwIP\src\api\api_msg.o
                0x080184d0                lwip_netconn_do_bind
 .text.lwip_netconn_do_listen
                0x0801856c      0x184 Middlewares\Third_Party\LwIP\src\api\api_msg.o
                0x0801856c                lwip_netconn_do_listen
 .text.lwip_netconn_do_recv
                0x080186f0       0x98 Middlewares\Third_Party\LwIP\src\api\api_msg.o
                0x080186f0                lwip_netconn_do_recv
 .text.lwip_netconn_do_writemore
                0x08018788      0x348 Middlewares\Third_Party\LwIP\src\api\api_msg.o
 .text.lwip_netconn_do_write
                0x08018ad0      0x158 Middlewares\Third_Party\LwIP\src\api\api_msg.o
                0x08018ad0                lwip_netconn_do_write
 .text.lwip_netconn_do_close
                0x08018c28      0x150 Middlewares\Third_Party\LwIP\src\api\api_msg.o
                0x08018c28                lwip_netconn_do_close
 .text.netbuf_delete
                0x08018d78       0x3e Middlewares\Third_Party\LwIP\src\api\netbuf.o
                0x08018d78                netbuf_delete
 *fill*         0x08018db6        0x2 
 .text.netbuf_data
                0x08018db8       0x94 Middlewares\Third_Party\LwIP\src\api\netbuf.o
                0x08018db8                netbuf_data
 .text.netbuf_next
                0x08018e4c       0x60 Middlewares\Third_Party\LwIP\src\api\netbuf.o
                0x08018e4c                netbuf_next
 .text.tcpip_thread
                0x08018eac       0xcc Middlewares\Third_Party\LwIP\src\api\tcpip.o
 .text.tcpip_inpkt
                0x08018f78       0x88 Middlewares\Third_Party\LwIP\src\api\tcpip.o
                0x08018f78                tcpip_inpkt
 .text.tcpip_input
                0x08019000       0x44 Middlewares\Third_Party\LwIP\src\api\tcpip.o
                0x08019000                tcpip_input
 .text.tcpip_callback_with_block
                0x08019044       0x94 Middlewares\Third_Party\LwIP\src\api\tcpip.o
                0x08019044                tcpip_callback_with_block
 .text.tcpip_send_msg_wait_sem
                0x080190d8       0x2c Middlewares\Third_Party\LwIP\src\api\tcpip.o
                0x080190d8                tcpip_send_msg_wait_sem
 .text.tcpip_init
                0x08019104       0x94 Middlewares\Third_Party\LwIP\src\api\tcpip.o
                0x08019104                tcpip_init
 .text.fs_open  0x08019198       0x7c Middlewares\Third_Party\LwIP\src\apps\httpd\fs.o
                0x08019198                fs_open
 .text.fs_close
                0x08019214       0x14 Middlewares\Third_Party\LwIP\src\apps\httpd\fs.o
                0x08019214                fs_close
 .text.lwip_htons
                0x08019228       0x1c Middlewares\Third_Party\LwIP\src\core\def.o
                0x08019228                lwip_htons
 .text.lwip_htonl
                0x08019244       0x32 Middlewares\Third_Party\LwIP\src\core\def.o
                0x08019244                lwip_htonl
 .text.lwip_init
                0x08019276       0x2a Middlewares\Third_Party\LwIP\src\core\init.o
                0x08019276                lwip_init
 .text.etharp_free_entry
                0x080192a0       0x64 Middlewares\Third_Party\LwIP\src\core\ipv4\etharp.o
 .text.etharp_tmr
                0x08019304      0x150 Middlewares\Third_Party\LwIP\src\core\ipv4\etharp.o
                0x08019304                etharp_tmr
 .text.etharp_find_entry
                0x08019454      0x294 Middlewares\Third_Party\LwIP\src\core\ipv4\etharp.o
 .text.etharp_update_arp_entry
                0x080196e8      0x14c Middlewares\Third_Party\LwIP\src\core\ipv4\etharp.o
 .text.etharp_cleanup_netif
                0x08019834       0x60 Middlewares\Third_Party\LwIP\src\core\ipv4\etharp.o
                0x08019834                etharp_cleanup_netif
 .text.etharp_input
                0x08019894      0x114 Middlewares\Third_Party\LwIP\src\core\ipv4\etharp.o
                0x08019894                etharp_input
 .text.etharp_output_to_arp_index
                0x080199a8      0x134 Middlewares\Third_Party\LwIP\src\core\ipv4\etharp.o
 .text.etharp_output
                0x08019adc      0x1dc Middlewares\Third_Party\LwIP\src\core\ipv4\etharp.o
                0x08019adc                etharp_output
 .text.etharp_query
                0x08019cb8      0x294 Middlewares\Third_Party\LwIP\src\core\ipv4\etharp.o
                0x08019cb8                etharp_query
 .text.etharp_raw
                0x08019f4c      0x118 Middlewares\Third_Party\LwIP\src\core\ipv4\etharp.o
 .text.etharp_request_dst
                0x0801a064       0x44 Middlewares\Third_Party\LwIP\src\core\ipv4\etharp.o
 .text.etharp_request
                0x0801a0a8       0x24 Middlewares\Third_Party\LwIP\src\core\ipv4\etharp.o
                0x0801a0a8                etharp_request
 .text.icmp_input
                0x0801a0cc      0x20c Middlewares\Third_Party\LwIP\src\core\ipv4\icmp.o
                0x0801a0cc                icmp_input
 .text.icmp_dest_unreach
                0x0801a2d8       0x20 Middlewares\Third_Party\LwIP\src\core\ipv4\icmp.o
                0x0801a2d8                icmp_dest_unreach
 .text.icmp_time_exceeded
                0x0801a2f8       0x20 Middlewares\Third_Party\LwIP\src\core\ipv4\icmp.o
                0x0801a2f8                icmp_time_exceeded
 .text.icmp_send_response
                0x0801a318       0xd0 Middlewares\Third_Party\LwIP\src\core\ipv4\icmp.o
 .text.ip4_route
                0x0801a3e8       0xd0 Middlewares\Third_Party\LwIP\src\core\ipv4\ip4.o
                0x0801a3e8                ip4_route
 .text.ip4_input
                0x0801a4b8      0x268 Middlewares\Third_Party\LwIP\src\core\ipv4\ip4.o
                0x0801a4b8                ip4_input
 .text.ip4_output_if
                0x0801a720       0x54 Middlewares\Third_Party\LwIP\src\core\ipv4\ip4.o
                0x0801a720                ip4_output_if
 .text.ip4_output_if_src
                0x0801a774      0x150 Middlewares\Third_Party\LwIP\src\core\ipv4\ip4.o
                0x0801a774                ip4_output_if_src
 .text.ip4_addr_isbroadcast_u32
                0x0801a8c4       0x82 Middlewares\Third_Party\LwIP\src\core\ipv4\ip4_addr.o
                0x0801a8c4                ip4_addr_isbroadcast_u32
 *fill*         0x0801a946        0x2 
 .text.ip4addr_aton
                0x0801a948      0x280 Middlewares\Third_Party\LwIP\src\core\ipv4\ip4_addr.o
                0x0801a948                ip4addr_aton
 .text.ip_reass_tmr
                0x0801abc8       0x58 Middlewares\Third_Party\LwIP\src\core\ipv4\ip4_frag.o
                0x0801abc8                ip_reass_tmr
 .text.ip_reass_free_complete_datagram
                0x0801ac20      0x148 Middlewares\Third_Party\LwIP\src\core\ipv4\ip4_frag.o
 .text.ip_reass_remove_oldest_datagram
                0x0801ad68       0xc4 Middlewares\Third_Party\LwIP\src\core\ipv4\ip4_frag.o
 .text.ip_reass_enqueue_new_datagram
                0x0801ae2c       0x74 Middlewares\Third_Party\LwIP\src\core\ipv4\ip4_frag.o
 .text.ip_reass_dequeue_datagram
                0x0801aea0       0x5c Middlewares\Third_Party\LwIP\src\core\ipv4\ip4_frag.o
 .text.ip_reass_chain_frag_into_datagram_and_validate
                0x0801aefc      0x2d0 Middlewares\Third_Party\LwIP\src\core\ipv4\ip4_frag.o
 .text.ip4_reass
                0x0801b1cc      0x2a0 Middlewares\Third_Party\LwIP\src\core\ipv4\ip4_frag.o
                0x0801b1cc                ip4_reass
 .text.ip_frag_alloc_pbuf_custom_ref
                0x0801b46c       0x10 Middlewares\Third_Party\LwIP\src\core\ipv4\ip4_frag.o
 .text.ip_frag_free_pbuf_custom_ref
                0x0801b47c       0x38 Middlewares\Third_Party\LwIP\src\core\ipv4\ip4_frag.o
 .text.ipfrag_free_pbuf_custom
                0x0801b4b4       0x68 Middlewares\Third_Party\LwIP\src\core\ipv4\ip4_frag.o
 .text.ip4_frag
                0x0801b51c      0x23c Middlewares\Third_Party\LwIP\src\core\ipv4\ip4_frag.o
                0x0801b51c                ip4_frag
 .text.plug_holes
                0x0801b758      0x130 Middlewares\Third_Party\LwIP\src\core\mem.o
 .text.mem_init
                0x0801b888       0xa0 Middlewares\Third_Party\LwIP\src\core\mem.o
                0x0801b888                mem_init
 .text.mem_free
                0x0801b928       0xdc Middlewares\Third_Party\LwIP\src\core\mem.o
                0x0801b928                mem_free
 .text.mem_trim
                0x0801ba04      0x1d4 Middlewares\Third_Party\LwIP\src\core\mem.o
                0x0801ba04                mem_trim
 .text.mem_malloc
                0x0801bbd8      0x1e8 Middlewares\Third_Party\LwIP\src\core\mem.o
                0x0801bbd8                mem_malloc
 .text.memp_init_pool
                0x0801bdc0       0x5e Middlewares\Third_Party\LwIP\src\core\memp.o
                0x0801bdc0                memp_init_pool
 *fill*         0x0801be1e        0x2 
 .text.memp_init
                0x0801be20       0x34 Middlewares\Third_Party\LwIP\src\core\memp.o
                0x0801be20                memp_init
 .text.do_memp_malloc_pool
                0x0801be54       0x64 Middlewares\Third_Party\LwIP\src\core\memp.o
 .text.memp_malloc
                0x0801beb8       0x4c Middlewares\Third_Party\LwIP\src\core\memp.o
                0x0801beb8                memp_malloc
 .text.do_memp_free_pool
                0x0801bf04       0x58 Middlewares\Third_Party\LwIP\src\core\memp.o
 .text.memp_free
                0x0801bf5c       0x54 Middlewares\Third_Party\LwIP\src\core\memp.o
                0x0801bf5c                memp_free
 .text.netif_init
                0x0801bfb0        0xe Middlewares\Third_Party\LwIP\src\core\netif.o
                0x0801bfb0                netif_init
 *fill*         0x0801bfbe        0x2 
 .text.netif_add
                0x0801bfc0       0xa8 Middlewares\Third_Party\LwIP\src\core\netif.o
                0x0801bfc0                netif_add
 .text.netif_set_addr
                0x0801c068       0x56 Middlewares\Third_Party\LwIP\src\core\netif.o
                0x0801c068                netif_set_addr
 *fill*         0x0801c0be        0x2 
 .text.netif_set_ipaddr
                0x0801c0c0       0x60 Middlewares\Third_Party\LwIP\src\core\netif.o
                0x0801c0c0                netif_set_ipaddr
 .text.netif_set_gw
                0x0801c120       0x28 Middlewares\Third_Party\LwIP\src\core\netif.o
                0x0801c120                netif_set_gw
 .text.netif_set_netmask
                0x0801c148       0x28 Middlewares\Third_Party\LwIP\src\core\netif.o
                0x0801c148                netif_set_netmask
 .text.netif_set_default
                0x0801c170       0x20 Middlewares\Third_Party\LwIP\src\core\netif.o
                0x0801c170                netif_set_default
 .text.netif_set_up
                0x0801c190       0x46 Middlewares\Third_Party\LwIP\src\core\netif.o
                0x0801c190                netif_set_up
 .text.netif_issue_reports
                0x0801c1d6       0x42 Middlewares\Third_Party\LwIP\src\core\netif.o
 .text.netif_set_down
                0x0801c218       0x44 Middlewares\Third_Party\LwIP\src\core\netif.o
                0x0801c218                netif_set_down
 .text.netif_set_link_up
                0x0801c25c       0x46 Middlewares\Third_Party\LwIP\src\core\netif.o
                0x0801c25c                netif_set_link_up
 .text.netif_set_link_down
                0x0801c2a2       0x34 Middlewares\Third_Party\LwIP\src\core\netif.o
                0x0801c2a2                netif_set_link_down
 *fill*         0x0801c2d6        0x2 
 .text.pbuf_free_ooseq
                0x0801c2d8       0x54 Middlewares\Third_Party\LwIP\src\core\pbuf.o
 .text.pbuf_free_ooseq_callback
                0x0801c32c       0x14 Middlewares\Third_Party\LwIP\src\core\pbuf.o
 .text.pbuf_pool_is_empty
                0x0801c340       0x58 Middlewares\Third_Party\LwIP\src\core\pbuf.o
 .text.pbuf_alloc
                0x0801c398      0x328 Middlewares\Third_Party\LwIP\src\core\pbuf.o
                0x0801c398                pbuf_alloc
 .text.pbuf_alloced_custom
                0x0801c6c0       0xd4 Middlewares\Third_Party\LwIP\src\core\pbuf.o
                0x0801c6c0                pbuf_alloced_custom
 .text.pbuf_realloc
                0x0801c794      0x15c Middlewares\Third_Party\LwIP\src\core\pbuf.o
                0x0801c794                pbuf_realloc
 .text.pbuf_header_impl
                0x0801c8f0      0x144 Middlewares\Third_Party\LwIP\src\core\pbuf.o
 .text.pbuf_header
                0x0801ca34       0x24 Middlewares\Third_Party\LwIP\src\core\pbuf.o
                0x0801ca34                pbuf_header
 .text.pbuf_header_force
                0x0801ca58       0x24 Middlewares\Third_Party\LwIP\src\core\pbuf.o
                0x0801ca58                pbuf_header_force
 .text.pbuf_free
                0x0801ca7c      0x134 Middlewares\Third_Party\LwIP\src\core\pbuf.o
                0x0801ca7c                pbuf_free
 .text.pbuf_clen
                0x0801cbb0       0x2e Middlewares\Third_Party\LwIP\src\core\pbuf.o
                0x0801cbb0                pbuf_clen
 *fill*         0x0801cbde        0x2 
 .text.pbuf_ref
                0x0801cbe0       0x50 Middlewares\Third_Party\LwIP\src\core\pbuf.o
                0x0801cbe0                pbuf_ref
 .text.pbuf_cat
                0x0801cc30       0xac Middlewares\Third_Party\LwIP\src\core\pbuf.o
                0x0801cc30                pbuf_cat
 .text.pbuf_copy
                0x0801ccdc      0x198 Middlewares\Third_Party\LwIP\src\core\pbuf.o
                0x0801ccdc                pbuf_copy
 .text.pbuf_copy_partial
                0x0801ce74       0xf4 Middlewares\Third_Party\LwIP\src\core\pbuf.o
                0x0801ce74                pbuf_copy_partial
 .text.tcp_init
                0x0801cf68        0xe Middlewares\Third_Party\LwIP\src\core\tcp.o
                0x0801cf68                tcp_init
 *fill*         0x0801cf76        0x2 
 .text.tcp_tmr  0x0801cf78       0x2c Middlewares\Third_Party\LwIP\src\core\tcp.o
                0x0801cf78                tcp_tmr
 .text.tcp_remove_listener
                0x0801cfa4       0x38 Middlewares\Third_Party\LwIP\src\core\tcp.o
 .text.tcp_listen_closed
                0x0801cfdc       0x70 Middlewares\Third_Party\LwIP\src\core\tcp.o
 .text.tcp_close_shutdown
                0x0801d04c      0x1cc Middlewares\Third_Party\LwIP\src\core\tcp.o
 .text.tcp_close_shutdown_fin
                0x0801d218       0xcc Middlewares\Third_Party\LwIP\src\core\tcp.o
 .text.tcp_close
                0x0801d2e4       0x30 Middlewares\Third_Party\LwIP\src\core\tcp.o
                0x0801d2e4                tcp_close
 .text.tcp_shutdown
                0x0801d314       0x8e Middlewares\Third_Party\LwIP\src\core\tcp.o
                0x0801d314                tcp_shutdown
 *fill*         0x0801d3a2        0x2 
 .text.tcp_abandon
                0x0801d3a4      0x164 Middlewares\Third_Party\LwIP\src\core\tcp.o
                0x0801d3a4                tcp_abandon
 .text.tcp_abort
                0x0801d508       0x18 Middlewares\Third_Party\LwIP\src\core\tcp.o
                0x0801d508                tcp_abort
 .text.tcp_bind
                0x0801d520      0x124 Middlewares\Third_Party\LwIP\src\core\tcp.o
                0x0801d520                tcp_bind
 .text.tcp_accept_null
                0x0801d644       0x20 Middlewares\Third_Party\LwIP\src\core\tcp.o
 .text.tcp_listen_with_backlog_and_err
                0x0801d664      0x130 Middlewares\Third_Party\LwIP\src\core\tcp.o
                0x0801d664                tcp_listen_with_backlog_and_err
 .text.tcp_update_rcv_ann_wnd
                0x0801d794       0xa0 Middlewares\Third_Party\LwIP\src\core\tcp.o
                0x0801d794                tcp_update_rcv_ann_wnd
 .text.tcp_recved
                0x0801d834       0xb4 Middlewares\Third_Party\LwIP\src\core\tcp.o
                0x0801d834                tcp_recved
 .text.tcp_new_port
                0x0801d8e8       0x88 Middlewares\Third_Party\LwIP\src\core\tcp.o
 .text.tcp_slowtmr
                0x0801d970      0x580 Middlewares\Third_Party\LwIP\src\core\tcp.o
                0x0801d970                tcp_slowtmr
 .text.tcp_fasttmr
                0x0801def0       0xc8 Middlewares\Third_Party\LwIP\src\core\tcp.o
                0x0801def0                tcp_fasttmr
 .text.tcp_process_refused_data
                0x0801dfb8       0xd2 Middlewares\Third_Party\LwIP\src\core\tcp.o
                0x0801dfb8                tcp_process_refused_data
 .text.tcp_segs_free
                0x0801e08a       0x28 Middlewares\Third_Party\LwIP\src\core\tcp.o
                0x0801e08a                tcp_segs_free
 .text.tcp_seg_free
                0x0801e0b2       0x30 Middlewares\Third_Party\LwIP\src\core\tcp.o
                0x0801e0b2                tcp_seg_free
 .text.tcp_seg_copy
                0x0801e0e2       0x38 Middlewares\Third_Party\LwIP\src\core\tcp.o
                0x0801e0e2                tcp_seg_copy
 .text.tcp_recv_null
                0x0801e11a       0x44 Middlewares\Third_Party\LwIP\src\core\tcp.o
                0x0801e11a                tcp_recv_null
 *fill*         0x0801e15e        0x2 
 .text.tcp_kill_prio
                0x0801e160       0x84 Middlewares\Third_Party\LwIP\src\core\tcp.o
 .text.tcp_kill_state
                0x0801e1e4       0x94 Middlewares\Third_Party\LwIP\src\core\tcp.o
 .text.tcp_kill_timewait
                0x0801e278       0x60 Middlewares\Third_Party\LwIP\src\core\tcp.o
 .text.tcp_alloc
                0x0801e2d8      0x104 Middlewares\Third_Party\LwIP\src\core\tcp.o
                0x0801e2d8                tcp_alloc
 .text.tcp_new_ip_type
                0x0801e3dc       0x1c Middlewares\Third_Party\LwIP\src\core\tcp.o
                0x0801e3dc                tcp_new_ip_type
 .text.tcp_arg  0x0801e3f8       0x22 Middlewares\Third_Party\LwIP\src\core\tcp.o
                0x0801e3f8                tcp_arg
 *fill*         0x0801e41a        0x2 
 .text.tcp_recv
                0x0801e41c       0x44 Middlewares\Third_Party\LwIP\src\core\tcp.o
                0x0801e41c                tcp_recv
 .text.tcp_sent
                0x0801e460       0x40 Middlewares\Third_Party\LwIP\src\core\tcp.o
                0x0801e460                tcp_sent
 .text.tcp_err  0x0801e4a0       0x44 Middlewares\Third_Party\LwIP\src\core\tcp.o
                0x0801e4a0                tcp_err
 .text.tcp_accept
                0x0801e4e4       0x2e Middlewares\Third_Party\LwIP\src\core\tcp.o
                0x0801e4e4                tcp_accept
 *fill*         0x0801e512        0x2 
 .text.tcp_poll
                0x0801e514       0x48 Middlewares\Third_Party\LwIP\src\core\tcp.o
                0x0801e514                tcp_poll
 .text.tcp_pcb_purge
                0x0801e55c       0x82 Middlewares\Third_Party\LwIP\src\core\tcp.o
                0x0801e55c                tcp_pcb_purge
 *fill*         0x0801e5de        0x2 
 .text.tcp_pcb_remove
                0x0801e5e0       0xf8 Middlewares\Third_Party\LwIP\src\core\tcp.o
                0x0801e5e0                tcp_pcb_remove
 .text.tcp_next_iss
                0x0801e6d8       0x30 Middlewares\Third_Party\LwIP\src\core\tcp.o
                0x0801e6d8                tcp_next_iss
 .text.tcp_eff_send_mss_impl
                0x0801e708       0x48 Middlewares\Third_Party\LwIP\src\core\tcp.o
                0x0801e708                tcp_eff_send_mss_impl
 .text.tcp_netif_ip_addr_changed_pcblist
                0x0801e750       0x42 Middlewares\Third_Party\LwIP\src\core\tcp.o
 *fill*         0x0801e792        0x2 
 .text.tcp_netif_ip_addr_changed
                0x0801e794       0x80 Middlewares\Third_Party\LwIP\src\core\tcp.o
                0x0801e794                tcp_netif_ip_addr_changed
 .text.tcp_input
                0x0801e814      0x780 Middlewares\Third_Party\LwIP\src\core\tcp_in.o
                0x0801e814                tcp_input
 .text.tcp_input_delayed_close
                0x0801ef94       0x64 Middlewares\Third_Party\LwIP\src\core\tcp_in.o
 .text.tcp_listen_input
                0x0801eff8      0x1c4 Middlewares\Third_Party\LwIP\src\core\tcp_in.o
 .text.tcp_timewait_input
                0x0801f1bc       0xd0 Middlewares\Third_Party\LwIP\src\core\tcp_in.o
 .text.tcp_process
                0x0801f28c      0x774 Middlewares\Third_Party\LwIP\src\core\tcp_in.o
 .text.tcp_oos_insert_segment
                0x0801fa00       0xec Middlewares\Third_Party\LwIP\src\core\tcp_in.o
 .text.tcp_receive
                0x0801faec      0xff4 Middlewares\Third_Party\LwIP\src\core\tcp_in.o
 .text.tcp_getoptbyte
                0x08020ae0       0x78 Middlewares\Third_Party\LwIP\src\core\tcp_in.o
 .text.tcp_parseopt
                0x08020b58       0xc8 Middlewares\Third_Party\LwIP\src\core\tcp_in.o
 .text.tcp_trigger_input_pcb_close
                0x08020c20       0x20 Middlewares\Third_Party\LwIP\src\core\tcp_in.o
                0x08020c20                tcp_trigger_input_pcb_close
 .text.tcp_output_alloc_header
                0x08020c40       0xf8 Middlewares\Third_Party\LwIP\src\core\tcp_out.o
 .text.tcp_send_fin
                0x08020d38       0x7c Middlewares\Third_Party\LwIP\src\core\tcp_out.o
                0x08020d38                tcp_send_fin
 .text.tcp_create_segment
                0x08020db4      0x114 Middlewares\Third_Party\LwIP\src\core\tcp_out.o
 .text.tcp_pbuf_prealloc
                0x08020ec8       0xc4 Middlewares\Third_Party\LwIP\src\core\tcp_out.o
 .text.tcp_write_checks
                0x08020f8c       0xec Middlewares\Third_Party\LwIP\src\core\tcp_out.o
 .text.tcp_write
                0x08021078      0x6b8 Middlewares\Third_Party\LwIP\src\core\tcp_out.o
                0x08021078                tcp_write
 .text.tcp_enqueue_flags
                0x08021730      0x1fc Middlewares\Third_Party\LwIP\src\core\tcp_out.o
                0x08021730                tcp_enqueue_flags
 .text.tcp_send_empty_ack
                0x0802192c       0xb8 Middlewares\Third_Party\LwIP\src\core\tcp_out.o
                0x0802192c                tcp_send_empty_ack
 .text.tcp_output
                0x080219e4      0x3d0 Middlewares\Third_Party\LwIP\src\core\tcp_out.o
                0x080219e4                tcp_output
 .text.tcp_output_segment
                0x08021db4      0x140 Middlewares\Third_Party\LwIP\src\core\tcp_out.o
 .text.tcp_rst  0x08021ef4       0xe8 Middlewares\Third_Party\LwIP\src\core\tcp_out.o
                0x08021ef4                tcp_rst
 .text.tcp_rexmit_rto
                0x08021fdc       0x6c Middlewares\Third_Party\LwIP\src\core\tcp_out.o
                0x08021fdc                tcp_rexmit_rto
 .text.tcp_rexmit
                0x08022048       0xa0 Middlewares\Third_Party\LwIP\src\core\tcp_out.o
                0x08022048                tcp_rexmit
 .text.tcp_rexmit_fast
                0x080220e8       0xae Middlewares\Third_Party\LwIP\src\core\tcp_out.o
                0x080220e8                tcp_rexmit_fast
 .text.tcp_keepalive
                0x08022196       0x7a Middlewares\Third_Party\LwIP\src\core\tcp_out.o
                0x08022196                tcp_keepalive
 .text.tcp_zero_window_probe
                0x08022210      0x138 Middlewares\Third_Party\LwIP\src\core\tcp_out.o
                0x08022210                tcp_zero_window_probe
 .text.tcpip_tcp_timer
                0x08022348       0x48 Middlewares\Third_Party\LwIP\src\core\timeouts.o
 .text.tcp_timer_needed
                0x08022390       0x40 Middlewares\Third_Party\LwIP\src\core\timeouts.o
                0x08022390                tcp_timer_needed
 .text.cyclic_timer
                0x080223d0       0x2c Middlewares\Third_Party\LwIP\src\core\timeouts.o
 .text.sys_timeouts_init
                0x080223fc       0x50 Middlewares\Third_Party\LwIP\src\core\timeouts.o
                0x080223fc                sys_timeouts_init
 .text.sys_timeout
                0x0802244c      0x148 Middlewares\Third_Party\LwIP\src\core\timeouts.o
                0x0802244c                sys_timeout
 .text.sys_check_timeouts
                0x08022594       0xa4 Middlewares\Third_Party\LwIP\src\core\timeouts.o
 .text.sys_timeouts_sleeptime
                0x08022638       0x4c Middlewares\Third_Party\LwIP\src\core\timeouts.o
 .text.sys_timeouts_mbox_fetch
                0x08022684       0x4c Middlewares\Third_Party\LwIP\src\core\timeouts.o
                0x08022684                sys_timeouts_mbox_fetch
 .text.ethernet_input
                0x080226d0      0x124 Middlewares\Third_Party\LwIP\src\netif\ethernet.o
                0x080226d0                ethernet_input
 .text.ethernet_output
                0x080227f4       0x90 Middlewares\Third_Party\LwIP\src\netif\ethernet.o
                0x080227f4                ethernet_output
 .text.sys_mbox_new
                0x08022884       0x44 Middlewares\Third_Party\LwIP\system\OS\sys_arch.o
                0x08022884                sys_mbox_new
 .text.sys_mbox_free
                0x080228c8       0x24 Middlewares\Third_Party\LwIP\system\OS\sys_arch.o
                0x080228c8                sys_mbox_free
 .text.sys_mbox_post
                0x080228ec       0x2a Middlewares\Third_Party\LwIP\system\OS\sys_arch.o
                0x080228ec                sys_mbox_post
 .text.sys_mbox_trypost
                0x08022916       0x34 Middlewares\Third_Party\LwIP\system\OS\sys_arch.o
                0x08022916                sys_mbox_trypost
 .text.sys_arch_mbox_fetch
                0x0802294a       0x7e Middlewares\Third_Party\LwIP\system\OS\sys_arch.o
                0x0802294a                sys_arch_mbox_fetch
 .text.sys_arch_mbox_tryfetch
                0x080229c8       0x38 Middlewares\Third_Party\LwIP\system\OS\sys_arch.o
                0x080229c8                sys_arch_mbox_tryfetch
 .text.sys_mbox_valid
                0x08022a00       0x22 Middlewares\Third_Party\LwIP\system\OS\sys_arch.o
                0x08022a00                sys_mbox_valid
 .text.sys_mbox_set_invalid
                0x08022a22       0x1a Middlewares\Third_Party\LwIP\system\OS\sys_arch.o
                0x08022a22                sys_mbox_set_invalid
 .text.sys_sem_new
                0x08022a3c       0x50 Middlewares\Third_Party\LwIP\system\OS\sys_arch.o
                0x08022a3c                sys_sem_new
 .text.sys_arch_sem_wait
                0x08022a8c       0x62 Middlewares\Third_Party\LwIP\system\OS\sys_arch.o
                0x08022a8c                sys_arch_sem_wait
 .text.sys_sem_signal
                0x08022aee       0x1a Middlewares\Third_Party\LwIP\system\OS\sys_arch.o
                0x08022aee                sys_sem_signal
 .text.sys_sem_free
                0x08022b08       0x1a Middlewares\Third_Party\LwIP\system\OS\sys_arch.o
                0x08022b08                sys_sem_free
 .text.sys_sem_valid
                0x08022b22       0x22 Middlewares\Third_Party\LwIP\system\OS\sys_arch.o
                0x08022b22                sys_sem_valid
 .text.sys_sem_set_invalid
                0x08022b44       0x1a Middlewares\Third_Party\LwIP\system\OS\sys_arch.o
                0x08022b44                sys_sem_set_invalid
 *fill*         0x08022b5e        0x2 
 .text.sys_init
                0x08022b60       0x1c Middlewares\Third_Party\LwIP\system\OS\sys_arch.o
                0x08022b60                sys_init
 .text.sys_mutex_new
                0x08022b7c       0x38 Middlewares\Third_Party\LwIP\system\OS\sys_arch.o
                0x08022b7c                sys_mutex_new
 .text.sys_mutex_lock
                0x08022bb4       0x1e Middlewares\Third_Party\LwIP\system\OS\sys_arch.o
                0x08022bb4                sys_mutex_lock
 .text.sys_mutex_unlock
                0x08022bd2       0x1a Middlewares\Third_Party\LwIP\system\OS\sys_arch.o
                0x08022bd2                sys_mutex_unlock
 .text.sys_thread_new
                0x08022bec       0x4a Middlewares\Third_Party\LwIP\system\OS\sys_arch.o
                0x08022bec                sys_thread_new
 *fill*         0x08022c36        0x2 
 .text.sys_arch_protect
                0x08022c38       0x1c Middlewares\Third_Party\LwIP\system\OS\sys_arch.o
                0x08022c38                sys_arch_protect
 .text.sys_arch_unprotect
                0x08022c54       0x20 Middlewares\Third_Party\LwIP\system\OS\sys_arch.o
                0x08022c54                sys_arch_unprotect
 .text.is_exp_of_2
                0x08022c74       0x26 Src\circbuff.o
 .text.CB_Init  0x08022c9a       0x4e Src\circbuff.o
                0x08022c9a                CB_Init
 .text.CB_Data_Length
                0x08022ce8       0x26 Src\circbuff.o
                0x08022ce8                CB_Data_Length
 .text.CB_Write
                0x08022d0e       0x4c Src\circbuff.o
                0x08022d0e                CB_Write
 .text.CB_Read  0x08022d5a       0x46 Src\circbuff.o
                0x08022d5a                CB_Read
 .text.FlashInit
                0x08022da0      0x1f4 Src\config_AI.o
                0x08022da0                FlashInit
 .text.SaveFash
                0x08022f94      0x12c Src\config_AI.o
                0x08022f94                SaveFash
 .text.MX_DMA_Init
                0x080230c0       0x6c Src\dma.o
                0x080230c0                MX_DMA_Init
 .text.EE_Init  0x0802312c      0x3b8 Src\eeprom.o
                0x0802312c                EE_Init
 .text.EE_VerifyPageFullyErased
                0x080234e4       0x4c Src\eeprom.o
 .text.EE_ReadVariable
                0x08023530       0x94 Src\eeprom.o
                0x08023530                EE_ReadVariable
 .text.EE_WriteVariable
                0x080235c4       0x44 Src\eeprom.o
                0x080235c4                EE_WriteVariable
 .text.EE_Format
                0x08023608       0xa4 Src\eeprom.o
 .text.EE_FindValidPage
                0x080236ac       0x8c Src\eeprom.o
 .text.EE_VerifyPageFullWriteVariable
                0x08023738       0xbc Src\eeprom.o
 .text.EE_PageTransfer
                0x080237f4      0x178 Src\eeprom.o
 .text.HAL_ETH_MspInit
                0x0802396c       0xf4 Src\ethernetif.o
                0x0802396c                HAL_ETH_MspInit
 .text.HAL_ETH_RxCpltCallback
                0x08023a60       0x20 Src\ethernetif.o
                0x08023a60                HAL_ETH_RxCpltCallback
 .text.low_level_init
                0x08023a80      0x184 Src\ethernetif.o
 .text.low_level_output
                0x08023c04      0x13c Src\ethernetif.o
 .text.low_level_input
                0x08023d40      0x164 Src\ethernetif.o
 .text.ethernetif_input
                0x08023ea4       0x50 Src\ethernetif.o
                0x08023ea4                ethernetif_input
 .text.ethernetif_init
                0x08023ef4       0x5c Src\ethernetif.o
                0x08023ef4                ethernetif_init
 .text.sys_now  0x08023f50        0xe Src\ethernetif.o
                0x08023f50                sys_now
 *fill*         0x08023f5e        0x2 
 .text.NVIC_EnableIRQ
                0x08023f60       0x34 Src\freertos.o
 .text.NVIC_SetPriority
                0x08023f94       0x54 Src\freertos.o
 .text.configureTimerForRunTimeStats
                0x08023fe8       0x24 Src\freertos.o
                0x08023fe8                configureTimerForRunTimeStats
 .text.getRunTimeCounterValue
                0x0802400c       0x18 Src\freertos.o
                0x0802400c                getRunTimeCounterValue
 .text.vApplicationGetIdleTaskMemory
                0x08024024       0x34 Src\freertos.o
                0x08024024                vApplicationGetIdleTaskMemory
 .text.MX_FREERTOS_Init
                0x08024058      0x124 Src\freertos.o
                0x08024058                MX_FREERTOS_Init
 .text.StartDefaultTask
                0x0802417c      0x178 Src\freertos.o
                0x0802417c                StartDefaultTask
 .text.StartHeapCleanerTask
                0x080242f4       0x2c Src\freertos.o
                0x080242f4                StartHeapCleanerTask
 .text.MX_GPIO_Init
                0x08024320       0xf8 Src\gpio.o
                0x08024320                MX_GPIO_Init
 .text.MX_IWDG_Init
                0x08024418       0x2c Src\iwdg.o
                0x08024418                MX_IWDG_Init
 .text.jsmn_alloc_token
                0x08024444       0x50 Src\jsmn.o
 .text.jsmn_fill_token
                0x08024494       0x34 Src\jsmn.o
 .text.jsmn_parse_primitive
                0x080244c8       0xee Src\jsmn.o
 *fill*         0x080245b6        0x2 
 .text.jsmn_parse_string
                0x080245b8      0x2e8 Src\jsmn.o
 .text.jsmn_parse
                0x080248a0      0x336 Src\jsmn.o
                0x080248a0                jsmn_parse
 .text.jsmn_init
                0x08024bd6       0x28 Src\jsmn.o
                0x08024bd6                jsmn_init
 *fill*         0x08024bfe        0x2 
 .text.GetJSONData
                0x08024c00      0x274 Src\json.o
                0x08024c00                GetJSONData
 .text.FlashToJSON
                0x08024e74      0x252 Src\json.o
                0x08024e74                FlashToJSON
 .text.DecodeURL
                0x080250c6       0xa0 Src\json.o
                0x080250c6                DecodeURL
 *fill*         0x08025166        0x2 
 .text.ParseJSON
                0x08025168      0x248 Src\json.o
                0x08025168                ParseJSON
 .text.JSONToFlash
                0x080253b0      0x12c Src\json.o
                0x080253b0                JSONToFlash
 .text.LogInit  0x080254dc       0x30 Src\log.o
                0x080254dc                LogInit
 .text.LogText__
                0x0802550c       0xdc Src\log.o
                0x0802550c                LogText__
 .text.MX_LWIP_Init
                0x080255e8      0x2b0 Src\lwip.o
                0x080255e8                MX_LWIP_Init
 .text.main     0x08025898       0x58 Src\main.o
                0x08025898                main
 .text.SystemClock_Config
                0x080258f0       0xd8 Src\main.o
                0x080258f0                SystemClock_Config
 .text.HAL_TIM_PeriodElapsedCallback
                0x080259c8       0x64 Src\main.o
                0x080259c8                HAL_TIM_PeriodElapsedCallback
 .text.Error_Handler
                0x08025a2c        0x6 Src\main.o
                0x08025a2c                Error_Handler
 *fill*         0x08025a32        0x2 
 .text.CommandProcess
                0x08025a34       0x68 Src\processUART.o
                0x08025a34                CommandProcess
 .text.SendAckMsg
                0x08025a9c       0x38 Src\processUART.o
                0x08025a9c                SendAckMsg
 .text.SendClosemMsg
                0x08025ad4       0xfc Src\processUART.o
                0x08025ad4                SendClosemMsg
 .text.SendConfirmMsg
                0x08025bd0      0x15c Src\processUART.o
                0x08025bd0                SendConfirmMsg
 .text.SendTokenMsg
                0x08025d2c       0xa4 Src\processUART.o
                0x08025d2c                SendTokenMsg
 .text.SendNoDataMsg
                0x08025dd0       0x84 Src\processUART.o
                0x08025dd0                SendNoDataMsg
 .text.SendRequestMsg
                0x08025e54      0x12c Src\processUART.o
                0x08025e54                SendRequestMsg
 .text.SendConnectMsg
                0x08025f80      0x14c Src\processUART.o
                0x08025f80                SendConnectMsg
 .text.HAL_UART_RxCpltCallback
                0x080260cc       0x4c Src\processUART.o
                0x080260cc                HAL_UART_RxCpltCallback
 .text.HAL_UART_TxCpltCallback
                0x08026118       0xb4 Src\processUART.o
                0x08026118                HAL_UART_TxCpltCallback
 .text.StartProcessTask
                0x080261cc       0x9c Src\processUART.o
                0x080261cc                StartProcessTask
 .text.ProtocolSettingsInit
                0x08026268       0x5c Src\protocol.o
                0x08026268                ProtocolSettingsInit
 .text.CalculateFCS
                0x080262c4       0x38 Src\protocol.o
                0x080262c4                CalculateFCS
 .text.TokenCmdProcessing
                0x080262fc      0x170 Src\protocol.o
 .text.NoDataCmdProcessing
                0x0802646c       0x2a Src\protocol.o
 *fill*         0x08026496        0x2 
 .text.VarDataCmdProcessing
                0x08026498       0xf8 Src\protocol.o
 .text.CommandParser
                0x08026590      0x350 Src\protocol.o
                0x08026590                CommandParser
 .text.AddMaster
                0x080268e0       0x2a Src\protocol.o
 .text.GetNextMaster
                0x0802690a       0x54 Src\protocol.o
                0x0802690a                GetNextMaster
 .text.CheckMaster
                0x0802695e       0x3c Src\protocol.o
                0x0802695e                CheckMaster
 *fill*         0x0802699a        0x2 
 .text.HAL_MspInit
                0x0802699c       0x58 Src\stm32f4xx_hal_msp.o
                0x0802699c                HAL_MspInit
 .text.HAL_InitTick
                0x080269f4       0xb4 Src\stm32f4xx_hal_timebase_tim.o
                0x080269f4                HAL_InitTick
 .text.NMI_Handler
                0x08026aa8        0xe Src\stm32f4xx_it.o
                0x08026aa8                NMI_Handler
 .text.HardFault_Handler
                0x08026ab6        0x6 Src\stm32f4xx_it.o
                0x08026ab6                HardFault_Handler
 .text.MemManage_Handler
                0x08026abc        0x6 Src\stm32f4xx_it.o
                0x08026abc                MemManage_Handler
 .text.BusFault_Handler
                0x08026ac2        0x6 Src\stm32f4xx_it.o
                0x08026ac2                BusFault_Handler
 .text.UsageFault_Handler
                0x08026ac8        0x6 Src\stm32f4xx_it.o
                0x08026ac8                UsageFault_Handler
 .text.DebugMon_Handler
                0x08026ace        0xe Src\stm32f4xx_it.o
                0x08026ace                DebugMon_Handler
 .text.TIM1_UP_TIM10_IRQHandler
                0x08026adc       0x14 Src\stm32f4xx_it.o
                0x08026adc                TIM1_UP_TIM10_IRQHandler
 .text.USART1_IRQHandler
                0x08026af0       0x14 Src\stm32f4xx_it.o
                0x08026af0                USART1_IRQHandler
 .text.TIM8_UP_TIM13_IRQHandler
                0x08026b04       0x14 Src\stm32f4xx_it.o
                0x08026b04                TIM8_UP_TIM13_IRQHandler
 .text.DMA1_Stream7_IRQHandler
                0x08026b18       0x14 Src\stm32f4xx_it.o
                0x08026b18                DMA1_Stream7_IRQHandler
 .text.UART5_IRQHandler
                0x08026b2c       0x14 Src\stm32f4xx_it.o
                0x08026b2c                UART5_IRQHandler
 .text.TIM7_IRQHandler
                0x08026b40       0x14 Src\stm32f4xx_it.o
                0x08026b40                TIM7_IRQHandler
 .text.ETH_IRQHandler
                0x08026b54       0x14 Src\stm32f4xx_it.o
                0x08026b54                ETH_IRQHandler
 .text.DMA2_Stream7_IRQHandler
                0x08026b68       0x14 Src\stm32f4xx_it.o
                0x08026b68                DMA2_Stream7_IRQHandler
 .text.ITM_SendChar
                0x08026b7c       0x4e Src\syscalls.o
 .text._read    0x08026bca       0x3a Src\syscalls.o
                0x08026bca                _read
 .text._write   0x08026c04       0x3c Src\syscalls.o
                0x08026c04                _write
 .text._sbrk    0x08026c40       0x5c Src\syscalls.o
                0x08026c40                _sbrk
 .text._close   0x08026c9c       0x18 Src\syscalls.o
                0x08026c9c                _close
 .text._fstat   0x08026cb4       0x20 Src\syscalls.o
                0x08026cb4                _fstat
 .text._isatty  0x08026cd4       0x16 Src\syscalls.o
                0x08026cd4                _isatty
 .text._lseek   0x08026cea       0x1a Src\syscalls.o
                0x08026cea                _lseek
 .text.SystemInit
                0x08026d04       0x6c Src\system_stm32f4xx.o
                0x08026d04                SystemInit
 .text.Client_thread
                0x08026d70      0x21c Src\tcp_client.o
                0x08026d70                Client_thread
 .text.MX_TIM7_Init
                0x08026f8c       0x64 Src\tim.o
                0x08026f8c                MX_TIM7_Init
 .text.MX_TIM8_Init
                0x08026ff0       0x9c Src\tim.o
                0x08026ff0                MX_TIM8_Init
 .text.HAL_TIM_Base_MspInit
                0x0802708c       0x8c Src\tim.o
                0x0802708c                HAL_TIM_Base_MspInit
 .text.ts_itoa  0x08027118       0x92 Src\tiny_printf.o
                0x08027118                ts_itoa
 .text.ts_formatstring
                0x080271aa      0x12e Src\tiny_printf.o
                0x080271aa                ts_formatstring
 .text.ts_formatlength
                0x080272d8      0x12c Src\tiny_printf.o
                0x080272d8                ts_formatlength
 .text.siprintf
                0x08027404       0x2c Src\tiny_printf.o
                0x08027404                siprintf
                0x08027404                sprintf
 .text.iprintf  0x08027430       0x92 Src\tiny_printf.o
                0x08027430                iprintf
                0x08027430                printf
 .text.__sputc_r
                0x080274c2       0x5a Src\unity.o
 .text.setUp    0x0802751c        0xe Src\unity.o
                0x0802751c                setUp
 .text.tearDown
                0x0802752a        0xe Src\unity.o
                0x0802752a                tearDown
 .text.UnityPrintChar
                0x08027538       0xc8 Src\unity.o
 .text.UnityPrint
                0x08027600       0x30 Src\unity.o
                0x08027600                UnityPrint
 .text.UnityPrintNumberByStyle
                0x08027630       0x78 Src\unity.o
                0x08027630                UnityPrintNumberByStyle
 .text.UnityPrintNumber
                0x080276a8       0x3c Src\unity.o
                0x080276a8                UnityPrintNumber
 .text.UnityPrintNumberUnsigned
                0x080276e4       0x7c Src\unity.o
                0x080276e4                UnityPrintNumberUnsigned
 .text.UnityPrintNumberHex
                0x08027760       0x80 Src\unity.o
                0x08027760                UnityPrintNumberHex
 .text.UnityTestResultsBegin
                0x080277e0       0x68 Src\unity.o
 .text.UnityTestResultsFailBegin
                0x08027848       0x40 Src\unity.o
 .text.UnityConcludeTest
                0x08027888       0x70 Src\unity.o
                0x08027888                UnityConcludeTest
 .text.UnityAddMsgIfSpecified
                0x080278f8       0x68 Src\unity.o
 .text.UnityAssertEqualNumber
                0x08027960       0x78 Src\unity.o
                0x08027960                UnityAssertEqualNumber
 .text.UnityDefaultTestRun
                0x080279d8       0x68 Src\unity.o
                0x080279d8                UnityDefaultTestRun
 .text.UnityBegin
                0x08027a40       0x54 Src\unity.o
                0x08027a40                UnityBegin
 .text.UnityEnd
                0x08027a94       0xc0 Src\unity.o
                0x08027a94                UnityEnd
 .text.MX_UART5_Init
                0x08027b54       0x58 Src\usart.o
                0x08027b54                MX_UART5_Init
 .text.MX_USART1_UART_Init
                0x08027bac       0x54 Src\usart.o
                0x08027bac                MX_USART1_UART_Init
 .text.HAL_UART_MspInit
                0x08027c00      0x22c Src\usart.o
                0x08027c00                HAL_UART_MspInit
 .text.Web_thread
                0x08027e2c      0x318 Src\web_server.o
                0x08027e2c                Web_thread
 .text.Reset_Handler
                0x08028144       0x50 startup\startup_stm32f407xx.o
                0x08028144                Reset_Handler
 .text.Default_Handler
                0x08028194        0x2 startup\startup_stm32f407xx.o
                0x08028194                RTC_Alarm_IRQHandler
                0x08028194                HASH_RNG_IRQHandler
                0x08028194                EXTI2_IRQHandler
                0x08028194                TIM8_CC_IRQHandler
                0x08028194                TIM1_CC_IRQHandler
                0x08028194                DMA2_Stream5_IRQHandler
                0x08028194                DMA1_Stream5_IRQHandler
                0x08028194                PVD_IRQHandler
                0x08028194                SDIO_IRQHandler
                0x08028194                TAMP_STAMP_IRQHandler
                0x08028194                CAN2_RX1_IRQHandler
                0x08028194                EXTI3_IRQHandler
                0x08028194                TIM8_TRG_COM_TIM14_IRQHandler
                0x08028194                I2C3_ER_IRQHandler
                0x08028194                EXTI0_IRQHandler
                0x08028194                I2C2_EV_IRQHandler
                0x08028194                DMA1_Stream2_IRQHandler
                0x08028194                CAN1_RX0_IRQHandler
                0x08028194                FPU_IRQHandler
                0x08028194                OTG_HS_WKUP_IRQHandler
                0x08028194                CAN2_SCE_IRQHandler
                0x08028194                DMA2_Stream2_IRQHandler
                0x08028194                SPI1_IRQHandler
                0x08028194                TIM6_DAC_IRQHandler
                0x08028194                TIM1_BRK_TIM9_IRQHandler
                0x08028194                DCMI_IRQHandler
                0x08028194                CAN2_RX0_IRQHandler
                0x08028194                DMA2_Stream3_IRQHandler
                0x08028194                USART6_IRQHandler
                0x08028194                USART3_IRQHandler
                0x08028194                CAN1_RX1_IRQHandler
                0x08028194                DMA2_Stream0_IRQHandler
                0x08028194                TIM4_IRQHandler
                0x08028194                I2C1_EV_IRQHandler
                0x08028194                DMA1_Stream6_IRQHandler
                0x08028194                DMA1_Stream1_IRQHandler
                0x08028194                UART4_IRQHandler
                0x08028194                TIM3_IRQHandler
                0x08028194                RCC_IRQHandler
                0x08028194                TIM8_BRK_TIM12_IRQHandler
                0x08028194                Default_Handler
                0x08028194                EXTI15_10_IRQHandler
                0x08028194                ADC_IRQHandler
                0x08028194                CAN2_TX_IRQHandler
                0x08028194                TIM5_IRQHandler
                0x08028194                I2C3_EV_IRQHandler
                0x08028194                EXTI9_5_IRQHandler
                0x08028194                RTC_WKUP_IRQHandler
                0x08028194                ETH_WKUP_IRQHandler
                0x08028194                SPI2_IRQHandler
                0x08028194                OTG_HS_EP1_IN_IRQHandler
                0x08028194                DMA1_Stream0_IRQHandler
                0x08028194                CAN1_TX_IRQHandler
                0x08028194                EXTI4_IRQHandler
                0x08028194                FSMC_IRQHandler
                0x08028194                OTG_HS_EP1_OUT_IRQHandler
                0x08028194                WWDG_IRQHandler
                0x08028194                TIM2_IRQHandler
                0x08028194                OTG_FS_WKUP_IRQHandler
                0x08028194                TIM1_TRG_COM_TIM11_IRQHandler
                0x08028194                OTG_HS_IRQHandler
                0x08028194                EXTI1_IRQHandler
                0x08028194                USART2_IRQHandler
                0x08028194                I2C2_ER_IRQHandler
                0x08028194                DMA2_Stream1_IRQHandler
                0x08028194                CAN1_SCE_IRQHandler
                0x08028194                FLASH_IRQHandler
                0x08028194                DMA2_Stream4_IRQHandler