stm32f4xx_hal_eth.c:1863:13:ETH_MACAddressConfig	0	static
stm32f4xx_hal_eth.c:1970:13:ETH_DMATransmissionEnable	0	static
stm32f4xx_hal_eth.c:1982:13:ETH_DMATransmissionDisable	0	static
stm32f4xx_hal_eth.c:1994:13:ETH_DMAReceptionEnable	0	static
stm32f4xx_hal_eth.c:2006:13:ETH_DMAReceptionDisable	0	static
stm32f4xx_hal_eth.c:2037:13:ETH_Delay	8	static
stm32f4xx_hal_eth.c:1890:13:ETH_MACTransmissionEnable	16	static
stm32f4xx_hal_eth.c:1930:13:ETH_MACReceptionEnable	16	static
stm32f4xx_hal_eth.c:2018:13:ETH_FlushTransmitFIFO	24	static
stm32f4xx_hal_eth.c:1950:13:ETH_MACReceptionDisable	16	static
stm32f4xx_hal_eth.c:1910:13:ETH_MACTransmissionDisable	16	static
stm32f4xx_hal_eth.c:1600:13:ETH_MACDMAConfig	136	static
stm32f4xx_hal_eth.c:477:19:HAL_ETH_DMATxDescListInit	16	static
stm32f4xx_hal_eth.c:544:19:HAL_ETH_DMARxDescListInit	16	static
stm32f4xx_hal_eth.c:611:13:HAL_ETH_MspInit	0	static
stm32f4xx_hal_eth.c:626:13:HAL_ETH_MspDeInit	0	static
stm32f4xx_hal_eth.c:450:19:HAL_ETH_DeInit	8	static
stm32f4xx_hal_eth.c:669:19:HAL_ETH_TransmitFrame	8	static
stm32f4xx_hal_eth.c:782:19:HAL_ETH_GetReceivedFrame	0	static
stm32f4xx_hal_eth.c:862:19:HAL_ETH_GetReceivedFrame_IT	0	static
stm32f4xx_hal_eth.c:1007:13:HAL_ETH_TxCpltCallback	0	static
stm32f4xx_hal_eth.c:1022:13:HAL_ETH_RxCpltCallback	0	static
stm32f4xx_hal_eth.c:1037:13:HAL_ETH_ErrorCallback	0	static
stm32f4xx_hal_eth.c:947:6:HAL_ETH_IRQHandler	8	static
stm32f4xx_hal_eth.c:1058:19:HAL_ETH_ReadPHYRegister	24	static
stm32f4xx_hal_eth.c:1130:19:HAL_ETH_WritePHYRegister	16	static
stm32f4xx_hal_eth.c:178:19:HAL_ETH_Init	24	static
stm32f4xx_hal_eth.c:1222:19:HAL_ETH_Start	16	static
stm32f4xx_hal_eth.c:1261:19:HAL_ETH_Stop	16	static
stm32f4xx_hal_eth.c:1301:19:HAL_ETH_ConfigMAC	16	static
stm32f4xx_hal_eth.c:1468:19:HAL_ETH_ConfigDMA	24	static
stm32f4xx_hal_eth.c:1575:22:HAL_ETH_GetState	0	static
