stm32f4xx_it.c:93:6:NMI_Handler	4	static
stm32f4xx_it.c:106:6:HardFault_Handler	4	static
stm32f4xx_it.c:121:6:MemManage_Handler	4	static
stm32f4xx_it.c:136:6:BusFault_Handler	4	static
stm32f4xx_it.c:151:6:UsageFault_Handler	4	static
stm32f4xx_it.c:166:6:DebugMon_Handler	4	static
stm32f4xx_it.c:186:6:TIM1_UP_TIM10_IRQHandler	8	static
stm32f4xx_it.c:200:6:USART1_IRQHandler	8	static
stm32f4xx_it.c:214:6:TIM8_UP_TIM13_IRQHandler	8	static
stm32f4xx_it.c:228:6:UART5_IRQHandler	8	static
stm32f4xx_it.c:242:6:TIM7_IRQHandler	8	static
stm32f4xx_it.c:256:6:ETH_IRQHandler	8	static
stm32f4xx_it.c:270:6:DMA2_Stream7_IRQHandler	8	static
