syscalls.c:68:6:initialise_monitor_handles	0	static
syscalls.c:71:5:_getpid	0	static
syscalls.c:75:5:_kill	0	static
syscalls.c:80:6:_exit	0	static
syscalls.c:86:5:_read	16	static
syscalls.c:96:5:_write	8	static
syscalls.c:103:9:_sbrk	0	static
syscalls.c:124:5:_close	0	static
syscalls.c:128:5:_fstat	0	static
syscalls.c:133:5:_isatty	0	static
syscalls.c:137:5:_lseek	0	static
syscalls.c:141:5:_open	0	static
syscalls.c:146:5:_wait	0	static
syscalls.c:151:5:_unlink	0	static
syscalls.c:156:5:_times	0	static
syscalls.c:160:5:_stat	0	static
syscalls.c:165:5:_link	0	static
syscalls.c:170:5:_fork	0	static
syscalls.c:175:5:_execve	0	static
